
 /----------------------------------------------------------------------------\
 |                                                                            |
 |  yosys -- Yosys Open SYnthesis Suite                                       |
 |                                                                            |
 |  Copyright (C) 2012 - 2020  Claire Xenia Wolf <claire@yosyshq.com>         |
 |                                                                            |
 |  Permission to use, copy, modify, and/or distribute this software for any  |
 |  purpose with or without fee is hereby granted, provided that the above    |
 |  copyright notice and this permission notice appear in all copies.         |
 |                                                                            |
 |  THE SOFTWARE IS PROVIDED "AS IS" AND THE AUTHOR DISCLAIMS ALL WARRANTIES  |
 |  WITH REGARD TO THIS SOFTWARE INCLUDING ALL IMPLIED WARRANTIES OF          |
 |  MERCHANTABILITY AND FITNESS. IN NO EVENT SHALL THE AUTHOR BE LIABLE FOR   |
 |  ANY SPECIAL, DIRECT, INDIRECT, OR CONSEQUENTIAL DAMAGES OR ANY DAMAGES    |
 |  WHATSOEVER RESULTING FROM LOSS OF USE, DATA OR PROFITS, WHETHER IN AN     |
 |  ACTION OF CONTRACT, NEGLIGENCE OR OTHER TORTIOUS ACTION, ARISING OUT OF   |
 |  OR IN CONNECTION WITH THE USE OR PERFORMANCE OF THIS SOFTWARE.            |
 |                                                                            |
 \----------------------------------------------------------------------------/

 Yosys 0.33 (git sha1 2584903a060)


-- Running command `read_verilog -sv rtl/demo_add.v rtl/requant.v rtl/requant_p2.v; hierarchy -top requant; synth -flatten -top requant; dfflegalize -cell $_DFF_P_ x; dfflibmap -liberty lib/toy.lib; abc -liberty lib/toy.lib; opt_clean -purge; tee -o out/b_requant_stat.txt stat -liberty lib/toy.lib; write_verilog -noattr out/b_requant_net.v; write_json out/b_requant_net.json' --

1. Executing Verilog-2005 frontend: rtl/demo_add.v
Parsing SystemVerilog input from `rtl/demo_add.v' to AST representation.
Generating RTLIL representation for module `\demo_add'.
Generating RTLIL representation for module `\demo_ripple'.
Generating RTLIL representation for module `\demo_kogge'.
Successfully finished Verilog frontend.

2. Executing Verilog-2005 frontend: rtl/requant.v
Parsing SystemVerilog input from `rtl/requant.v' to AST representation.
Generating RTLIL representation for module `\requant'.
Successfully finished Verilog frontend.

3. Executing Verilog-2005 frontend: rtl/requant_p2.v
Parsing SystemVerilog input from `rtl/requant_p2.v' to AST representation.
Generating RTLIL representation for module `\rq_stage1'.
Generating RTLIL representation for module `\rq_stage2'.
Generating RTLIL representation for module `\requant_p2'.
Generating RTLIL representation for module `\rq_stage2k'.
Generating RTLIL representation for module `\requant_p2k'.
Successfully finished Verilog frontend.

4. Executing HIERARCHY pass (managing design hierarchy).

4.1. Analyzing design hierarchy..
Top module:  \requant

4.2. Analyzing design hierarchy..
Top module:  \requant
Removing unused module `\requant_p2k'.
Removing unused module `\rq_stage2k'.
Removing unused module `\requant_p2'.
Removing unused module `\rq_stage2'.
Removing unused module `\rq_stage1'.
Removing unused module `\demo_kogge'.
Removing unused module `\demo_ripple'.
Removing unused module `\demo_add'.
Removed 8 unused modules.

5. Executing SYNTH pass.

5.1. Executing HIERARCHY pass (managing design hierarchy).

5.1.1. Analyzing design hierarchy..
Top module:  \requant

5.1.2. Analyzing design hierarchy..
Top module:  \requant
Removed 0 unused modules.

5.2. Executing PROC pass (convert processes to netlists).

5.2.1. Executing PROC_CLEAN pass (remove empty switches from decision trees).
Cleaned up 0 empty switches.

5.2.2. Executing PROC_RMDEAD pass (remove dead branches from decision trees).
Removed a total of 0 dead cases.

5.2.3. Executing PROC_PRUNE pass (remove redundant assignments in processes).
Removed 0 redundant assignments.
Promoted 0 assignments to connections.

5.2.4. Executing PROC_INIT pass (extract init attributes).

5.2.5. Executing PROC_ARST pass (detect async resets in processes).

5.2.6. Executing PROC_ROM pass (convert switches to ROMs).
Converted 0 switches.

5.2.7. Executing PROC_MUX pass (convert decision trees to multiplexers).

5.2.8. Executing PROC_DLATCH pass (convert process syncs to latches).

5.2.9. Executing PROC_DFF pass (convert process syncs to FFs).

5.2.10. Executing PROC_MEMWR pass (convert process memory writes to cells).

5.2.11. Executing PROC_CLEAN pass (remove empty switches from decision trees).
Cleaned up 0 empty switches.

5.2.12. Executing OPT_EXPR pass (perform const folding).
Optimizing module requant.
<suppressed ~1 debug messages>

5.3. Executing FLATTEN pass (flatten design).

5.4. Executing OPT_EXPR pass (perform const folding).
Optimizing module requant.

5.5. Executing OPT_CLEAN pass (remove unused cells and wires).
Finding unused cells or wires in module \requant..
Removed 0 unused cells and 8 unused wires.
<suppressed ~1 debug messages>

5.6. Executing CHECK pass (checking for obvious problems).
Checking module requant...
Found and reported 0 problems.

5.7. Executing OPT pass (performing simple optimizations).

5.7.1. Executing OPT_EXPR pass (perform const folding).
Optimizing module requant.

5.7.2. Executing OPT_MERGE pass (detect identical cells).
Finding identical cells in module `\requant'.
Removed a total of 0 cells.

5.7.3. Executing OPT_MUXTREE pass (detect dead branches in mux trees).
Running muxtree optimizer on module \requant..
  Creating internal representation of mux trees.
  Evaluating internal representation of mux trees.
      Replacing known input bits on port A of cell $ternary$rtl/requant.v:7$113: \acc -> { 1'0 \acc [30:0] }
  Analyzing evaluation results.
Removed 0 multiplexer ports.
<suppressed ~5 debug messages>

5.7.4. Executing OPT_REDUCE pass (consolidate $*mux and $reduce_* inputs).
  Optimizing cells in module \requant.
Performed a total of 0 changes.

5.7.5. Executing OPT_MERGE pass (detect identical cells).
Finding identical cells in module `\requant'.
Removed a total of 0 cells.

5.7.6. Executing OPT_DFF pass (perform DFF optimizations).

5.7.7. Executing OPT_CLEAN pass (remove unused cells and wires).
Finding unused cells or wires in module \requant..

5.7.8. Executing OPT_EXPR pass (perform const folding).
Optimizing module requant.

5.7.9. Finished OPT passes. (There is nothing left to do.)

5.8. Executing FSM pass (extract and optimize FSM).

5.8.1. Executing FSM_DETECT pass (finding FSMs in design).

5.8.2. Executing FSM_EXTRACT pass (extracting FSM from design).

5.8.3. Executing FSM_OPT pass (simple optimizations of FSMs).

5.8.4. Executing OPT_CLEAN pass (remove unused cells and wires).
Finding unused cells or wires in module \requant..

5.8.5. Executing FSM_OPT pass (simple optimizations of FSMs).

5.8.6. Executing FSM_RECODE pass (re-assigning FSM state encoding).

5.8.7. Executing FSM_INFO pass (dumping all available information on FSM cells).

5.8.8. Executing FSM_MAP pass (mapping FSMs to basic logic).

5.9. Executing OPT pass (performing simple optimizations).

5.9.1. Executing OPT_EXPR pass (perform const folding).
Optimizing module requant.

5.9.2. Executing OPT_MERGE pass (detect identical cells).
Finding identical cells in module `\requant'.
Removed a total of 0 cells.

5.9.3. Executing OPT_MUXTREE pass (detect dead branches in mux trees).
Running muxtree optimizer on module \requant..
  Creating internal representation of mux trees.
  Evaluating internal representation of mux trees.
  Analyzing evaluation results.
Removed 0 multiplexer ports.
<suppressed ~5 debug messages>

5.9.4. Executing OPT_REDUCE pass (consolidate $*mux and $reduce_* inputs).
  Optimizing cells in module \requant.
Performed a total of 0 changes.

5.9.5. Executing OPT_MERGE pass (detect identical cells).
Finding identical cells in module `\requant'.
Removed a total of 0 cells.

5.9.6. Executing OPT_DFF pass (perform DFF optimizations).

5.9.7. Executing OPT_CLEAN pass (remove unused cells and wires).
Finding unused cells or wires in module \requant..

5.9.8. Executing OPT_EXPR pass (perform const folding).
Optimizing module requant.

5.9.9. Finished OPT passes. (There is nothing left to do.)

5.10. Executing WREDUCE pass (reducing word size of cells).
Removed top 31 bits (of 32) from port B of cell requant.$add$rtl/requant.v:7$112 ($add).
Removed top 5 bits (of 6) from port B of cell requant.$sub$rtl/requant.v:9$116 ($sub).
Removed top 55 bits (of 56) from port A of cell requant.$shl$rtl/requant.v:9$117 ($shl).
Removed top 1 bits (of 57) from port A of cell requant.$add$rtl/requant.v:10$119 ($add).
Removed top 1 bits (of 57) from port B of cell requant.$add$rtl/requant.v:10$119 ($add).
Removed top 50 bits (of 57) from port B of cell requant.$gt$rtl/requant.v:13$121 ($gt).
Converting cell requant.$neg$rtl/requant.v:14$123 ($neg) from signed to unsigned.
Removed top 1 bits (of 8) from port A of cell requant.$neg$rtl/requant.v:14$123 ($neg).

5.11. Executing PEEPOPT pass (run peephole optimizers).

5.12. Executing OPT_CLEAN pass (remove unused cells and wires).
Finding unused cells or wires in module \requant..

5.13. Executing ALUMACC pass (create $alu and $macc cells).
Extracting $alu and $macc cells in module requant:
  creating $macc model for $add$rtl/requant.v:10$119 ($add).
  creating $macc model for $add$rtl/requant.v:7$112 ($add).
  creating $macc model for $mul$rtl/requant.v:8$114 ($mul).
  creating $macc model for $neg$rtl/requant.v:14$123 ($neg).
  creating $macc model for $sub$rtl/requant.v:9$116 ($sub).
  merging $macc model for $mul$rtl/requant.v:8$114 into $add$rtl/requant.v:10$119.
  creating $alu model for $macc $neg$rtl/requant.v:14$123.
  creating $alu model for $macc $sub$rtl/requant.v:9$116.
  creating $alu model for $macc $add$rtl/requant.v:7$112.
  creating $macc cell for $add$rtl/requant.v:10$119: $auto$alumacc.cc:365:replace_macc$156
  creating $alu model for $gt$rtl/requant.v:13$121 ($gt): new $alu
  creating $alu cell for $gt$rtl/requant.v:13$121: $auto$alumacc.cc:485:replace_alu$158
  creating $alu cell for $add$rtl/requant.v:7$112: $auto$alumacc.cc:485:replace_alu$163
  creating $alu cell for $sub$rtl/requant.v:9$116: $auto$alumacc.cc:485:replace_alu$166
  creating $alu cell for $neg$rtl/requant.v:14$123: $auto$alumacc.cc:485:replace_alu$169
  created 4 $alu and 1 $macc cells.

5.14. Executing SHARE pass (SAT-based resource sharing).
Found 3 cells in module requant that may be considered for resource sharing.
  Analyzing resource sharing options for $shr$rtl/requant.v:11$120 ($shr):
    Cell is always active. Therefore no sharing is possible.
  Analyzing resource sharing options for $shl$rtl/requant.v:9$117 ($shl):
    Found 2 activation_patterns using ctrl signal { $auto$rtlil.cc:2401:Not$162 $eq$rtl/requant.v:9$115_Y }.
    No candidates found.
  Analyzing resource sharing options for $mul$rtl/requant.v:8$114 ($mul):
    Found cell that is never activated: $mul$rtl/requant.v:8$114
    Cell is never active. Sharing is pointless, we simply remove it.
Removing 1 cells in module requant:
  Removing cell $mul$rtl/requant.v:8$114 ($mul).

5.15. Executing OPT pass (performing simple optimizations).

5.15.1. Executing OPT_EXPR pass (perform const folding).
Optimizing module requant.
<suppressed ~1 debug messages>

5.15.2. Executing OPT_MERGE pass (detect identical cells).
Finding identical cells in module `\requant'.
Removed a total of 0 cells.

5.15.3. Executing OPT_MUXTREE pass (detect dead branches in mux trees).
Running muxtree optimizer on module \requant..
  Creating internal representation of mux trees.
  Evaluating internal representation of mux trees.
  Analyzing evaluation results.
Removed 0 multiplexer ports.
<suppressed ~5 debug messages>

5.15.4. Executing OPT_REDUCE pass (consolidate $*mux and $reduce_* inputs).
  Optimizing cells in module \requant.
Performed a total of 0 changes.

5.15.5. Executing OPT_MERGE pass (detect identical cells).
Finding identical cells in module `\requant'.
Removed a total of 0 cells.

5.15.6. Executing OPT_DFF pass (perform DFF optimizations).

5.15.7. Executing OPT_CLEAN pass (remove unused cells and wires).
Finding unused cells or wires in module \requant..
Removed 1 unused cells and 2 unused wires.
<suppressed ~2 debug messages>

5.15.8. Executing OPT_EXPR pass (perform const folding).
Optimizing module requant.

5.15.9. Rerunning OPT passes. (Maybe there is more to do..)

5.15.10. Executing OPT_MUXTREE pass (detect dead branches in mux trees).
Running muxtree optimizer on module \requant..
  Creating internal representation of mux trees.
  Evaluating internal representation of mux trees.
  Analyzing evaluation results.
Removed 0 multiplexer ports.
<suppressed ~5 debug messages>

5.15.11. Executing OPT_REDUCE pass (consolidate $*mux and $reduce_* inputs).
  Optimizing cells in module \requant.
Performed a total of 0 changes.

5.15.12. Executing OPT_MERGE pass (detect identical cells).
Finding identical cells in module `\requant'.
Removed a total of 0 cells.

5.15.13. Executing OPT_DFF pass (perform DFF optimizations).

5.15.14. Executing OPT_CLEAN pass (remove unused cells and wires).
Finding unused cells or wires in module \requant..

5.15.15. Executing OPT_EXPR pass (perform const folding).
Optimizing module requant.

5.15.16. Finished OPT passes. (There is nothing left to do.)

5.16. Executing MEMORY pass.

5.16.1. Executing OPT_MEM pass (optimize memories).
Performed a total of 0 transformations.

5.16.2. Executing OPT_MEM_PRIORITY pass (removing unnecessary memory write priority relations).
Performed a total of 0 transformations.

5.16.3. Executing OPT_MEM_FEEDBACK pass (finding memory read-to-write feedback paths).

5.16.4. Executing MEMORY_BMUX2ROM pass (converting muxes to ROMs).

5.16.5. Executing MEMORY_DFF pass (merging $dff cells to $memrd).

5.16.6. Executing OPT_CLEAN pass (remove unused cells and wires).
Finding unused cells or wires in module \requant..

5.16.7. Executing MEMORY_SHARE pass (consolidating $memrd/$memwr cells).

5.16.8. Executing OPT_MEM_WIDEN pass (optimize memories where all ports are wide).
Performed a total of 0 transformations.

5.16.9. Executing OPT_CLEAN pass (remove unused cells and wires).
Finding unused cells or wires in module \requant..

5.16.10. Executing MEMORY_COLLECT pass (generating $mem cells).

5.17. Executing OPT_CLEAN pass (remove unused cells and wires).
Finding unused cells or wires in module \requant..

5.18. Executing OPT pass (performing simple optimizations).

5.18.1. Executing OPT_EXPR pass (perform const folding).
Optimizing module requant.
<suppressed ~1 debug messages>

5.18.2. Executing OPT_MERGE pass (detect identical cells).
Finding identical cells in module `\requant'.
Removed a total of 0 cells.

5.18.3. Executing OPT_DFF pass (perform DFF optimizations).

5.18.4. Executing OPT_CLEAN pass (remove unused cells and wires).
Finding unused cells or wires in module \requant..
Removed 7 unused cells and 7 unused wires.
<suppressed ~8 debug messages>

5.18.5. Finished fast OPT passes.

5.19. Executing MEMORY_MAP pass (converting memories to logic and flip-flops).

5.20. Executing OPT pass (performing simple optimizations).

5.20.1. Executing OPT_EXPR pass (perform const folding).
Optimizing module requant.

5.20.2. Executing OPT_MERGE pass (detect identical cells).
Finding identical cells in module `\requant'.
Removed a total of 0 cells.

5.20.3. Executing OPT_MUXTREE pass (detect dead branches in mux trees).
Running muxtree optimizer on module \requant..
  Creating internal representation of mux trees.
  Evaluating internal representation of mux trees.
  Analyzing evaluation results.
Removed 0 multiplexer ports.
<suppressed ~5 debug messages>

5.20.4. Executing OPT_REDUCE pass (consolidate $*mux and $reduce_* inputs).
  Optimizing cells in module \requant.
Performed a total of 0 changes.

5.20.5. Executing OPT_MERGE pass (detect identical cells).
Finding identical cells in module `\requant'.
Removed a total of 0 cells.

5.20.6. Executing OPT_SHARE pass.

5.20.7. Executing OPT_DFF pass (perform DFF optimizations).

5.20.8. Executing OPT_CLEAN pass (remove unused cells and wires).
Finding unused cells or wires in module \requant..

5.20.9. Executing OPT_EXPR pass (perform const folding).
Optimizing module requant.

5.20.10. Finished OPT passes. (There is nothing left to do.)

5.21. Executing TECHMAP pass (map to technology primitives).

5.21.1. Executing Verilog-2005 frontend: /usr/bin/../share/yosys/techmap.v
Parsing Verilog input from `/usr/bin/../share/yosys/techmap.v' to AST representation.
Generating RTLIL representation for module `\_90_simplemap_bool_ops'.
Generating RTLIL representation for module `\_90_simplemap_reduce_ops'.
Generating RTLIL representation for module `\_90_simplemap_logic_ops'.
Generating RTLIL representation for module `\_90_simplemap_compare_ops'.
Generating RTLIL representation for module `\_90_simplemap_various'.
Generating RTLIL representation for module `\_90_simplemap_registers'.
Generating RTLIL representation for module `\_90_shift_ops_shr_shl_sshl_sshr'.
Generating RTLIL representation for module `\_90_shift_shiftx'.
Generating RTLIL representation for module `\_90_fa'.
Generating RTLIL representation for module `\_90_lcu'.
Generating RTLIL representation for module `\_90_alu'.
Generating RTLIL representation for module `\_90_macc'.
Generating RTLIL representation for module `\_90_alumacc'.
Generating RTLIL representation for module `\$__div_mod_u'.
Generating RTLIL representation for module `\$__div_mod_trunc'.
Generating RTLIL representation for module `\_90_div'.
Generating RTLIL representation for module `\_90_mod'.
Generating RTLIL representation for module `\$__div_mod_floor'.
Generating RTLIL representation for module `\_90_divfloor'.
Generating RTLIL representation for module `\_90_modfloor'.
Generating RTLIL representation for module `\_90_pow'.
Generating RTLIL representation for module `\_90_pmux'.
Generating RTLIL representation for module `\_90_demux'.
Generating RTLIL representation for module `\_90_lut'.
Successfully finished Verilog frontend.

5.21.2. Continuing TECHMAP pass.
Using extmapper simplemap for cells of type $not.
Using template $paramod$a04dd9d4d8b430140c4ff94b50470fb380fda2a0\_90_alu for cells of type $alu.
Using extmapper simplemap for cells of type $mux.
Using extmapper simplemap for cells of type $logic_not.
Using template $paramod$c9d98d2d0793a6d8797b9c088dbedb26a7be7121\_90_alu for cells of type $alu.
Using template $paramod$constmap:cc1228abbe79c96bcec4e792e251eee53e5e0e20$paramod$3db80fb83f6f80ae1f917276f15cabee7c59542e\_90_shift_ops_shr_shl_sshl_sshr for cells of type $shl.
Using template $paramod$constmap:3763da8df22caeb9bb140b32f51ce71ccd883ea1$paramod$726267894d6f60d827aea2badc71285548deb07f\_90_shift_ops_shr_shl_sshl_sshr for cells of type $shr.
Using template $paramod$6a42b6fefed750f8a1c58eab59479d960557103c\_90_alu for cells of type $alu.
Using template $paramod$e5fd9f673f47dbb5739c87bf382b22e808c83a1e\_90_alu for cells of type $alu.
Using extmapper simplemap for cells of type $logic_and.
Using extmapper maccmap for cells of type $macc.
  add \mag * \m (32x24 bits, unsigned)
  add \half (56 bits, unsigned)
Using extmapper simplemap for cells of type $and.
Using extmapper simplemap for cells of type $xor.
Using extmapper simplemap for cells of type $pos.
Using template $paramod\_90_lcu\WIDTH=32'00000000000000000000000000000110 for cells of type $lcu.
Using template $paramod\_90_lcu\WIDTH=32'00000000000000000000000000001000 for cells of type $lcu.
Using template $paramod\_90_lcu\WIDTH=32'00000000000000000000000000100000 for cells of type $lcu.
Using template $paramod\_90_lcu\WIDTH=32'00000000000000000000000000110010 for cells of type $lcu.
Using template $paramod\_90_fa\WIDTH=32'00000000000000000000000000111001 for cells of type $fa.
Using template $paramod$4390e028a81f9e6104c535750c1d54408f037fd9\_90_alu for cells of type $alu.
Using extmapper simplemap for cells of type $or.
Using template $paramod\_90_lcu\WIDTH=32'00000000000000000000000000111001 for cells of type $lcu.
No more expansions possible.
<suppressed ~3269 debug messages>

5.22. Executing OPT pass (performing simple optimizations).

5.22.1. Executing OPT_EXPR pass (perform const folding).
Optimizing module requant.
<suppressed ~4101 debug messages>

5.22.2. Executing OPT_MERGE pass (detect identical cells).
Finding identical cells in module `\requant'.
Removed a total of 0 cells.

5.22.3. Executing OPT_DFF pass (perform DFF optimizations).

5.22.4. Executing OPT_CLEAN pass (remove unused cells and wires).
Finding unused cells or wires in module \requant..
Removed 159 unused cells and 645 unused wires.
<suppressed ~160 debug messages>

5.22.5. Finished fast OPT passes.

5.23. Executing ABC pass (technology mapping using ABC).

5.23.1. Extracting gate netlist of module `\requant' to `<abc-temp-dir>/input.blif'..
Extracted 5780 gates and 5845 wires to a netlist network with 63 inputs and 8 outputs.

5.23.1.1. Executing ABC.
Running ABC command: "<yosys-exe-dir>/yosys-abc" -s -f <abc-temp-dir>/abc.script 2>&1
ABC: ABC command line: "source <abc-temp-dir>/abc.script".
ABC: 
ABC: + read_blif <abc-temp-dir>/input.blif 
ABC: + read_library <abc-temp-dir>/stdcells.genlib 
ABC: Entered genlib library with 13 gates from file "<abc-temp-dir>/stdcells.genlib".
ABC: + strash 
ABC: + dretime 
ABC: + map 
ABC: + write_blif <abc-temp-dir>/output.blif 

5.23.1.2. Re-integrating ABC results.
ABC RESULTS:              NAND cells:      190
ABC RESULTS:               NOR cells:      162
ABC RESULTS:              XNOR cells:      401
ABC RESULTS:               NOT cells:      166
ABC RESULTS:             ORNOT cells:      124
ABC RESULTS:               AND cells:       67
ABC RESULTS:                OR cells:      809
ABC RESULTS:               XOR cells:     1285
ABC RESULTS:               MUX cells:      338
ABC RESULTS:            ANDNOT cells:     2334
ABC RESULTS:        internal signals:     5774
ABC RESULTS:           input signals:       63
ABC RESULTS:          output signals:        8
Removing temp directory.

5.24. Executing OPT pass (performing simple optimizations).

5.24.1. Executing OPT_EXPR pass (perform const folding).
Optimizing module requant.
<suppressed ~46 debug messages>

5.24.2. Executing OPT_MERGE pass (detect identical cells).
Finding identical cells in module `\requant'.
<suppressed ~6 debug messages>
Removed a total of 2 cells.

5.24.3. Executing OPT_DFF pass (perform DFF optimizations).

5.24.4. Executing OPT_CLEAN pass (remove unused cells and wires).
Finding unused cells or wires in module \requant..
Removed 2 unused cells and 502 unused wires.
<suppressed ~8 debug messages>

5.24.5. Finished fast OPT passes.

5.25. Executing HIERARCHY pass (managing design hierarchy).

5.25.1. Analyzing design hierarchy..
Top module:  \requant

5.25.2. Analyzing design hierarchy..
Top module:  \requant
Removed 0 unused modules.

5.26. Printing statistics.

=== requant ===

   Number of wires:               5873
   Number of wire bits:           6081
   Number of public wires:           9
   Number of public wire bits:     217
   Number of memories:               0
   Number of memory bits:            0
   Number of processes:              0
   Number of cells:               5872
     $_ANDNOT_                    2334
     $_AND_                         67
     $_MUX_                        338
     $_NAND_                       190
     $_NOR_                        160
     $_NOT_                        164
     $_ORNOT_                      124
     $_OR_                         809
     $_XNOR_                       401
     $_XOR_                       1285

5.27. Executing CHECK pass (checking for obvious problems).
Checking module requant...
Found and reported 0 problems.

6. Executing DFFLEGALIZE pass (convert FFs to types supported by the target).

7. Executing DFFLIBMAP pass (mapping DFF cells to sequential cells from liberty file).
  cell DFF (noninv, pins=3, area=5.00) is a direct match for cell type $_DFF_P_.
  final dff cell mappings:
    unmapped dff cell: $_DFF_N_
    \DFF _DFF_P_ (.CK( C), .D( D), .Q( Q));
    unmapped dff cell: $_DFF_NN0_
    unmapped dff cell: $_DFF_NN1_
    unmapped dff cell: $_DFF_NP0_
    unmapped dff cell: $_DFF_NP1_
    unmapped dff cell: $_DFF_PN0_
    unmapped dff cell: $_DFF_PN1_
    unmapped dff cell: $_DFF_PP0_
    unmapped dff cell: $_DFF_PP1_
    unmapped dff cell: $_DFFSR_NNN_
    unmapped dff cell: $_DFFSR_NNP_
    unmapped dff cell: $_DFFSR_NPN_
    unmapped dff cell: $_DFFSR_NPP_
    unmapped dff cell: $_DFFSR_PNN_
    unmapped dff cell: $_DFFSR_PNP_
    unmapped dff cell: $_DFFSR_PPN_
    unmapped dff cell: $_DFFSR_PPP_

7.1. Executing DFFLEGALIZE pass (convert FFs to types supported by the target).
Mapping DFF cells in module `\requant':

8. Executing ABC pass (technology mapping using ABC).

8.1. Extracting gate netlist of module `\requant' to `<abc-temp-dir>/input.blif'..
Extracted 5872 gates and 5935 wires to a netlist network with 63 inputs and 8 outputs.

8.1.1. Executing ABC.
Running ABC command: "<yosys-exe-dir>/yosys-abc" -s -f <abc-temp-dir>/abc.script 2>&1
ABC: ABC command line: "source <abc-temp-dir>/abc.script".
ABC: 
ABC: + read_blif <abc-temp-dir>/input.blif 
ABC: + read_lib -w /home/user/unix_os_from_scratch/silicon_compiler_from_scratch/lib/toy.lib 
ABC: Parsing finished successfully.  Parsing time =     0.00 sec
ABC: Warning: Templates are not defined.
ABC: Scl_LibertyReadGenlib() skipped sequential cell "DFF".
ABC: Library "toy" from "/home/user/unix_os_from_scratch/silicon_compiler_from_scratch/lib/toy.lib" has 13 cells (1 skipped: 1 seq; 0 tri-state; 0 no func; 0 dont_use).  Time =     0.00 sec
ABC: Memory =    0.05 MB. Time =     0.00 sec
ABC: + strash 
ABC: + &get -n 
ABC: + &fraig -x 
ABC: + &put 
ABC: + scorr 
ABC: Warning: The network is combinational (run "fraig" or "fraig_sweep").
ABC: + dc2 
ABC: + dretime 
ABC: + strash 
ABC: + &get -n 
ABC: + &dch -f 
ABC: + &nf 
ABC: + &put 
ABC: + write_blif <abc-temp-dir>/output.blif 

8.1.2. Re-integrating ABC results.
ABC RESULTS:               OR2 cells:      125
ABC RESULTS:              NOR3 cells:       88
ABC RESULTS:              MUX2 cells:      143
ABC RESULTS:               INV cells:      339
ABC RESULTS:             NAND3 cells:      228
ABC RESULTS:             NAND2 cells:     1269
ABC RESULTS:             OAI21 cells:      441
ABC RESULTS:              XOR2 cells:      683
ABC RESULTS:             AOI21 cells:      358
ABC RESULTS:             XNOR2 cells:      919
ABC RESULTS:              AND2 cells:      191
ABC RESULTS:              NOR2 cells:      619
ABC RESULTS:        internal signals:     5864
ABC RESULTS:           input signals:       63
ABC RESULTS:          output signals:        8
Removing temp directory.

9. Executing OPT_CLEAN pass (remove unused cells and wires).
Finding unused cells or wires in module \requant..
Removed 0 unused cells and 5939 unused wires.
<suppressed ~5 debug messages>

10. Printing statistics.

=== requant ===

   Number of wires:               5400
   Number of wire bits:           5466
   Number of public wires:           5
   Number of public wire bits:      71
   Number of memories:               0
   Number of memory bits:            0
   Number of processes:              0
   Number of cells:               5403
     AND2                          191
     AOI21                         358
     INV                           339
     MUX2                          143
     NAND2                        1269
     NAND3                         228
     NOR2                          619
     NOR3                           88
     OAI21                         441
     OR2                           125
     XNOR2                         919
     XOR2                          683

   Chip area for module '\requant': 7880.930000

11. Executing Verilog backend.

11.1. Executing BMUXMAP pass.

11.2. Executing DEMUXMAP pass.
Dumping module `\requant'.

12. Executing JSON backend.

End of script. Logfile hash: bb8b874b8a, CPU: user 1.65s system 0.02s, MEM: 43.80 MB peak
Yosys 0.33 (git sha1 2584903a060)
Time spent: 54% 2x abc (1 sec), 15% 28x opt_expr (0 sec), ...
