
 /----------------------------------------------------------------------------\
 |                                                                            |
 |  yosys -- Yosys Open SYnthesis Suite                                       |
 |                                                                            |
 |  Copyright (C) 2012 - 2020  Claire Xenia Wolf <claire@yosyshq.com>         |
 |                                                                            |
 |  Permission to use, copy, modify, and/or distribute this software for any  |
 |  purpose with or without fee is hereby granted, provided that the above    |
 |  copyright notice and this permission notice appear in all copies.         |
 |                                                                            |
 |  THE SOFTWARE IS PROVIDED "AS IS" AND THE AUTHOR DISCLAIMS ALL WARRANTIES  |
 |  WITH REGARD TO THIS SOFTWARE INCLUDING ALL IMPLIED WARRANTIES OF          |
 |  MERCHANTABILITY AND FITNESS. IN NO EVENT SHALL THE AUTHOR BE LIABLE FOR   |
 |  ANY SPECIAL, DIRECT, INDIRECT, OR CONSEQUENTIAL DAMAGES OR ANY DAMAGES    |
 |  WHATSOEVER RESULTING FROM LOSS OF USE, DATA OR PROFITS, WHETHER IN AN     |
 |  ACTION OF CONTRACT, NEGLIGENCE OR OTHER TORTIOUS ACTION, ARISING OUT OF   |
 |  OR IN CONNECTION WITH THE USE OR PERFORMANCE OF THIS SOFTWARE.            |
 |                                                                            |
 \----------------------------------------------------------------------------/

 Yosys 0.33 (git sha1 2584903a060)


-- Running command `read_verilog -sv -lib rtl/sram.v rtl/rowmem.v; read_verilog -sv rtl/dma.v rtl/systolic.v rtl/requant.v rtl/exp_lut.v rtl/divu.v rtl/ga2_vec.v rtl/ga2_sm.v rtl/ga2_mm.v rtl/ga2.v; hierarchy -top divu; synth -flatten -top divu; dfflegalize -cell $_DFF_P_ x; dfflibmap -liberty lib/toy.lib; abc -liberty lib/toy.lib; opt_clean -purge; tee -o out/divu_stat.txt stat -liberty lib/toy.lib; write_verilog -noattr out/divu_net.v; write_json out/divu_net.json' --

1. Executing Verilog-2005 frontend: rtl/sram.v
Parsing SystemVerilog input from `rtl/sram.v' to AST representation.
Generating RTLIL representation for module `\sram'.
Successfully finished Verilog frontend.

2. Executing Verilog-2005 frontend: rtl/rowmem.v
Parsing SystemVerilog input from `rtl/rowmem.v' to AST representation.
Generating RTLIL representation for module `\rowmem'.
Successfully finished Verilog frontend.

3. Executing Verilog-2005 frontend: rtl/dma.v
Parsing SystemVerilog input from `rtl/dma.v' to AST representation.
Generating RTLIL representation for module `\dma'.
Successfully finished Verilog frontend.

4. Executing Verilog-2005 frontend: rtl/systolic.v
Parsing SystemVerilog input from `rtl/systolic.v' to AST representation.
Generating RTLIL representation for module `\pe'.
Generating RTLIL representation for module `\systolic'.
Successfully finished Verilog frontend.

5. Executing Verilog-2005 frontend: rtl/requant.v
Parsing SystemVerilog input from `rtl/requant.v' to AST representation.
Generating RTLIL representation for module `\requant'.
Successfully finished Verilog frontend.

6. Executing Verilog-2005 frontend: rtl/exp_lut.v
Parsing SystemVerilog input from `rtl/exp_lut.v' to AST representation.
Generating RTLIL representation for module `\exp_lut'.
Successfully finished Verilog frontend.

7. Executing Verilog-2005 frontend: rtl/divu.v
Parsing SystemVerilog input from `rtl/divu.v' to AST representation.
Generating RTLIL representation for module `\divu'.
Successfully finished Verilog frontend.

8. Executing Verilog-2005 frontend: rtl/ga2_vec.v
Parsing SystemVerilog input from `rtl/ga2_vec.v' to AST representation.
Generating RTLIL representation for module `\ga2_st'.
Generating RTLIL representation for module `\ga2_rq'.
Generating RTLIL representation for module `\ga2_vadd'.
Generating RTLIL representation for module `\ga2_amax'.
Generating RTLIL representation for module `\ga2_unp'.
Successfully finished Verilog frontend.

9. Executing Verilog-2005 frontend: rtl/ga2_sm.v
Parsing SystemVerilog input from `rtl/ga2_sm.v' to AST representation.
Generating RTLIL representation for module `\ga2_sm'.
Successfully finished Verilog frontend.

10. Executing Verilog-2005 frontend: rtl/ga2_mm.v
Parsing SystemVerilog input from `rtl/ga2_mm.v' to AST representation.
Generating RTLIL representation for module `\ga2_mm'.
Warning: Replacing memory \b_ra with list of registers. See rtl/ga2_mm.v:26
Warning: Replacing memory \a_ra with list of registers. See rtl/ga2_mm.v:26
Successfully finished Verilog frontend.

11. Executing Verilog-2005 frontend: rtl/ga2.v
Parsing SystemVerilog input from `rtl/ga2.v' to AST representation.
Generating RTLIL representation for module `\ga2'.
Successfully finished Verilog frontend.

12. Executing HIERARCHY pass (managing design hierarchy).

12.1. Analyzing design hierarchy..
Top module:  \divu

12.2. Analyzing design hierarchy..
Top module:  \divu
Removing unused module `\ga2'.
Removing unused module `\ga2_mm'.
Removing unused module `\ga2_sm'.
Removing unused module `\ga2_unp'.
Removing unused module `\ga2_amax'.
Removing unused module `\ga2_vadd'.
Removing unused module `\ga2_rq'.
Removing unused module `\ga2_st'.
Removing unused module `\exp_lut'.
Removing unused module `\requant'.
Removing unused module `\systolic'.
Removing unused module `\pe'.
Removing unused module `\dma'.
Removed 13 unused modules.

13. Executing SYNTH pass.

13.1. Executing HIERARCHY pass (managing design hierarchy).

13.1.1. Analyzing design hierarchy..
Top module:  \divu

13.1.2. Analyzing design hierarchy..
Top module:  \divu
Removed 0 unused modules.

13.2. Executing PROC pass (convert processes to netlists).

13.2.1. Executing PROC_CLEAN pass (remove empty switches from decision trees).
Cleaned up 0 empty switches.

13.2.2. Executing PROC_RMDEAD pass (remove dead branches from decision trees).
Marked 2 switch rules as full_case in process $proc$rtl/divu.v:11$103 in module divu.
Removed a total of 0 dead cases.

13.2.3. Executing PROC_PRUNE pass (remove redundant assignments in processes).
Removed 0 redundant assignments.
Promoted 0 assignments to connections.

13.2.4. Executing PROC_INIT pass (extract init attributes).

13.2.5. Executing PROC_ARST pass (detect async resets in processes).

13.2.6. Executing PROC_ROM pass (convert switches to ROMs).
Converted 0 switches.
<suppressed ~4 debug messages>

13.2.7. Executing PROC_MUX pass (convert decision trees to multiplexers).
Creating decoders for process `\divu.$proc$rtl/divu.v:11$103'.
     1/9: $0\done[0:0]
     2/9: $0\cnt[7:0]
     3/9: $0\r[40:0]
     4/9: $0\d_r[39:0]
     5/9: $0\n_r[39:0]
     6/9: $0\rem[39:0]
     7/9: $0\quot[39:0]
     8/9: $0\q[39:0]
     9/9: $0\busy[0:0]

13.2.8. Executing PROC_DLATCH pass (convert process syncs to latches).

13.2.9. Executing PROC_DFF pass (convert process syncs to FFs).
Creating register for signal `\divu.\busy' using process `\divu.$proc$rtl/divu.v:11$103'.
  created $dff cell `$procdff$582' with positive edge clock.
Creating register for signal `\divu.\done' using process `\divu.$proc$rtl/divu.v:11$103'.
  created $dff cell `$procdff$583' with positive edge clock.
Creating register for signal `\divu.\q' using process `\divu.$proc$rtl/divu.v:11$103'.
  created $dff cell `$procdff$584' with positive edge clock.
Creating register for signal `\divu.\quot' using process `\divu.$proc$rtl/divu.v:11$103'.
  created $dff cell `$procdff$585' with positive edge clock.
Creating register for signal `\divu.\rem' using process `\divu.$proc$rtl/divu.v:11$103'.
  created $dff cell `$procdff$586' with positive edge clock.
Creating register for signal `\divu.\n_r' using process `\divu.$proc$rtl/divu.v:11$103'.
  created $dff cell `$procdff$587' with positive edge clock.
Creating register for signal `\divu.\d_r' using process `\divu.$proc$rtl/divu.v:11$103'.
  created $dff cell `$procdff$588' with positive edge clock.
Creating register for signal `\divu.\r' using process `\divu.$proc$rtl/divu.v:11$103'.
  created $dff cell `$procdff$589' with positive edge clock.
Creating register for signal `\divu.\cnt' using process `\divu.$proc$rtl/divu.v:11$103'.
  created $dff cell `$procdff$590' with positive edge clock.

13.2.10. Executing PROC_MEMWR pass (convert process memory writes to cells).

13.2.11. Executing PROC_CLEAN pass (remove empty switches from decision trees).
Found and cleaned up 4 empty switches in `\divu.$proc$rtl/divu.v:11$103'.
Removing empty process `divu.$proc$rtl/divu.v:11$103'.
Cleaned up 4 empty switches.

13.2.12. Executing OPT_EXPR pass (perform const folding).
Optimizing module divu.
<suppressed ~1 debug messages>

13.3. Executing FLATTEN pass (flatten design).

13.4. Executing OPT_EXPR pass (perform const folding).
Optimizing module divu.

13.5. Executing OPT_CLEAN pass (remove unused cells and wires).
Finding unused cells or wires in module \divu..
Removed 0 unused cells and 42 unused wires.
<suppressed ~1 debug messages>

13.6. Executing CHECK pass (checking for obvious problems).
Checking module divu...
Found and reported 0 problems.

13.7. Executing OPT pass (performing simple optimizations).

13.7.1. Executing OPT_EXPR pass (perform const folding).
Optimizing module divu.

13.7.2. Executing OPT_MERGE pass (detect identical cells).
Finding identical cells in module `\divu'.
Removed a total of 0 cells.

13.7.3. Executing OPT_MUXTREE pass (detect dead branches in mux trees).
Running muxtree optimizer on module \divu..
  Creating internal representation of mux trees.
  Evaluating internal representation of mux trees.
      Replacing known input bits on port A of cell $procmux$574: \busy -> 1'0
      Replacing known input bits on port A of cell $procmux$572: \busy -> 1'1
  Analyzing evaluation results.
Removed 0 multiplexer ports.
<suppressed ~10 debug messages>

13.7.4. Executing OPT_REDUCE pass (consolidate $*mux and $reduce_* inputs).
  Optimizing cells in module \divu.
Performed a total of 0 changes.

13.7.5. Executing OPT_MERGE pass (detect identical cells).
Finding identical cells in module `\divu'.
Removed a total of 0 cells.

13.7.6. Executing OPT_DFF pass (perform DFF optimizations).

13.7.7. Executing OPT_CLEAN pass (remove unused cells and wires).
Finding unused cells or wires in module \divu..

13.7.8. Executing OPT_EXPR pass (perform const folding).
Optimizing module divu.

13.7.9. Finished OPT passes. (There is nothing left to do.)

13.8. Executing FSM pass (extract and optimize FSM).

13.8.1. Executing FSM_DETECT pass (finding FSMs in design).

13.8.2. Executing FSM_EXTRACT pass (extracting FSM from design).

13.8.3. Executing FSM_OPT pass (simple optimizations of FSMs).

13.8.4. Executing OPT_CLEAN pass (remove unused cells and wires).
Finding unused cells or wires in module \divu..

13.8.5. Executing FSM_OPT pass (simple optimizations of FSMs).

13.8.6. Executing FSM_RECODE pass (re-assigning FSM state encoding).

13.8.7. Executing FSM_INFO pass (dumping all available information on FSM cells).

13.8.8. Executing FSM_MAP pass (mapping FSMs to basic logic).

13.9. Executing OPT pass (performing simple optimizations).

13.9.1. Executing OPT_EXPR pass (perform const folding).
Optimizing module divu.

13.9.2. Executing OPT_MERGE pass (detect identical cells).
Finding identical cells in module `\divu'.
Removed a total of 0 cells.

13.9.3. Executing OPT_MUXTREE pass (detect dead branches in mux trees).
Running muxtree optimizer on module \divu..
  Creating internal representation of mux trees.
  Evaluating internal representation of mux trees.
  Analyzing evaluation results.
Removed 0 multiplexer ports.
<suppressed ~10 debug messages>

13.9.4. Executing OPT_REDUCE pass (consolidate $*mux and $reduce_* inputs).
  Optimizing cells in module \divu.
Performed a total of 0 changes.

13.9.5. Executing OPT_MERGE pass (detect identical cells).
Finding identical cells in module `\divu'.
Removed a total of 0 cells.

13.9.6. Executing OPT_DFF pass (perform DFF optimizations).
Adding EN signal on $procdff$590 ($dff) from module divu (D = $procmux$517_Y, Q = \cnt).
Adding SRST signal on $auto$ff.cc:266:slice$591 ($dffe) from module divu (D = $procmux$514_Y, Q = \cnt, rval = 8'00101000).
Adding EN signal on $procdff$589 ($dff) from module divu (D = $procmux$525_Y, Q = \r).
Adding SRST signal on $auto$ff.cc:266:slice$599 ($dffe) from module divu (D = $procmux$522_Y, Q = \r, rval = 41'00000000000000000000000000000000000000000).
Adding EN signal on $procdff$588 ($dff) from module divu (D = \den, Q = \d_r).
Adding EN signal on $procdff$587 ($dff) from module divu (D = $procmux$539_Y, Q = \n_r).
Adding EN signal on $procdff$586 ($dff) from module divu (D = \r_next [39:0], Q = \rem).
Adding EN signal on $procdff$585 ($dff) from module divu (D = { \q [38:0] \fits }, Q = \quot).
Adding EN signal on $procdff$584 ($dff) from module divu (D = $procmux$567_Y, Q = \q).
Adding SRST signal on $auto$ff.cc:266:slice$633 ($dffe) from module divu (D = $procmux$564_Y, Q = \q, rval = 40'0000000000000000000000000000000000000000).
Adding SRST signal on $procdff$583 ($dff) from module divu (D = $procmux$504_Y, Q = \done, rval = 1'0).
Adding SRST signal on $procdff$582 ($dff) from module divu (D = $procmux$577_Y, Q = \busy, rval = 1'0).

13.9.7. Executing OPT_CLEAN pass (remove unused cells and wires).
Finding unused cells or wires in module \divu..
Removed 21 unused cells and 21 unused wires.
<suppressed ~22 debug messages>

13.9.8. Executing OPT_EXPR pass (perform const folding).
Optimizing module divu.
<suppressed ~4 debug messages>

13.9.9. Rerunning OPT passes. (Maybe there is more to do..)

13.9.10. Executing OPT_MUXTREE pass (detect dead branches in mux trees).
Running muxtree optimizer on module \divu..
  Creating internal representation of mux trees.
  Evaluating internal representation of mux trees.
  Analyzing evaluation results.
Removed 0 multiplexer ports.
<suppressed ~7 debug messages>

13.9.11. Executing OPT_REDUCE pass (consolidate $*mux and $reduce_* inputs).
  Optimizing cells in module \divu.
Performed a total of 0 changes.

13.9.12. Executing OPT_MERGE pass (detect identical cells).
Finding identical cells in module `\divu'.
<suppressed ~42 debug messages>
Removed a total of 14 cells.

13.9.13. Executing OPT_DFF pass (perform DFF optimizations).

13.9.14. Executing OPT_CLEAN pass (remove unused cells and wires).
Finding unused cells or wires in module \divu..
Removed 0 unused cells and 14 unused wires.
<suppressed ~1 debug messages>

13.9.15. Executing OPT_EXPR pass (perform const folding).
Optimizing module divu.

13.9.16. Rerunning OPT passes. (Maybe there is more to do..)

13.9.17. Executing OPT_MUXTREE pass (detect dead branches in mux trees).
Running muxtree optimizer on module \divu..
  Creating internal representation of mux trees.
  Evaluating internal representation of mux trees.
  Analyzing evaluation results.
Removed 0 multiplexer ports.
<suppressed ~7 debug messages>

13.9.18. Executing OPT_REDUCE pass (consolidate $*mux and $reduce_* inputs).
  Optimizing cells in module \divu.
Performed a total of 0 changes.

13.9.19. Executing OPT_MERGE pass (detect identical cells).
Finding identical cells in module `\divu'.
Removed a total of 0 cells.

13.9.20. Executing OPT_DFF pass (perform DFF optimizations).

13.9.21. Executing OPT_CLEAN pass (remove unused cells and wires).
Finding unused cells or wires in module \divu..

13.9.22. Executing OPT_EXPR pass (perform const folding).
Optimizing module divu.

13.9.23. Finished OPT passes. (There is nothing left to do.)

13.10. Executing WREDUCE pass (reducing word size of cells).
Removed top 1 bits (of 41) from FF cell divu.$auto$ff.cc:266:slice$606 ($sdffce).
Removed top 1 bits (of 40) from FF cell divu.$auto$ff.cc:266:slice$640 ($sdffce).
Removed top 1 bits (of 40) from mux cell divu.$procmux$564 ($mux).
Removed top 1 bits (of 41) from port B of cell divu.$ge$rtl/divu.v:8$100 ($ge).
Removed top 1 bits (of 41) from port B of cell divu.$sub$rtl/divu.v:9$101 ($sub).
Removed top 31 bits (of 32) from port B of cell divu.$sub$rtl/divu.v:16$107 ($sub).
Removed top 24 bits (of 32) from port Y of cell divu.$sub$rtl/divu.v:16$107 ($sub).
Removed top 7 bits (of 8) from port B of cell divu.$eq$rtl/divu.v:17$108 ($eq).
Removed top 1 bits (of 41) from mux cell divu.$procmux$522 ($mux).
Removed top 1 bits (of 41) from mux cell divu.$ternary$rtl/divu.v:9$102 ($mux).
Removed top 1 bits (of 41) from port Y of cell divu.$sub$rtl/divu.v:9$101 ($sub).
Removed top 1 bits (of 41) from port A of cell divu.$sub$rtl/divu.v:9$101 ($sub).
Removed top 1 bits (of 41) from wire divu.$procmux$522_Y.
Removed top 1 bits (of 40) from wire divu.$procmux$564_Y.
Removed top 24 bits (of 32) from wire divu.$sub$rtl/divu.v:16$107_Y.
Removed top 1 bits (of 41) from wire divu.$sub$rtl/divu.v:9$101_Y.
Removed top 1 bits (of 40) from wire divu.q.
Removed top 1 bits (of 41) from wire divu.r.
Removed top 40 bits (of 41) from wire divu.shifted.

13.11. Executing PEEPOPT pass (run peephole optimizers).

13.12. Executing OPT_CLEAN pass (remove unused cells and wires).
Finding unused cells or wires in module \divu..
Removed 0 unused cells and 7 unused wires.
<suppressed ~1 debug messages>

13.13. Executing ALUMACC pass (create $alu and $macc cells).
Extracting $alu and $macc cells in module divu:
  creating $macc model for $sub$rtl/divu.v:16$107 ($sub).
  creating $macc model for $sub$rtl/divu.v:9$101 ($sub).
  creating $alu model for $macc $sub$rtl/divu.v:9$101.
  creating $alu model for $macc $sub$rtl/divu.v:16$107.
  creating $alu model for $ge$rtl/divu.v:8$100 ($ge): new $alu
  creating $alu cell for $ge$rtl/divu.v:8$100: $auto$alumacc.cc:485:replace_alu$655
  creating $alu cell for $sub$rtl/divu.v:16$107: $auto$alumacc.cc:485:replace_alu$664
  creating $alu cell for $sub$rtl/divu.v:9$101: $auto$alumacc.cc:485:replace_alu$667
  created 3 $alu and 0 $macc cells.

13.14. Executing SHARE pass (SAT-based resource sharing).

13.15. Executing OPT pass (performing simple optimizations).

13.15.1. Executing OPT_EXPR pass (perform const folding).
Optimizing module divu.

13.15.2. Executing OPT_MERGE pass (detect identical cells).
Finding identical cells in module `\divu'.
Removed a total of 0 cells.

13.15.3. Executing OPT_MUXTREE pass (detect dead branches in mux trees).
Running muxtree optimizer on module \divu..
  Creating internal representation of mux trees.
  Evaluating internal representation of mux trees.
  Analyzing evaluation results.
Removed 0 multiplexer ports.
<suppressed ~7 debug messages>

13.15.4. Executing OPT_REDUCE pass (consolidate $*mux and $reduce_* inputs).
  Optimizing cells in module \divu.
Performed a total of 0 changes.

13.15.5. Executing OPT_MERGE pass (detect identical cells).
Finding identical cells in module `\divu'.
Removed a total of 0 cells.

13.15.6. Executing OPT_DFF pass (perform DFF optimizations).

13.15.7. Executing OPT_CLEAN pass (remove unused cells and wires).
Finding unused cells or wires in module \divu..
Removed 0 unused cells and 1 unused wires.
<suppressed ~1 debug messages>

13.15.8. Executing OPT_EXPR pass (perform const folding).
Optimizing module divu.

13.15.9. Rerunning OPT passes. (Maybe there is more to do..)

13.15.10. Executing OPT_MUXTREE pass (detect dead branches in mux trees).
Running muxtree optimizer on module \divu..
  Creating internal representation of mux trees.
  Evaluating internal representation of mux trees.
  Analyzing evaluation results.
Removed 0 multiplexer ports.
<suppressed ~7 debug messages>

13.15.11. Executing OPT_REDUCE pass (consolidate $*mux and $reduce_* inputs).
  Optimizing cells in module \divu.
Performed a total of 0 changes.

13.15.12. Executing OPT_MERGE pass (detect identical cells).
Finding identical cells in module `\divu'.
Removed a total of 0 cells.

13.15.13. Executing OPT_DFF pass (perform DFF optimizations).

13.15.14. Executing OPT_CLEAN pass (remove unused cells and wires).
Finding unused cells or wires in module \divu..

13.15.15. Executing OPT_EXPR pass (perform const folding).
Optimizing module divu.

13.15.16. Finished OPT passes. (There is nothing left to do.)

13.16. Executing MEMORY pass.

13.16.1. Executing OPT_MEM pass (optimize memories).
Performed a total of 0 transformations.

13.16.2. Executing OPT_MEM_PRIORITY pass (removing unnecessary memory write priority relations).
Performed a total of 0 transformations.

13.16.3. Executing OPT_MEM_FEEDBACK pass (finding memory read-to-write feedback paths).

13.16.4. Executing MEMORY_BMUX2ROM pass (converting muxes to ROMs).

13.16.5. Executing MEMORY_DFF pass (merging $dff cells to $memrd).

13.16.6. Executing OPT_CLEAN pass (remove unused cells and wires).
Finding unused cells or wires in module \divu..

13.16.7. Executing MEMORY_SHARE pass (consolidating $memrd/$memwr cells).

13.16.8. Executing OPT_MEM_WIDEN pass (optimize memories where all ports are wide).
Performed a total of 0 transformations.

13.16.9. Executing OPT_CLEAN pass (remove unused cells and wires).
Finding unused cells or wires in module \divu..

13.16.10. Executing MEMORY_COLLECT pass (generating $mem cells).

13.17. Executing OPT_CLEAN pass (remove unused cells and wires).
Finding unused cells or wires in module \divu..

13.18. Executing OPT pass (performing simple optimizations).

13.18.1. Executing OPT_EXPR pass (perform const folding).
Optimizing module divu.
<suppressed ~8 debug messages>

13.18.2. Executing OPT_MERGE pass (detect identical cells).
Finding identical cells in module `\divu'.
Removed a total of 0 cells.

13.18.3. Executing OPT_DFF pass (perform DFF optimizations).

13.18.4. Executing OPT_CLEAN pass (remove unused cells and wires).
Finding unused cells or wires in module \divu..
Removed 0 unused cells and 5 unused wires.
<suppressed ~1 debug messages>

13.18.5. Finished fast OPT passes.

13.19. Executing MEMORY_MAP pass (converting memories to logic and flip-flops).

13.20. Executing OPT pass (performing simple optimizations).

13.20.1. Executing OPT_EXPR pass (perform const folding).
Optimizing module divu.

13.20.2. Executing OPT_MERGE pass (detect identical cells).
Finding identical cells in module `\divu'.
Removed a total of 0 cells.

13.20.3. Executing OPT_MUXTREE pass (detect dead branches in mux trees).
Running muxtree optimizer on module \divu..
  Creating internal representation of mux trees.
  Evaluating internal representation of mux trees.
  Analyzing evaluation results.
Removed 0 multiplexer ports.
<suppressed ~2 debug messages>

13.20.4. Executing OPT_REDUCE pass (consolidate $*mux and $reduce_* inputs).
  Optimizing cells in module \divu.
Performed a total of 0 changes.

13.20.5. Executing OPT_MERGE pass (detect identical cells).
Finding identical cells in module `\divu'.
Removed a total of 0 cells.

13.20.6. Executing OPT_SHARE pass.

13.20.7. Executing OPT_DFF pass (perform DFF optimizations).
Adding SRST signal on $auto$ff.cc:266:slice$612 ($dffe) from module divu (D = \num [0], Q = \n_r [0], rval = 1'0).

13.20.8. Executing OPT_CLEAN pass (remove unused cells and wires).
Finding unused cells or wires in module \divu..

13.20.9. Executing OPT_EXPR pass (perform const folding).
Optimizing module divu.

13.20.10. Rerunning OPT passes. (Maybe there is more to do..)

13.20.11. Executing OPT_MUXTREE pass (detect dead branches in mux trees).
Running muxtree optimizer on module \divu..
  Creating internal representation of mux trees.
  Evaluating internal representation of mux trees.
  Analyzing evaluation results.
Removed 0 multiplexer ports.
<suppressed ~2 debug messages>

13.20.12. Executing OPT_REDUCE pass (consolidate $*mux and $reduce_* inputs).
  Optimizing cells in module \divu.
Performed a total of 0 changes.

13.20.13. Executing OPT_MERGE pass (detect identical cells).
Finding identical cells in module `\divu'.
Removed a total of 0 cells.

13.20.14. Executing OPT_SHARE pass.

13.20.15. Executing OPT_DFF pass (perform DFF optimizations).

13.20.16. Executing OPT_CLEAN pass (remove unused cells and wires).
Finding unused cells or wires in module \divu..

13.20.17. Executing OPT_EXPR pass (perform const folding).
Optimizing module divu.

13.20.18. Finished OPT passes. (There is nothing left to do.)

13.21. Executing TECHMAP pass (map to technology primitives).

13.21.1. Executing Verilog-2005 frontend: /usr/bin/../share/yosys/techmap.v
Parsing Verilog input from `/usr/bin/../share/yosys/techmap.v' to AST representation.
Generating RTLIL representation for module `\_90_simplemap_bool_ops'.
Generating RTLIL representation for module `\_90_simplemap_reduce_ops'.
Generating RTLIL representation for module `\_90_simplemap_logic_ops'.
Generating RTLIL representation for module `\_90_simplemap_compare_ops'.
Generating RTLIL representation for module `\_90_simplemap_various'.
Generating RTLIL representation for module `\_90_simplemap_registers'.
Generating RTLIL representation for module `\_90_shift_ops_shr_shl_sshl_sshr'.
Generating RTLIL representation for module `\_90_shift_shiftx'.
Generating RTLIL representation for module `\_90_fa'.
Generating RTLIL representation for module `\_90_lcu'.
Generating RTLIL representation for module `\_90_alu'.
Generating RTLIL representation for module `\_90_macc'.
Generating RTLIL representation for module `\_90_alumacc'.
Generating RTLIL representation for module `\$__div_mod_u'.
Generating RTLIL representation for module `\$__div_mod_trunc'.
Generating RTLIL representation for module `\_90_div'.
Generating RTLIL representation for module `\_90_mod'.
Generating RTLIL representation for module `\$__div_mod_floor'.
Generating RTLIL representation for module `\_90_divfloor'.
Generating RTLIL representation for module `\_90_modfloor'.
Generating RTLIL representation for module `\_90_pow'.
Generating RTLIL representation for module `\_90_pmux'.
Generating RTLIL representation for module `\_90_demux'.
Generating RTLIL representation for module `\_90_lut'.
Successfully finished Verilog frontend.

13.21.2. Continuing TECHMAP pass.
Using extmapper simplemap for cells of type $mux.
Using extmapper simplemap for cells of type $reduce_and.
Using template $paramod$a7732f4a8f6be59785dd3fe07facc7c5671614fa\_90_alu for cells of type $alu.
Using extmapper simplemap for cells of type $not.
Using extmapper simplemap for cells of type $dffe.
Using extmapper simplemap for cells of type $reduce_or.
Using extmapper simplemap for cells of type $sdffce.
Using extmapper simplemap for cells of type $sdff.
Using extmapper simplemap for cells of type $or.
Using extmapper simplemap for cells of type $reduce_bool.
Using extmapper simplemap for cells of type $and.
Using template $paramod$403a3c2fa431a154c52a6a5429d7a6260b5d144f\_90_alu for cells of type $alu.
Using extmapper simplemap for cells of type $logic_not.
Using extmapper simplemap for cells of type $logic_and.
Using template $paramod$445c63d4194be6438b67f4f941870a6ab959ba80\_90_alu for cells of type $alu.
Using extmapper simplemap for cells of type $eq.
Using extmapper simplemap for cells of type $pos.
Using template $paramod\_90_lcu\WIDTH=32'00000000000000000000000000101001 for cells of type $lcu.
Using extmapper simplemap for cells of type $xor.
Using template $paramod\_90_lcu\WIDTH=32'00000000000000000000000000101000 for cells of type $lcu.
Using template $paramod\_90_lcu\WIDTH=32'00000000000000000000000000001000 for cells of type $lcu.
No more expansions possible.
<suppressed ~978 debug messages>

13.22. Executing OPT pass (performing simple optimizations).

13.22.1. Executing OPT_EXPR pass (perform const folding).
Optimizing module divu.
<suppressed ~135 debug messages>

13.22.2. Executing OPT_MERGE pass (detect identical cells).
Finding identical cells in module `\divu'.
<suppressed ~105 debug messages>
Removed a total of 35 cells.

13.22.3. Executing OPT_DFF pass (perform DFF optimizations).

13.22.4. Executing OPT_CLEAN pass (remove unused cells and wires).
Finding unused cells or wires in module \divu..
Removed 128 unused cells and 181 unused wires.
<suppressed ~129 debug messages>

13.22.5. Finished fast OPT passes.

13.23. Executing ABC pass (technology mapping using ABC).

13.23.1. Extracting gate netlist of module `\divu' to `<abc-temp-dir>/input.blif'..
Extracted 703 gates and 873 wires to a netlist network with 170 inputs and 95 outputs.

13.23.1.1. Executing ABC.
Running ABC command: "<yosys-exe-dir>/yosys-abc" -s -f <abc-temp-dir>/abc.script 2>&1
ABC: ABC command line: "source <abc-temp-dir>/abc.script".
ABC: 
ABC: + read_blif <abc-temp-dir>/input.blif 
ABC: + read_library <abc-temp-dir>/stdcells.genlib 
ABC: Entered genlib library with 13 gates from file "<abc-temp-dir>/stdcells.genlib".
ABC: + strash 
ABC: + dretime 
ABC: + map 
ABC: + write_blif <abc-temp-dir>/output.blif 

13.23.1.2. Re-integrating ABC results.
ABC RESULTS:              NAND cells:        2
ABC RESULTS:               AND cells:        8
ABC RESULTS:                OR cells:        5
ABC RESULTS:             ORNOT cells:       89
ABC RESULTS:               NOT cells:        4
ABC RESULTS:               MUX cells:       80
ABC RESULTS:              XNOR cells:       14
ABC RESULTS:               NOR cells:       49
ABC RESULTS:            ANDNOT cells:      207
ABC RESULTS:               XOR cells:       72
ABC RESULTS:        internal signals:      608
ABC RESULTS:           input signals:      170
ABC RESULTS:          output signals:       95
Removing temp directory.

13.24. Executing OPT pass (performing simple optimizations).

13.24.1. Executing OPT_EXPR pass (perform const folding).
Optimizing module divu.

13.24.2. Executing OPT_MERGE pass (detect identical cells).
Finding identical cells in module `\divu'.
<suppressed ~6 debug messages>
Removed a total of 2 cells.

13.24.3. Executing OPT_DFF pass (perform DFF optimizations).

13.24.4. Executing OPT_CLEAN pass (remove unused cells and wires).
Finding unused cells or wires in module \divu..
Removed 0 unused cells and 469 unused wires.
<suppressed ~1 debug messages>

13.24.5. Finished fast OPT passes.

13.25. Executing HIERARCHY pass (managing design hierarchy).

13.25.1. Analyzing design hierarchy..
Top module:  \divu

13.25.2. Analyzing design hierarchy..
Top module:  \divu
Removed 0 unused modules.

13.26. Printing statistics.

=== divu ===

   Number of wires:                498
   Number of wire bits:            902
   Number of public wires:          18
   Number of public wire bits:     415
   Number of memories:               0
   Number of memory bits:            0
   Number of processes:              0
   Number of cells:                777
     $_ANDNOT_                     207
     $_AND_                          8
     $_DFFE_PP_                    159
     $_MUX_                         80
     $_NAND_                         2
     $_NOR_                         47
     $_NOT_                          4
     $_ORNOT_                       89
     $_OR_                           5
     $_SDFFCE_PN0P_                  1
     $_SDFFCE_PP0P_                 85
     $_SDFFCE_PP1P_                  2
     $_SDFF_PP0_                     2
     $_XNOR_                        14
     $_XOR_                         72

13.27. Executing CHECK pass (checking for obvious problems).
Checking module divu...
Found and reported 0 problems.

14. Executing DFFLEGALIZE pass (convert FFs to types supported by the target).

15. Executing DFFLIBMAP pass (mapping DFF cells to sequential cells from liberty file).
  cell DFF (noninv, pins=3, area=5.00) is a direct match for cell type $_DFF_P_.
  final dff cell mappings:
    unmapped dff cell: $_DFF_N_
    \DFF _DFF_P_ (.CK( C), .D( D), .Q( Q));
    unmapped dff cell: $_DFF_NN0_
    unmapped dff cell: $_DFF_NN1_
    unmapped dff cell: $_DFF_NP0_
    unmapped dff cell: $_DFF_NP1_
    unmapped dff cell: $_DFF_PN0_
    unmapped dff cell: $_DFF_PN1_
    unmapped dff cell: $_DFF_PP0_
    unmapped dff cell: $_DFF_PP1_
    unmapped dff cell: $_DFFSR_NNN_
    unmapped dff cell: $_DFFSR_NNP_
    unmapped dff cell: $_DFFSR_NPN_
    unmapped dff cell: $_DFFSR_NPP_
    unmapped dff cell: $_DFFSR_PNN_
    unmapped dff cell: $_DFFSR_PNP_
    unmapped dff cell: $_DFFSR_PPN_
    unmapped dff cell: $_DFFSR_PPP_

15.1. Executing DFFLEGALIZE pass (convert FFs to types supported by the target).
Mapping DFF cells in module `\divu':
  mapped 249 $_DFF_P_ cells to \DFF cells.

16. Executing ABC pass (technology mapping using ABC).

16.1. Extracting gate netlist of module `\divu' to `<abc-temp-dir>/input.blif'..
Extracted 865 gates and 1197 wires to a netlist network with 330 inputs and 249 outputs.

16.1.1. Executing ABC.
Running ABC command: "<yosys-exe-dir>/yosys-abc" -s -f <abc-temp-dir>/abc.script 2>&1
ABC: ABC command line: "source <abc-temp-dir>/abc.script".
ABC: 
ABC: + read_blif <abc-temp-dir>/input.blif 
ABC: + read_lib -w /home/user/unix_os_from_scratch/silicon_compiler_from_scratch/lib/toy.lib 
ABC: Parsing finished successfully.  Parsing time =     0.00 sec
ABC: Warning: Templates are not defined.
ABC: Scl_LibertyReadGenlib() skipped sequential cell "DFF".
ABC: Library "toy" from "/home/user/unix_os_from_scratch/silicon_compiler_from_scratch/lib/toy.lib" has 13 cells (1 skipped: 1 seq; 0 tri-state; 0 no func; 0 dont_use).  Time =     0.00 sec
ABC: Memory =    0.05 MB. Time =     0.00 sec
ABC: + strash 
ABC: + &get -n 
ABC: + &fraig -x 
ABC: + &put 
ABC: + scorr 
ABC: Warning: The network is combinational (run "fraig" or "fraig_sweep").
ABC: + dc2 
ABC: + dretime 
ABC: + strash 
ABC: + &get -n 
ABC: + &dch -f 
ABC: + &nf 
ABC: + &put 
ABC: + write_blif <abc-temp-dir>/output.blif 

16.1.2. Re-integrating ABC results.
ABC RESULTS:             NAND3 cells:       63
ABC RESULTS:              AND2 cells:       13
ABC RESULTS:               OR2 cells:       19
ABC RESULTS:              NOR3 cells:       18
ABC RESULTS:              NOR2 cells:       61
ABC RESULTS:              XOR2 cells:       43
ABC RESULTS:             AOI21 cells:       44
ABC RESULTS:             XNOR2 cells:       42
ABC RESULTS:               INV cells:       71
ABC RESULTS:             OAI21 cells:      128
ABC RESULTS:              MUX2 cells:      121
ABC RESULTS:             NAND2 cells:      381
ABC RESULTS:        internal signals:      618
ABC RESULTS:           input signals:      330
ABC RESULTS:          output signals:      249
Removing temp directory.

17. Executing OPT_CLEAN pass (remove unused cells and wires).
Finding unused cells or wires in module \divu..
Removed 0 unused cells and 1151 unused wires.
<suppressed ~5 debug messages>

18. Printing statistics.

=== divu ===

   Number of wires:               1018
   Number of wire bits:           1336
   Number of public wires:          14
   Number of public wire bits:     332
   Number of memories:               0
   Number of memory bits:            0
   Number of processes:              0
   Number of cells:               1253
     AND2                           13
     AOI21                          44
     DFF                           249
     INV                            71
     MUX2                          121
     NAND2                         381
     NAND3                          63
     NOR2                           61
     NOR3                           18
     OAI21                         128
     OR2                            19
     XNOR2                          42
     XOR2                           43

   Chip area for module '\divu': 2637.800000

19. Executing Verilog backend.

19.1. Executing BMUXMAP pass.

19.2. Executing DEMUXMAP pass.
Dumping module `\divu'.

20. Executing JSON backend.

Warnings: 2 unique messages, 2 total
End of script. Logfile hash: 6aa2577dcc, CPU: user 0.45s system 0.01s, MEM: 19.02 MB peak
Yosys 0.33 (git sha1 2584903a060)
Time spent: 39% 2x abc (0 sec), 11% 23x opt_expr (0 sec), ...
