
 /----------------------------------------------------------------------------\
 |                                                                            |
 |  yosys -- Yosys Open SYnthesis Suite                                       |
 |                                                                            |
 |  Copyright (C) 2012 - 2020  Claire Xenia Wolf <claire@yosyshq.com>         |
 |                                                                            |
 |  Permission to use, copy, modify, and/or distribute this software for any  |
 |  purpose with or without fee is hereby granted, provided that the above    |
 |  copyright notice and this permission notice appear in all copies.         |
 |                                                                            |
 |  THE SOFTWARE IS PROVIDED "AS IS" AND THE AUTHOR DISCLAIMS ALL WARRANTIES  |
 |  WITH REGARD TO THIS SOFTWARE INCLUDING ALL IMPLIED WARRANTIES OF          |
 |  MERCHANTABILITY AND FITNESS. IN NO EVENT SHALL THE AUTHOR BE LIABLE FOR   |
 |  ANY SPECIAL, DIRECT, INDIRECT, OR CONSEQUENTIAL DAMAGES OR ANY DAMAGES    |
 |  WHATSOEVER RESULTING FROM LOSS OF USE, DATA OR PROFITS, WHETHER IN AN     |
 |  ACTION OF CONTRACT, NEGLIGENCE OR OTHER TORTIOUS ACTION, ARISING OUT OF   |
 |  OR IN CONNECTION WITH THE USE OR PERFORMANCE OF THIS SOFTWARE.            |
 |                                                                            |
 \----------------------------------------------------------------------------/

 Yosys 0.33 (git sha1 2584903a060)


-- Running command `read_verilog -sv -lib rtl/sram.v rtl/rowmem.v; read_verilog -sv rtl/dma.v rtl/systolic.v rtl/requant.v rtl/exp_lut.v rtl/divu.v rtl/ga2_vec.v rtl/ga2_sm.v rtl/ga2_mm.v rtl/ga2.v; hierarchy -top ga2_rq; synth -flatten -top ga2_rq; dfflegalize -cell $_DFF_P_ x; dfflibmap -liberty lib/toy.lib; abc -liberty lib/toy.lib; opt_clean -purge; tee -o out/ga2_rq_stat.txt stat -liberty lib/toy.lib; write_verilog -noattr out/ga2_rq_net.v; write_json out/ga2_rq_net.json' --

1. Executing Verilog-2005 frontend: rtl/sram.v
Parsing SystemVerilog input from `rtl/sram.v' to AST representation.
Generating RTLIL representation for module `\sram'.
Successfully finished Verilog frontend.

2. Executing Verilog-2005 frontend: rtl/rowmem.v
Parsing SystemVerilog input from `rtl/rowmem.v' to AST representation.
Generating RTLIL representation for module `\rowmem'.
Successfully finished Verilog frontend.

3. Executing Verilog-2005 frontend: rtl/dma.v
Parsing SystemVerilog input from `rtl/dma.v' to AST representation.
Generating RTLIL representation for module `\dma'.
Successfully finished Verilog frontend.

4. Executing Verilog-2005 frontend: rtl/systolic.v
Parsing SystemVerilog input from `rtl/systolic.v' to AST representation.
Generating RTLIL representation for module `\pe'.
Generating RTLIL representation for module `\systolic'.
Successfully finished Verilog frontend.

5. Executing Verilog-2005 frontend: rtl/requant.v
Parsing SystemVerilog input from `rtl/requant.v' to AST representation.
Generating RTLIL representation for module `\requant'.
Successfully finished Verilog frontend.

6. Executing Verilog-2005 frontend: rtl/exp_lut.v
Parsing SystemVerilog input from `rtl/exp_lut.v' to AST representation.
Generating RTLIL representation for module `\exp_lut'.
Successfully finished Verilog frontend.

7. Executing Verilog-2005 frontend: rtl/divu.v
Parsing SystemVerilog input from `rtl/divu.v' to AST representation.
Generating RTLIL representation for module `\divu'.
Successfully finished Verilog frontend.

8. Executing Verilog-2005 frontend: rtl/ga2_vec.v
Parsing SystemVerilog input from `rtl/ga2_vec.v' to AST representation.
Generating RTLIL representation for module `\ga2_st'.
Generating RTLIL representation for module `\ga2_rq'.
Generating RTLIL representation for module `\ga2_vadd'.
Generating RTLIL representation for module `\ga2_amax'.
Generating RTLIL representation for module `\ga2_unp'.
Successfully finished Verilog frontend.

9. Executing Verilog-2005 frontend: rtl/ga2_sm.v
Parsing SystemVerilog input from `rtl/ga2_sm.v' to AST representation.
Generating RTLIL representation for module `\ga2_sm'.
Successfully finished Verilog frontend.

10. Executing Verilog-2005 frontend: rtl/ga2_mm.v
Parsing SystemVerilog input from `rtl/ga2_mm.v' to AST representation.
Generating RTLIL representation for module `\ga2_mm'.
Warning: Replacing memory \b_ra with list of registers. See rtl/ga2_mm.v:26
Warning: Replacing memory \a_ra with list of registers. See rtl/ga2_mm.v:26
Successfully finished Verilog frontend.

11. Executing Verilog-2005 frontend: rtl/ga2.v
Parsing SystemVerilog input from `rtl/ga2.v' to AST representation.
Generating RTLIL representation for module `\ga2'.
Successfully finished Verilog frontend.

12. Executing HIERARCHY pass (managing design hierarchy).

12.1. Analyzing design hierarchy..
Top module:  \ga2_rq
Used module:     \requant

12.2. Analyzing design hierarchy..
Top module:  \ga2_rq
Used module:     \requant
Removing unused module `\ga2'.
Removing unused module `\ga2_mm'.
Removing unused module `\ga2_sm'.
Removing unused module `\ga2_unp'.
Removing unused module `\ga2_amax'.
Removing unused module `\ga2_vadd'.
Removing unused module `\ga2_st'.
Removing unused module `\divu'.
Removing unused module `\exp_lut'.
Removing unused module `\systolic'.
Removing unused module `\pe'.
Removing unused module `\dma'.
Removed 12 unused modules.

13. Executing SYNTH pass.

13.1. Executing HIERARCHY pass (managing design hierarchy).

13.1.1. Analyzing design hierarchy..
Top module:  \ga2_rq
Used module:     \requant

13.1.2. Analyzing design hierarchy..
Top module:  \ga2_rq
Used module:     \requant
Removed 0 unused modules.

13.2. Executing PROC pass (convert processes to netlists).

13.2.1. Executing PROC_CLEAN pass (remove empty switches from decision trees).
Cleaned up 0 empty switches.

13.2.2. Executing PROC_RMDEAD pass (remove dead branches from decision trees).
Marked 2 switch rules as full_case in process $proc$rtl/ga2_vec.v:27$122 in module ga2_rq.
Removed a total of 0 dead cases.

13.2.3. Executing PROC_PRUNE pass (remove redundant assignments in processes).
Removed 0 redundant assignments.
Promoted 0 assignments to connections.

13.2.4. Executing PROC_INIT pass (extract init attributes).

13.2.5. Executing PROC_ARST pass (detect async resets in processes).

13.2.6. Executing PROC_ROM pass (convert switches to ROMs).
Converted 0 switches.
<suppressed ~6 debug messages>

13.2.7. Executing PROC_MUX pass (convert decision trees to multiplexers).
Creating decoders for process `\ga2_rq.$proc$rtl/ga2_vec.v:27$122'.
     1/11: $0\done[0:0]
     2/11: $0\v[0:0]
     3/11: $0\j[11:0]
     4/11: $0\i[11:0]
     5/11: $0\relu[0:0]
     6/11: $0\s[5:0]
     7/11: $0\m[23:0]
     8/11: $0\busy[0:0]
     9/11: $0\len[11:0]
    10/11: $0\dst[11:0]
    11/11: $0\src[11:0]

13.2.8. Executing PROC_DLATCH pass (convert process syncs to latches).

13.2.9. Executing PROC_DFF pass (convert process syncs to FFs).
Creating register for signal `\ga2_rq.\src' using process `\ga2_rq.$proc$rtl/ga2_vec.v:27$122'.
  created $dff cell `$procdff$596' with positive edge clock.
Creating register for signal `\ga2_rq.\dst' using process `\ga2_rq.$proc$rtl/ga2_vec.v:27$122'.
  created $dff cell `$procdff$597' with positive edge clock.
Creating register for signal `\ga2_rq.\len' using process `\ga2_rq.$proc$rtl/ga2_vec.v:27$122'.
  created $dff cell `$procdff$598' with positive edge clock.
Creating register for signal `\ga2_rq.\busy' using process `\ga2_rq.$proc$rtl/ga2_vec.v:27$122'.
  created $dff cell `$procdff$599' with positive edge clock.
Creating register for signal `\ga2_rq.\done' using process `\ga2_rq.$proc$rtl/ga2_vec.v:27$122'.
  created $dff cell `$procdff$600' with positive edge clock.
Creating register for signal `\ga2_rq.\m' using process `\ga2_rq.$proc$rtl/ga2_vec.v:27$122'.
  created $dff cell `$procdff$601' with positive edge clock.
Creating register for signal `\ga2_rq.\s' using process `\ga2_rq.$proc$rtl/ga2_vec.v:27$122'.
  created $dff cell `$procdff$602' with positive edge clock.
Creating register for signal `\ga2_rq.\relu' using process `\ga2_rq.$proc$rtl/ga2_vec.v:27$122'.
  created $dff cell `$procdff$603' with positive edge clock.
Creating register for signal `\ga2_rq.\i' using process `\ga2_rq.$proc$rtl/ga2_vec.v:27$122'.
  created $dff cell `$procdff$604' with positive edge clock.
Creating register for signal `\ga2_rq.\j' using process `\ga2_rq.$proc$rtl/ga2_vec.v:27$122'.
  created $dff cell `$procdff$605' with positive edge clock.
Creating register for signal `\ga2_rq.\v' using process `\ga2_rq.$proc$rtl/ga2_vec.v:27$122'.
  created $dff cell `$procdff$606' with positive edge clock.

13.2.10. Executing PROC_MEMWR pass (convert process memory writes to cells).

13.2.11. Executing PROC_CLEAN pass (remove empty switches from decision trees).
Found and cleaned up 6 empty switches in `\ga2_rq.$proc$rtl/ga2_vec.v:27$122'.
Removing empty process `ga2_rq.$proc$rtl/ga2_vec.v:27$122'.
Cleaned up 6 empty switches.

13.2.12. Executing OPT_EXPR pass (perform const folding).
Optimizing module requant.
<suppressed ~1 debug messages>
Optimizing module ga2_rq.

13.3. Executing FLATTEN pass (flatten design).
Deleting now unused module requant.
<suppressed ~1 debug messages>

13.4. Executing OPT_EXPR pass (perform const folding).
Optimizing module ga2_rq.

13.5. Executing OPT_CLEAN pass (remove unused cells and wires).
Finding unused cells or wires in module \ga2_rq..
Removed 0 unused cells and 56 unused wires.
<suppressed ~1 debug messages>

13.6. Executing CHECK pass (checking for obvious problems).
Checking module ga2_rq...
Found and reported 0 problems.

13.7. Executing OPT pass (performing simple optimizations).

13.7.1. Executing OPT_EXPR pass (perform const folding).
Optimizing module ga2_rq.

13.7.2. Executing OPT_MERGE pass (detect identical cells).
Finding identical cells in module `\ga2_rq'.
<suppressed ~3 debug messages>
Removed a total of 1 cells.

13.7.3. Executing OPT_MUXTREE pass (detect dead branches in mux trees).
Running muxtree optimizer on module \ga2_rq..
  Creating internal representation of mux trees.
  Evaluating internal representation of mux trees.
      Replacing known input bits on port A of cell $flatten\rqu.$ternary$rtl/requant.v:7$85: \rd -> { 1'0 \rd [30:0] }
      Replacing known input bits on port A of cell $procmux$570: \busy -> 1'0
      Replacing known input bits on port A of cell $procmux$568: \busy -> 1'1
      Replacing known input bits on port A of cell $procmux$566: \busy -> 1'1
  Analyzing evaluation results.
Removed 0 multiplexer ports.
<suppressed ~16 debug messages>

13.7.4. Executing OPT_REDUCE pass (consolidate $*mux and $reduce_* inputs).
  Optimizing cells in module \ga2_rq.
Performed a total of 0 changes.

13.7.5. Executing OPT_MERGE pass (detect identical cells).
Finding identical cells in module `\ga2_rq'.
Removed a total of 0 cells.

13.7.6. Executing OPT_DFF pass (perform DFF optimizations).

13.7.7. Executing OPT_CLEAN pass (remove unused cells and wires).
Finding unused cells or wires in module \ga2_rq..
Removed 0 unused cells and 1 unused wires.
<suppressed ~1 debug messages>

13.7.8. Executing OPT_EXPR pass (perform const folding).
Optimizing module ga2_rq.

13.7.9. Rerunning OPT passes. (Maybe there is more to do..)

13.7.10. Executing OPT_MUXTREE pass (detect dead branches in mux trees).
Running muxtree optimizer on module \ga2_rq..
  Creating internal representation of mux trees.
  Evaluating internal representation of mux trees.
  Analyzing evaluation results.
Removed 0 multiplexer ports.
<suppressed ~16 debug messages>

13.7.11. Executing OPT_REDUCE pass (consolidate $*mux and $reduce_* inputs).
  Optimizing cells in module \ga2_rq.
Performed a total of 0 changes.

13.7.12. Executing OPT_MERGE pass (detect identical cells).
Finding identical cells in module `\ga2_rq'.
Removed a total of 0 cells.

13.7.13. Executing OPT_DFF pass (perform DFF optimizations).

13.7.14. Executing OPT_CLEAN pass (remove unused cells and wires).
Finding unused cells or wires in module \ga2_rq..

13.7.15. Executing OPT_EXPR pass (perform const folding).
Optimizing module ga2_rq.

13.7.16. Finished OPT passes. (There is nothing left to do.)

13.8. Executing FSM pass (extract and optimize FSM).

13.8.1. Executing FSM_DETECT pass (finding FSMs in design).

13.8.2. Executing FSM_EXTRACT pass (extracting FSM from design).

13.8.3. Executing FSM_OPT pass (simple optimizations of FSMs).

13.8.4. Executing OPT_CLEAN pass (remove unused cells and wires).
Finding unused cells or wires in module \ga2_rq..

13.8.5. Executing FSM_OPT pass (simple optimizations of FSMs).

13.8.6. Executing FSM_RECODE pass (re-assigning FSM state encoding).

13.8.7. Executing FSM_INFO pass (dumping all available information on FSM cells).

13.8.8. Executing FSM_MAP pass (mapping FSMs to basic logic).

13.9. Executing OPT pass (performing simple optimizations).

13.9.1. Executing OPT_EXPR pass (perform const folding).
Optimizing module ga2_rq.

13.9.2. Executing OPT_MERGE pass (detect identical cells).
Finding identical cells in module `\ga2_rq'.
Removed a total of 0 cells.

13.9.3. Executing OPT_MUXTREE pass (detect dead branches in mux trees).
Running muxtree optimizer on module \ga2_rq..
  Creating internal representation of mux trees.
  Evaluating internal representation of mux trees.
  Analyzing evaluation results.
Removed 0 multiplexer ports.
<suppressed ~16 debug messages>

13.9.4. Executing OPT_REDUCE pass (consolidate $*mux and $reduce_* inputs).
  Optimizing cells in module \ga2_rq.
Performed a total of 0 changes.

13.9.5. Executing OPT_MERGE pass (detect identical cells).
Finding identical cells in module `\ga2_rq'.
Removed a total of 0 cells.

13.9.6. Executing OPT_DFF pass (perform DFF optimizations).
Adding SRST signal on $procdff$606 ($dff) from module ga2_rq (D = $procmux$520_Y, Q = \v, rval = 1'0).
Adding EN signal on $auto$ff.cc:266:slice$607 ($sdff) from module ga2_rq (D = $procmux$518_Y, Q = \v).
Adding EN signal on $procdff$605 ($dff) from module ga2_rq (D = $procmux$533_Y, Q = \j).
Adding SRST signal on $auto$ff.cc:266:slice$611 ($dffe) from module ga2_rq (D = $procmux$530_Y, Q = \j, rval = 12'000000000000).
Adding EN signal on $procdff$604 ($dff) from module ga2_rq (D = $procmux$543_Y, Q = \i).
Adding SRST signal on $auto$ff.cc:266:slice$621 ($dffe) from module ga2_rq (D = $procmux$540_Y, Q = \i, rval = 12'000000000000).
Adding EN signal on $procdff$603 ($dff) from module ga2_rq (D = \ins [18], Q = \relu).
Adding EN signal on $procdff$602 ($dff) from module ga2_rq (D = \ins [51:46], Q = \s).
Adding EN signal on $procdff$601 ($dff) from module ga2_rq (D = \ins [75:52], Q = \m).
Adding SRST signal on $procdff$600 ($dff) from module ga2_rq (D = $procmux$504_Y, Q = \done, rval = 1'0).
Adding SRST signal on $procdff$599 ($dff) from module ga2_rq (D = $procmux$573_Y, Q = \busy, rval = 1'0).
Adding EN signal on $procdff$598 ($dff) from module ga2_rq (D = \ins [87:76], Q = \len).
Adding EN signal on $procdff$597 ($dff) from module ga2_rq (D = \ins [119:108], Q = \dst).
Adding EN signal on $procdff$596 ($dff) from module ga2_rq (D = \ins [103:92], Q = \src).

13.9.7. Executing OPT_CLEAN pass (remove unused cells and wires).
Finding unused cells or wires in module \ga2_rq..
Removed 24 unused cells and 24 unused wires.
<suppressed ~25 debug messages>

13.9.8. Executing OPT_EXPR pass (perform const folding).
Optimizing module ga2_rq.
<suppressed ~2 debug messages>

13.9.9. Rerunning OPT passes. (Maybe there is more to do..)

13.9.10. Executing OPT_MUXTREE pass (detect dead branches in mux trees).
Running muxtree optimizer on module \ga2_rq..
  Creating internal representation of mux trees.
  Evaluating internal representation of mux trees.
  Analyzing evaluation results.
Removed 0 multiplexer ports.
<suppressed ~10 debug messages>

13.9.11. Executing OPT_REDUCE pass (consolidate $*mux and $reduce_* inputs).
  Optimizing cells in module \ga2_rq.
Performed a total of 0 changes.

13.9.12. Executing OPT_MERGE pass (detect identical cells).
Finding identical cells in module `\ga2_rq'.
<suppressed ~39 debug messages>
Removed a total of 13 cells.

13.9.13. Executing OPT_DFF pass (perform DFF optimizations).

13.9.14. Executing OPT_CLEAN pass (remove unused cells and wires).
Finding unused cells or wires in module \ga2_rq..
Removed 0 unused cells and 13 unused wires.
<suppressed ~1 debug messages>

13.9.15. Executing OPT_EXPR pass (perform const folding).
Optimizing module ga2_rq.

13.9.16. Rerunning OPT passes. (Maybe there is more to do..)

13.9.17. Executing OPT_MUXTREE pass (detect dead branches in mux trees).
Running muxtree optimizer on module \ga2_rq..
  Creating internal representation of mux trees.
  Evaluating internal representation of mux trees.
  Analyzing evaluation results.
Removed 0 multiplexer ports.
<suppressed ~10 debug messages>

13.9.18. Executing OPT_REDUCE pass (consolidate $*mux and $reduce_* inputs).
  Optimizing cells in module \ga2_rq.
Performed a total of 0 changes.

13.9.19. Executing OPT_MERGE pass (detect identical cells).
Finding identical cells in module `\ga2_rq'.
Removed a total of 0 cells.

13.9.20. Executing OPT_DFF pass (perform DFF optimizations).

13.9.21. Executing OPT_CLEAN pass (remove unused cells and wires).
Finding unused cells or wires in module \ga2_rq..

13.9.22. Executing OPT_EXPR pass (perform const folding).
Optimizing module ga2_rq.

13.9.23. Finished OPT passes. (There is nothing left to do.)

13.10. Executing WREDUCE pass (reducing word size of cells).
Removed top 31 bits (of 32) from port B of cell ga2_rq.$flatten\rqu.$add$rtl/requant.v:7$84 ($add).
Removed top 5 bits (of 6) from port B of cell ga2_rq.$flatten\rqu.$sub$rtl/requant.v:9$88 ($sub).
Removed top 55 bits (of 56) from port A of cell ga2_rq.$flatten\rqu.$shl$rtl/requant.v:9$89 ($shl).
Removed top 1 bits (of 57) from port A of cell ga2_rq.$flatten\rqu.$add$rtl/requant.v:10$91 ($add).
Removed top 1 bits (of 57) from port B of cell ga2_rq.$flatten\rqu.$add$rtl/requant.v:10$91 ($add).
Removed top 50 bits (of 57) from port B of cell ga2_rq.$flatten\rqu.$gt$rtl/requant.v:13$93 ($gt).
Converting cell ga2_rq.$flatten\rqu.$neg$rtl/requant.v:14$95 ($neg) from signed to unsigned.
Removed top 1 bits (of 8) from port A of cell ga2_rq.$flatten\rqu.$neg$rtl/requant.v:14$95 ($neg).
Removed top 2 bits (of 3) from port B of cell ga2_rq.$auto$opt_dff.cc:195:make_patterns_logic$615 ($ne).
Removed top 2 bits (of 3) from port B of cell ga2_rq.$auto$opt_dff.cc:195:make_patterns_logic$625 ($ne).
Removed top 31 bits (of 32) from port B of cell ga2_rq.$add$rtl/ga2_vec.v:32$127 ($add).
Removed top 20 bits (of 32) from port Y of cell ga2_rq.$add$rtl/ga2_vec.v:32$127 ($add).
Removed top 31 bits (of 32) from port B of cell ga2_rq.$add$rtl/ga2_vec.v:33$128 ($add).
Removed top 20 bits (of 32) from port Y of cell ga2_rq.$add$rtl/ga2_vec.v:33$128 ($add).
Removed top 31 bits (of 32) from port B of cell ga2_rq.$sub$rtl/ga2_vec.v:33$129 ($sub).
Removed top 19 bits (of 32) from port Y of cell ga2_rq.$sub$rtl/ga2_vec.v:33$129 ($sub).
Removed top 20 bits (of 32) from wire ga2_rq.$add$rtl/ga2_vec.v:32$127_Y.
Removed top 20 bits (of 32) from wire ga2_rq.$add$rtl/ga2_vec.v:33$128_Y.

13.11. Executing PEEPOPT pass (run peephole optimizers).

13.12. Executing OPT_CLEAN pass (remove unused cells and wires).
Finding unused cells or wires in module \ga2_rq..
Removed 0 unused cells and 2 unused wires.
<suppressed ~1 debug messages>

13.13. Executing ALUMACC pass (create $alu and $macc cells).
Extracting $alu and $macc cells in module ga2_rq:
  creating $macc model for $add$rtl/ga2_vec.v:26$120 ($add).
  creating $macc model for $add$rtl/ga2_vec.v:26$121 ($add).
  creating $macc model for $add$rtl/ga2_vec.v:32$127 ($add).
  creating $macc model for $add$rtl/ga2_vec.v:33$128 ($add).
  creating $macc model for $flatten\rqu.$add$rtl/requant.v:10$91 ($add).
  creating $macc model for $flatten\rqu.$add$rtl/requant.v:7$84 ($add).
  creating $macc model for $flatten\rqu.$mul$rtl/requant.v:8$86 ($mul).
  creating $macc model for $flatten\rqu.$neg$rtl/requant.v:14$95 ($neg).
  creating $macc model for $flatten\rqu.$sub$rtl/requant.v:9$88 ($sub).
  creating $macc model for $sub$rtl/ga2_vec.v:33$129 ($sub).
  merging $macc model for $flatten\rqu.$mul$rtl/requant.v:8$86 into $flatten\rqu.$add$rtl/requant.v:10$91.
  creating $alu model for $macc $flatten\rqu.$sub$rtl/requant.v:9$88.
  creating $alu model for $macc $flatten\rqu.$neg$rtl/requant.v:14$95.
  creating $alu model for $macc $sub$rtl/ga2_vec.v:33$129.
  creating $alu model for $macc $flatten\rqu.$add$rtl/requant.v:7$84.
  creating $alu model for $macc $add$rtl/ga2_vec.v:33$128.
  creating $alu model for $macc $add$rtl/ga2_vec.v:32$127.
  creating $alu model for $macc $add$rtl/ga2_vec.v:26$121.
  creating $alu model for $macc $add$rtl/ga2_vec.v:26$120.
  creating $macc cell for $flatten\rqu.$add$rtl/requant.v:10$91: $auto$alumacc.cc:365:replace_macc$671
  creating $alu model for $flatten\rqu.$gt$rtl/requant.v:13$93 ($gt): new $alu
  creating $alu model for $lt$rtl/ga2_vec.v:32$125 ($lt): new $alu
  creating $alu cell for $lt$rtl/ga2_vec.v:32$125: $auto$alumacc.cc:485:replace_alu$674
  creating $alu cell for $flatten\rqu.$gt$rtl/requant.v:13$93: $auto$alumacc.cc:485:replace_alu$679
  creating $alu cell for $add$rtl/ga2_vec.v:26$120: $auto$alumacc.cc:485:replace_alu$684
  creating $alu cell for $add$rtl/ga2_vec.v:26$121: $auto$alumacc.cc:485:replace_alu$687
  creating $alu cell for $add$rtl/ga2_vec.v:32$127: $auto$alumacc.cc:485:replace_alu$690
  creating $alu cell for $add$rtl/ga2_vec.v:33$128: $auto$alumacc.cc:485:replace_alu$693
  creating $alu cell for $flatten\rqu.$add$rtl/requant.v:7$84: $auto$alumacc.cc:485:replace_alu$696
  creating $alu cell for $sub$rtl/ga2_vec.v:33$129: $auto$alumacc.cc:485:replace_alu$699
  creating $alu cell for $flatten\rqu.$neg$rtl/requant.v:14$95: $auto$alumacc.cc:485:replace_alu$702
  creating $alu cell for $flatten\rqu.$sub$rtl/requant.v:9$88: $auto$alumacc.cc:485:replace_alu$705
  created 10 $alu and 1 $macc cells.

13.14. Executing SHARE pass (SAT-based resource sharing).
Found 3 cells in module ga2_rq that may be considered for resource sharing.
  Analyzing resource sharing options for $flatten\rqu.$shr$rtl/requant.v:11$92 ($shr):
    Cell is always active. Therefore no sharing is possible.
  Analyzing resource sharing options for $flatten\rqu.$shl$rtl/requant.v:9$89 ($shl):
    Found 2 activation_patterns using ctrl signal { $flatten\rqu.$eq$rtl/requant.v:9$87_Y $auto$rtlil.cc:2401:Not$683 }.
    No candidates found.
  Analyzing resource sharing options for $flatten\rqu.$mul$rtl/requant.v:8$86 ($mul):
    Found cell that is never activated: $flatten\rqu.$mul$rtl/requant.v:8$86
    Cell is never active. Sharing is pointless, we simply remove it.
Removing 1 cells in module ga2_rq:
  Removing cell $flatten\rqu.$mul$rtl/requant.v:8$86 ($mul).

13.15. Executing OPT pass (performing simple optimizations).

13.15.1. Executing OPT_EXPR pass (perform const folding).
Optimizing module ga2_rq.
<suppressed ~2 debug messages>

13.15.2. Executing OPT_MERGE pass (detect identical cells).
Finding identical cells in module `\ga2_rq'.
Removed a total of 0 cells.

13.15.3. Executing OPT_MUXTREE pass (detect dead branches in mux trees).
Running muxtree optimizer on module \ga2_rq..
  Creating internal representation of mux trees.
  Evaluating internal representation of mux trees.
  Analyzing evaluation results.
Removed 0 multiplexer ports.
<suppressed ~10 debug messages>

13.15.4. Executing OPT_REDUCE pass (consolidate $*mux and $reduce_* inputs).
  Optimizing cells in module \ga2_rq.
Performed a total of 0 changes.

13.15.5. Executing OPT_MERGE pass (detect identical cells).
Finding identical cells in module `\ga2_rq'.
Removed a total of 0 cells.

13.15.6. Executing OPT_DFF pass (perform DFF optimizations).

13.15.7. Executing OPT_CLEAN pass (remove unused cells and wires).
Finding unused cells or wires in module \ga2_rq..
Removed 1 unused cells and 3 unused wires.
<suppressed ~2 debug messages>

13.15.8. Executing OPT_EXPR pass (perform const folding).
Optimizing module ga2_rq.

13.15.9. Rerunning OPT passes. (Maybe there is more to do..)

13.15.10. Executing OPT_MUXTREE pass (detect dead branches in mux trees).
Running muxtree optimizer on module \ga2_rq..
  Creating internal representation of mux trees.
  Evaluating internal representation of mux trees.
  Analyzing evaluation results.
Removed 0 multiplexer ports.
<suppressed ~10 debug messages>

13.15.11. Executing OPT_REDUCE pass (consolidate $*mux and $reduce_* inputs).
  Optimizing cells in module \ga2_rq.
Performed a total of 0 changes.

13.15.12. Executing OPT_MERGE pass (detect identical cells).
Finding identical cells in module `\ga2_rq'.
Removed a total of 0 cells.

13.15.13. Executing OPT_DFF pass (perform DFF optimizations).

13.15.14. Executing OPT_CLEAN pass (remove unused cells and wires).
Finding unused cells or wires in module \ga2_rq..

13.15.15. Executing OPT_EXPR pass (perform const folding).
Optimizing module ga2_rq.

13.15.16. Finished OPT passes. (There is nothing left to do.)

13.16. Executing MEMORY pass.

13.16.1. Executing OPT_MEM pass (optimize memories).
Performed a total of 0 transformations.

13.16.2. Executing OPT_MEM_PRIORITY pass (removing unnecessary memory write priority relations).
Performed a total of 0 transformations.

13.16.3. Executing OPT_MEM_FEEDBACK pass (finding memory read-to-write feedback paths).

13.16.4. Executing MEMORY_BMUX2ROM pass (converting muxes to ROMs).

13.16.5. Executing MEMORY_DFF pass (merging $dff cells to $memrd).

13.16.6. Executing OPT_CLEAN pass (remove unused cells and wires).
Finding unused cells or wires in module \ga2_rq..

13.16.7. Executing MEMORY_SHARE pass (consolidating $memrd/$memwr cells).

13.16.8. Executing OPT_MEM_WIDEN pass (optimize memories where all ports are wide).
Performed a total of 0 transformations.

13.16.9. Executing OPT_CLEAN pass (remove unused cells and wires).
Finding unused cells or wires in module \ga2_rq..

13.16.10. Executing MEMORY_COLLECT pass (generating $mem cells).

13.17. Executing OPT_CLEAN pass (remove unused cells and wires).
Finding unused cells or wires in module \ga2_rq..

13.18. Executing OPT pass (performing simple optimizations).

13.18.1. Executing OPT_EXPR pass (perform const folding).
Optimizing module ga2_rq.
<suppressed ~10 debug messages>

13.18.2. Executing OPT_MERGE pass (detect identical cells).
Finding identical cells in module `\ga2_rq'.
Removed a total of 0 cells.

13.18.3. Executing OPT_DFF pass (perform DFF optimizations).

13.18.4. Executing OPT_CLEAN pass (remove unused cells and wires).
Finding unused cells or wires in module \ga2_rq..
Removed 7 unused cells and 12 unused wires.
<suppressed ~8 debug messages>

13.18.5. Finished fast OPT passes.

13.19. Executing MEMORY_MAP pass (converting memories to logic and flip-flops).

13.20. Executing OPT pass (performing simple optimizations).

13.20.1. Executing OPT_EXPR pass (perform const folding).
Optimizing module ga2_rq.

13.20.2. Executing OPT_MERGE pass (detect identical cells).
Finding identical cells in module `\ga2_rq'.
Removed a total of 0 cells.

13.20.3. Executing OPT_MUXTREE pass (detect dead branches in mux trees).
Running muxtree optimizer on module \ga2_rq..
  Creating internal representation of mux trees.
  Evaluating internal representation of mux trees.
  Analyzing evaluation results.
Removed 0 multiplexer ports.
<suppressed ~7 debug messages>

13.20.4. Executing OPT_REDUCE pass (consolidate $*mux and $reduce_* inputs).
  Optimizing cells in module \ga2_rq.
Performed a total of 0 changes.

13.20.5. Executing OPT_MERGE pass (detect identical cells).
Finding identical cells in module `\ga2_rq'.
Removed a total of 0 cells.

13.20.6. Executing OPT_SHARE pass.

13.20.7. Executing OPT_DFF pass (perform DFF optimizations).

13.20.8. Executing OPT_CLEAN pass (remove unused cells and wires).
Finding unused cells or wires in module \ga2_rq..

13.20.9. Executing OPT_EXPR pass (perform const folding).
Optimizing module ga2_rq.

13.20.10. Finished OPT passes. (There is nothing left to do.)

13.21. Executing TECHMAP pass (map to technology primitives).

13.21.1. Executing Verilog-2005 frontend: /usr/bin/../share/yosys/techmap.v
Parsing Verilog input from `/usr/bin/../share/yosys/techmap.v' to AST representation.
Generating RTLIL representation for module `\_90_simplemap_bool_ops'.
Generating RTLIL representation for module `\_90_simplemap_reduce_ops'.
Generating RTLIL representation for module `\_90_simplemap_logic_ops'.
Generating RTLIL representation for module `\_90_simplemap_compare_ops'.
Generating RTLIL representation for module `\_90_simplemap_various'.
Generating RTLIL representation for module `\_90_simplemap_registers'.
Generating RTLIL representation for module `\_90_shift_ops_shr_shl_sshl_sshr'.
Generating RTLIL representation for module `\_90_shift_shiftx'.
Generating RTLIL representation for module `\_90_fa'.
Generating RTLIL representation for module `\_90_lcu'.
Generating RTLIL representation for module `\_90_alu'.
Generating RTLIL representation for module `\_90_macc'.
Generating RTLIL representation for module `\_90_alumacc'.
Generating RTLIL representation for module `\$__div_mod_u'.
Generating RTLIL representation for module `\$__div_mod_trunc'.
Generating RTLIL representation for module `\_90_div'.
Generating RTLIL representation for module `\_90_mod'.
Generating RTLIL representation for module `\$__div_mod_floor'.
Generating RTLIL representation for module `\_90_divfloor'.
Generating RTLIL representation for module `\_90_modfloor'.
Generating RTLIL representation for module `\_90_pow'.
Generating RTLIL representation for module `\_90_pmux'.
Generating RTLIL representation for module `\_90_demux'.
Generating RTLIL representation for module `\_90_lut'.
Successfully finished Verilog frontend.

13.21.2. Continuing TECHMAP pass.
Using extmapper simplemap for cells of type $not.
Using extmapper simplemap for cells of type $mux.
Using extmapper simplemap for cells of type $reduce_or.
Using template $paramod$4723f36546de75c7b865d95396fc0936b66ab54e\_90_alu for cells of type $alu.
Using extmapper simplemap for cells of type $logic_not.
Using template $paramod$a04dd9d4d8b430140c4ff94b50470fb380fda2a0\_90_alu for cells of type $alu.
Using template $paramod$constmap:cc1228abbe79c96bcec4e792e251eee53e5e0e20$paramod$3db80fb83f6f80ae1f917276f15cabee7c59542e\_90_shift_ops_shr_shl_sshl_sshr for cells of type $shl.
Using template $paramod$constmap:3763da8df22caeb9bb140b32f51ce71ccd883ea1$paramod$726267894d6f60d827aea2badc71285548deb07f\_90_shift_ops_shr_shl_sshl_sshr for cells of type $shr.
Using template $paramod$ee3d784672cdb1cb32d9a801a3af776716f16b74\_90_alu for cells of type $alu.
Using extmapper simplemap for cells of type $logic_and.
Using extmapper simplemap for cells of type $reduce_bool.
Using extmapper simplemap for cells of type $ne.
Using extmapper simplemap for cells of type $sdffe.
Using extmapper simplemap for cells of type $sdffce.
Using extmapper simplemap for cells of type $dffe.
Using extmapper simplemap for cells of type $sdff.
Using extmapper simplemap for cells of type $reduce_and.
Using extmapper simplemap for cells of type $or.
Using extmapper simplemap for cells of type $and.
Using extmapper maccmap for cells of type $macc.
  add \rqu.mag * \m (32x24 bits, unsigned)
  add \rqu.half (56 bits, unsigned)
Using template $paramod$8f780356cb6cdb52f6a744190131b65634639c4e\_90_alu for cells of type $alu.
Using template $paramod$e5fd9f673f47dbb5739c87bf382b22e808c83a1e\_90_alu for cells of type $alu.
Using template $paramod$6a42b6fefed750f8a1c58eab59479d960557103c\_90_alu for cells of type $alu.
Using template $paramod$c9d98d2d0793a6d8797b9c088dbedb26a7be7121\_90_alu for cells of type $alu.
Using extmapper simplemap for cells of type $eq.
Using extmapper simplemap for cells of type $pos.
Using template $paramod\_90_lcu\WIDTH=32'00000000000000000000000000001101 for cells of type $lcu.
Using extmapper simplemap for cells of type $xor.
Using template $paramod\_90_lcu\WIDTH=32'00000000000000000000000000000110 for cells of type $lcu.
Using template $paramod\_90_lcu\WIDTH=32'00000000000000000000000000001100 for cells of type $lcu.
Using template $paramod\_90_fa\WIDTH=32'00000000000000000000000000111001 for cells of type $fa.
Using template $paramod$4390e028a81f9e6104c535750c1d54408f037fd9\_90_alu for cells of type $alu.
Using template $paramod\_90_lcu\WIDTH=32'00000000000000000000000000110010 for cells of type $lcu.
Using template $paramod\_90_lcu\WIDTH=32'00000000000000000000000000100000 for cells of type $lcu.
Using template $paramod\_90_lcu\WIDTH=32'00000000000000000000000000001000 for cells of type $lcu.
Using template $paramod\_90_lcu\WIDTH=32'00000000000000000000000000111001 for cells of type $lcu.
No more expansions possible.
<suppressed ~3919 debug messages>

13.22. Executing OPT pass (performing simple optimizations).

13.22.1. Executing OPT_EXPR pass (perform const folding).
Optimizing module ga2_rq.
<suppressed ~4346 debug messages>

13.22.2. Executing OPT_MERGE pass (detect identical cells).
Finding identical cells in module `\ga2_rq'.
<suppressed ~90 debug messages>
Removed a total of 30 cells.

13.22.3. Executing OPT_DFF pass (perform DFF optimizations).

13.22.4. Executing OPT_CLEAN pass (remove unused cells and wires).
Finding unused cells or wires in module \ga2_rq..
Removed 243 unused cells and 906 unused wires.
<suppressed ~244 debug messages>

13.22.5. Finished fast OPT passes.

13.23. Executing ABC pass (technology mapping using ABC).

13.23.1. Extracting gate netlist of module `\ga2_rq' to `<abc-temp-dir>/input.blif'..
Extracted 6141 gates and 6270 wires to a netlist network with 127 inputs and 65 outputs.

13.23.1.1. Executing ABC.
Running ABC command: "<yosys-exe-dir>/yosys-abc" -s -f <abc-temp-dir>/abc.script 2>&1
ABC: ABC command line: "source <abc-temp-dir>/abc.script".
ABC: 
ABC: + read_blif <abc-temp-dir>/input.blif 
ABC: + read_library <abc-temp-dir>/stdcells.genlib 
ABC: Entered genlib library with 13 gates from file "<abc-temp-dir>/stdcells.genlib".
ABC: + strash 
ABC: + dretime 
ABC: + map 
ABC: + write_blif <abc-temp-dir>/output.blif 

13.23.1.2. Re-integrating ABC results.
ABC RESULTS:             ORNOT cells:      133
ABC RESULTS:               NOT cells:      170
ABC RESULTS:               MUX cells:      341
ABC RESULTS:              XNOR cells:      426
ABC RESULTS:               NOR cells:      201
ABC RESULTS:                OR cells:      842
ABC RESULTS:              NAND cells:      214
ABC RESULTS:            ANDNOT cells:     2427
ABC RESULTS:               AND cells:       89
ABC RESULTS:               XOR cells:     1362
ABC RESULTS:        internal signals:     6078
ABC RESULTS:           input signals:      127
ABC RESULTS:          output signals:       65
Removing temp directory.

13.24. Executing OPT pass (performing simple optimizations).

13.24.1. Executing OPT_EXPR pass (perform const folding).
Optimizing module ga2_rq.
<suppressed ~46 debug messages>

13.24.2. Executing OPT_MERGE pass (detect identical cells).
Finding identical cells in module `\ga2_rq'.
<suppressed ~15 debug messages>
Removed a total of 5 cells.

13.24.3. Executing OPT_DFF pass (perform DFF optimizations).

13.24.4. Executing OPT_CLEAN pass (remove unused cells and wires).
Finding unused cells or wires in module \ga2_rq..
Removed 2 unused cells and 777 unused wires.
<suppressed ~8 debug messages>

13.24.5. Finished fast OPT passes.

13.25. Executing HIERARCHY pass (managing design hierarchy).

13.25.1. Analyzing design hierarchy..
Top module:  \ga2_rq

13.25.2. Analyzing design hierarchy..
Top module:  \ga2_rq
Removed 0 unused modules.

13.26. Printing statistics.

=== ga2_rq ===

   Number of wires:               6176
   Number of wire bits:           6729
   Number of public wires:          30
   Number of public wire bits:     539
   Number of memories:               0
   Number of memory bits:            0
   Number of processes:              0
   Number of cells:               6292
     $_ANDNOT_                    2427
     $_AND_                         89
     $_DFFE_PP_                     67
     $_MUX_                        341
     $_NAND_                       214
     $_NOR_                        199
     $_NOT_                        168
     $_ORNOT_                      133
     $_OR_                         839
     $_SDFFCE_PP0P_                 24
     $_SDFFE_PP0P_                   1
     $_SDFF_PP0_                     2
     $_XNOR_                       426
     $_XOR_                       1362

13.27. Executing CHECK pass (checking for obvious problems).
Checking module ga2_rq...
Found and reported 0 problems.

14. Executing DFFLEGALIZE pass (convert FFs to types supported by the target).

15. Executing DFFLIBMAP pass (mapping DFF cells to sequential cells from liberty file).
  cell DFF (noninv, pins=3, area=5.00) is a direct match for cell type $_DFF_P_.
  final dff cell mappings:
    unmapped dff cell: $_DFF_N_
    \DFF _DFF_P_ (.CK( C), .D( D), .Q( Q));
    unmapped dff cell: $_DFF_NN0_
    unmapped dff cell: $_DFF_NN1_
    unmapped dff cell: $_DFF_NP0_
    unmapped dff cell: $_DFF_NP1_
    unmapped dff cell: $_DFF_PN0_
    unmapped dff cell: $_DFF_PN1_
    unmapped dff cell: $_DFF_PP0_
    unmapped dff cell: $_DFF_PP1_
    unmapped dff cell: $_DFFSR_NNN_
    unmapped dff cell: $_DFFSR_NNP_
    unmapped dff cell: $_DFFSR_NPN_
    unmapped dff cell: $_DFFSR_NPP_
    unmapped dff cell: $_DFFSR_PNN_
    unmapped dff cell: $_DFFSR_PNP_
    unmapped dff cell: $_DFFSR_PPN_
    unmapped dff cell: $_DFFSR_PPP_

15.1. Executing DFFLEGALIZE pass (convert FFs to types supported by the target).
Mapping DFF cells in module `\ga2_rq':
  mapped 94 $_DFF_P_ cells to \DFF cells.

16. Executing ABC pass (technology mapping using ABC).

16.1. Extracting gate netlist of module `\ga2_rq' to `<abc-temp-dir>/input.blif'..
Extracted 6317 gates and 6512 wires to a netlist network with 194 inputs and 126 outputs.

16.1.1. Executing ABC.
Running ABC command: "<yosys-exe-dir>/yosys-abc" -s -f <abc-temp-dir>/abc.script 2>&1
ABC: ABC command line: "source <abc-temp-dir>/abc.script".
ABC: 
ABC: + read_blif <abc-temp-dir>/input.blif 
ABC: + read_lib -w /home/user/unix_os_from_scratch/silicon_compiler_from_scratch/lib/toy.lib 
ABC: Parsing finished successfully.  Parsing time =     0.00 sec
ABC: Warning: Templates are not defined.
ABC: Scl_LibertyReadGenlib() skipped sequential cell "DFF".
ABC: Library "toy" from "/home/user/unix_os_from_scratch/silicon_compiler_from_scratch/lib/toy.lib" has 13 cells (1 skipped: 1 seq; 0 tri-state; 0 no func; 0 dont_use).  Time =     0.00 sec
ABC: Memory =    0.05 MB. Time =     0.00 sec
ABC: + strash 
ABC: + &get -n 
ABC: + &fraig -x 
ABC: + &put 
ABC: + scorr 
ABC: Warning: The network is combinational (run "fraig" or "fraig_sweep").
ABC: + dc2 
ABC: + dretime 
ABC: + strash 
ABC: + &get -n 
ABC: + &dch -f 
ABC: + &nf 
ABC: + &put 
ABC: + write_blif <abc-temp-dir>/output.blif 

16.1.2. Re-integrating ABC results.
ABC RESULTS:               OR2 cells:      131
ABC RESULTS:               INV cells:      358
ABC RESULTS:              XOR2 cells:      702
ABC RESULTS:             NAND3 cells:      235
ABC RESULTS:             OAI21 cells:      455
ABC RESULTS:              NOR3 cells:      111
ABC RESULTS:             NAND2 cells:     1315
ABC RESULTS:             XNOR2 cells:      970
ABC RESULTS:              NOR2 cells:      678
ABC RESULTS:              AND2 cells:      212
ABC RESULTS:             AOI21 cells:      385
ABC RESULTS:              MUX2 cells:      212
ABC RESULTS:        internal signals:     6192
ABC RESULTS:           input signals:      194
ABC RESULTS:          output signals:      126
Removing temp directory.

17. Executing OPT_CLEAN pass (remove unused cells and wires).
Finding unused cells or wires in module \ga2_rq..
Removed 0 unused cells and 6502 unused wires.
<suppressed ~12 debug messages>

18. Printing statistics.

=== ga2_rq ===

   Number of wires:               5751
   Number of wire bits:           6045
   Number of public wires:          19
   Number of public wire bits:     313
   Number of memories:               0
   Number of memory bits:            0
   Number of processes:              0
   Number of cells:               5858
     AND2                          212
     AOI21                         385
     DFF                            94
     INV                           358
     MUX2                          212
     NAND2                        1315
     NAND3                         235
     NOR2                          678
     NOR3                          111
     OAI21                         455
     OR2                           131
     XNOR2                         970
     XOR2                          702

   Chip area for module '\ga2_rq': 8918.810000

19. Executing Verilog backend.

19.1. Executing BMUXMAP pass.

19.2. Executing DEMUXMAP pass.
Dumping module `\ga2_rq'.

20. Executing JSON backend.

Warnings: 2 unique messages, 2 total
End of script. Logfile hash: f2e373c456, CPU: user 1.69s system 0.04s, MEM: 48.93 MB peak
Yosys 0.33 (git sha1 2584903a060)
Time spent: 52% 2x abc (1 sec), 12% 35x opt_expr (0 sec), ...
