
 /----------------------------------------------------------------------------\
 |                                                                            |
 |  yosys -- Yosys Open SYnthesis Suite                                       |
 |                                                                            |
 |  Copyright (C) 2012 - 2020  Claire Xenia Wolf <claire@yosyshq.com>         |
 |                                                                            |
 |  Permission to use, copy, modify, and/or distribute this software for any  |
 |  purpose with or without fee is hereby granted, provided that the above    |
 |  copyright notice and this permission notice appear in all copies.         |
 |                                                                            |
 |  THE SOFTWARE IS PROVIDED "AS IS" AND THE AUTHOR DISCLAIMS ALL WARRANTIES  |
 |  WITH REGARD TO THIS SOFTWARE INCLUDING ALL IMPLIED WARRANTIES OF          |
 |  MERCHANTABILITY AND FITNESS. IN NO EVENT SHALL THE AUTHOR BE LIABLE FOR   |
 |  ANY SPECIAL, DIRECT, INDIRECT, OR CONSEQUENTIAL DAMAGES OR ANY DAMAGES    |
 |  WHATSOEVER RESULTING FROM LOSS OF USE, DATA OR PROFITS, WHETHER IN AN     |
 |  ACTION OF CONTRACT, NEGLIGENCE OR OTHER TORTIOUS ACTION, ARISING OUT OF   |
 |  OR IN CONNECTION WITH THE USE OR PERFORMANCE OF THIS SOFTWARE.            |
 |                                                                            |
 \----------------------------------------------------------------------------/

 Yosys 0.33 (git sha1 2584903a060)


-- Running command `read_verilog -sv -lib rtl/sram.v rtl/rowmem.v; read_verilog -sv rtl/dma.v rtl/systolic.v rtl/requant.v rtl/exp_lut.v rtl/divu.v rtl/ga2_vec.v rtl/ga2_sm.v rtl/ga2_mm.v rtl/ga2.v; hierarchy -top ga2_amax; synth -flatten -top ga2_amax; dfflegalize -cell $_DFF_P_ x; dfflibmap -liberty lib/toy.lib; abc -liberty lib/toy.lib; opt_clean -purge; tee -o out/ga2_amax_stat.txt stat -liberty lib/toy.lib; write_verilog -noattr out/ga2_amax_net.v; write_json out/ga2_amax_net.json' --

1. Executing Verilog-2005 frontend: rtl/sram.v
Parsing SystemVerilog input from `rtl/sram.v' to AST representation.
Generating RTLIL representation for module `\sram'.
Successfully finished Verilog frontend.

2. Executing Verilog-2005 frontend: rtl/rowmem.v
Parsing SystemVerilog input from `rtl/rowmem.v' to AST representation.
Generating RTLIL representation for module `\rowmem'.
Successfully finished Verilog frontend.

3. Executing Verilog-2005 frontend: rtl/dma.v
Parsing SystemVerilog input from `rtl/dma.v' to AST representation.
Generating RTLIL representation for module `\dma'.
Successfully finished Verilog frontend.

4. Executing Verilog-2005 frontend: rtl/systolic.v
Parsing SystemVerilog input from `rtl/systolic.v' to AST representation.
Generating RTLIL representation for module `\pe'.
Generating RTLIL representation for module `\systolic'.
Successfully finished Verilog frontend.

5. Executing Verilog-2005 frontend: rtl/requant.v
Parsing SystemVerilog input from `rtl/requant.v' to AST representation.
Generating RTLIL representation for module `\requant'.
Successfully finished Verilog frontend.

6. Executing Verilog-2005 frontend: rtl/exp_lut.v
Parsing SystemVerilog input from `rtl/exp_lut.v' to AST representation.
Generating RTLIL representation for module `\exp_lut'.
Successfully finished Verilog frontend.

7. Executing Verilog-2005 frontend: rtl/divu.v
Parsing SystemVerilog input from `rtl/divu.v' to AST representation.
Generating RTLIL representation for module `\divu'.
Successfully finished Verilog frontend.

8. Executing Verilog-2005 frontend: rtl/ga2_vec.v
Parsing SystemVerilog input from `rtl/ga2_vec.v' to AST representation.
Generating RTLIL representation for module `\ga2_st'.
Generating RTLIL representation for module `\ga2_rq'.
Generating RTLIL representation for module `\ga2_vadd'.
Generating RTLIL representation for module `\ga2_amax'.
Successfully finished Verilog frontend.

9. Executing Verilog-2005 frontend: rtl/ga2_sm.v
Parsing SystemVerilog input from `rtl/ga2_sm.v' to AST representation.
Generating RTLIL representation for module `\ga2_sm'.
Successfully finished Verilog frontend.

10. Executing Verilog-2005 frontend: rtl/ga2_mm.v
Parsing SystemVerilog input from `rtl/ga2_mm.v' to AST representation.
Generating RTLIL representation for module `\ga2_mm'.
Warning: Replacing memory \b_ra with list of registers. See rtl/ga2_mm.v:26
Warning: Replacing memory \a_ra with list of registers. See rtl/ga2_mm.v:26
Successfully finished Verilog frontend.

11. Executing Verilog-2005 frontend: rtl/ga2.v
Parsing SystemVerilog input from `rtl/ga2.v' to AST representation.
Generating RTLIL representation for module `\ga2'.
Successfully finished Verilog frontend.

12. Executing HIERARCHY pass (managing design hierarchy).

12.1. Analyzing design hierarchy..
Top module:  \ga2_amax

12.2. Analyzing design hierarchy..
Top module:  \ga2_amax
Removing unused module `\ga2'.
Removing unused module `\ga2_mm'.
Removing unused module `\ga2_sm'.
Removing unused module `\ga2_vadd'.
Removing unused module `\ga2_rq'.
Removing unused module `\ga2_st'.
Removing unused module `\divu'.
Removing unused module `\exp_lut'.
Removing unused module `\requant'.
Removing unused module `\systolic'.
Removing unused module `\pe'.
Removing unused module `\dma'.
Removed 12 unused modules.

13. Executing SYNTH pass.

13.1. Executing HIERARCHY pass (managing design hierarchy).

13.1.1. Analyzing design hierarchy..
Top module:  \ga2_amax

13.1.2. Analyzing design hierarchy..
Top module:  \ga2_amax
Removed 0 unused modules.

13.2. Executing PROC pass (convert processes to netlists).

13.2.1. Executing PROC_CLEAN pass (remove empty switches from decision trees).
Cleaned up 0 empty switches.

13.2.2. Executing PROC_RMDEAD pass (remove dead branches from decision trees).
Marked 3 switch rules as full_case in process $proc$rtl/ga2_vec.v:63$154 in module ga2_amax.
Removed a total of 0 dead cases.

13.2.3. Executing PROC_PRUNE pass (remove redundant assignments in processes).
Removed 0 redundant assignments.
Promoted 0 assignments to connections.

13.2.4. Executing PROC_INIT pass (extract init attributes).

13.2.5. Executing PROC_ARST pass (detect async resets in processes).

13.2.6. Executing PROC_ROM pass (convert switches to ROMs).
Converted 0 switches.
<suppressed ~8 debug messages>

13.2.7. Executing PROC_MUX pass (convert decision trees to multiplexers).
Creating decoders for process `\ga2_amax.$proc$rtl/ga2_vec.v:63$154'.
     1/11: $0\done[0:0]
     2/11: $0\fin[0:0]
     3/11: $0\best[31:0]
     4/11: $0\bidx[11:0]
     5/11: $0\v[0:0]
     6/11: $0\j[11:0]
     7/11: $0\i[11:0]
     8/11: $0\busy[0:0]
     9/11: $0\len[11:0]
    10/11: $0\dst[11:0]
    11/11: $0\src[11:0]

13.2.8. Executing PROC_DLATCH pass (convert process syncs to latches).

13.2.9. Executing PROC_DFF pass (convert process syncs to FFs).
Creating register for signal `\ga2_amax.\src' using process `\ga2_amax.$proc$rtl/ga2_vec.v:63$154'.
  created $dff cell `$procdff$597' with positive edge clock.
Creating register for signal `\ga2_amax.\dst' using process `\ga2_amax.$proc$rtl/ga2_vec.v:63$154'.
  created $dff cell `$procdff$598' with positive edge clock.
Creating register for signal `\ga2_amax.\len' using process `\ga2_amax.$proc$rtl/ga2_vec.v:63$154'.
  created $dff cell `$procdff$599' with positive edge clock.
Creating register for signal `\ga2_amax.\busy' using process `\ga2_amax.$proc$rtl/ga2_vec.v:63$154'.
  created $dff cell `$procdff$600' with positive edge clock.
Creating register for signal `\ga2_amax.\done' using process `\ga2_amax.$proc$rtl/ga2_vec.v:63$154'.
  created $dff cell `$procdff$601' with positive edge clock.
Creating register for signal `\ga2_amax.\i' using process `\ga2_amax.$proc$rtl/ga2_vec.v:63$154'.
  created $dff cell `$procdff$602' with positive edge clock.
Creating register for signal `\ga2_amax.\j' using process `\ga2_amax.$proc$rtl/ga2_vec.v:63$154'.
  created $dff cell `$procdff$603' with positive edge clock.
Creating register for signal `\ga2_amax.\v' using process `\ga2_amax.$proc$rtl/ga2_vec.v:63$154'.
  created $dff cell `$procdff$604' with positive edge clock.
Creating register for signal `\ga2_amax.\bidx' using process `\ga2_amax.$proc$rtl/ga2_vec.v:63$154'.
  created $dff cell `$procdff$605' with positive edge clock.
Creating register for signal `\ga2_amax.\best' using process `\ga2_amax.$proc$rtl/ga2_vec.v:63$154'.
  created $dff cell `$procdff$606' with positive edge clock.
Creating register for signal `\ga2_amax.\fin' using process `\ga2_amax.$proc$rtl/ga2_vec.v:63$154'.
  created $dff cell `$procdff$607' with positive edge clock.

13.2.10. Executing PROC_MEMWR pass (convert process memory writes to cells).

13.2.11. Executing PROC_CLEAN pass (remove empty switches from decision trees).
Found and cleaned up 8 empty switches in `\ga2_amax.$proc$rtl/ga2_vec.v:63$154'.
Removing empty process `ga2_amax.$proc$rtl/ga2_vec.v:63$154'.
Cleaned up 8 empty switches.

13.2.12. Executing OPT_EXPR pass (perform const folding).
Optimizing module ga2_amax.
<suppressed ~1 debug messages>

13.3. Executing FLATTEN pass (flatten design).

13.4. Executing OPT_EXPR pass (perform const folding).
Optimizing module ga2_amax.

13.5. Executing OPT_CLEAN pass (remove unused cells and wires).
Finding unused cells or wires in module \ga2_amax..
Removed 0 unused cells and 58 unused wires.
<suppressed ~1 debug messages>

13.6. Executing CHECK pass (checking for obvious problems).
Checking module ga2_amax...
Found and reported 0 problems.

13.7. Executing OPT pass (performing simple optimizations).

13.7.1. Executing OPT_EXPR pass (perform const folding).
Optimizing module ga2_amax.

13.7.2. Executing OPT_MERGE pass (detect identical cells).
Finding identical cells in module `\ga2_amax'.
<suppressed ~3 debug messages>
Removed a total of 1 cells.

13.7.3. Executing OPT_MUXTREE pass (detect dead branches in mux trees).
Running muxtree optimizer on module \ga2_amax..
  Creating internal representation of mux trees.
  Evaluating internal representation of mux trees.
      Replacing known input bits on port A of cell $procmux$488: \fin -> 1'0
      Replacing known input bits on port A of cell $procmux$486: \fin -> 1'0
      Replacing known input bits on port A of cell $procmux$571: \busy -> 1'0
      Replacing known input bits on port A of cell $procmux$569: \busy -> 1'1
  Analyzing evaluation results.
Removed 0 multiplexer ports.
<suppressed ~11 debug messages>

13.7.4. Executing OPT_REDUCE pass (consolidate $*mux and $reduce_* inputs).
  Optimizing cells in module \ga2_amax.
Performed a total of 0 changes.

13.7.5. Executing OPT_MERGE pass (detect identical cells).
Finding identical cells in module `\ga2_amax'.
Removed a total of 0 cells.

13.7.6. Executing OPT_DFF pass (perform DFF optimizations).

13.7.7. Executing OPT_CLEAN pass (remove unused cells and wires).
Finding unused cells or wires in module \ga2_amax..
Removed 0 unused cells and 1 unused wires.
<suppressed ~1 debug messages>

13.7.8. Executing OPT_EXPR pass (perform const folding).
Optimizing module ga2_amax.

13.7.9. Rerunning OPT passes. (Maybe there is more to do..)

13.7.10. Executing OPT_MUXTREE pass (detect dead branches in mux trees).
Running muxtree optimizer on module \ga2_amax..
  Creating internal representation of mux trees.
  Evaluating internal representation of mux trees.
  Analyzing evaluation results.
Removed 0 multiplexer ports.
<suppressed ~11 debug messages>

13.7.11. Executing OPT_REDUCE pass (consolidate $*mux and $reduce_* inputs).
  Optimizing cells in module \ga2_amax.
Performed a total of 0 changes.

13.7.12. Executing OPT_MERGE pass (detect identical cells).
Finding identical cells in module `\ga2_amax'.
Removed a total of 0 cells.

13.7.13. Executing OPT_DFF pass (perform DFF optimizations).

13.7.14. Executing OPT_CLEAN pass (remove unused cells and wires).
Finding unused cells or wires in module \ga2_amax..

13.7.15. Executing OPT_EXPR pass (perform const folding).
Optimizing module ga2_amax.

13.7.16. Finished OPT passes. (There is nothing left to do.)

13.8. Executing FSM pass (extract and optimize FSM).

13.8.1. Executing FSM_DETECT pass (finding FSMs in design).

13.8.2. Executing FSM_EXTRACT pass (extracting FSM from design).

13.8.3. Executing FSM_OPT pass (simple optimizations of FSMs).

13.8.4. Executing OPT_CLEAN pass (remove unused cells and wires).
Finding unused cells or wires in module \ga2_amax..

13.8.5. Executing FSM_OPT pass (simple optimizations of FSMs).

13.8.6. Executing FSM_RECODE pass (re-assigning FSM state encoding).

13.8.7. Executing FSM_INFO pass (dumping all available information on FSM cells).

13.8.8. Executing FSM_MAP pass (mapping FSMs to basic logic).

13.9. Executing OPT pass (performing simple optimizations).

13.9.1. Executing OPT_EXPR pass (perform const folding).
Optimizing module ga2_amax.

13.9.2. Executing OPT_MERGE pass (detect identical cells).
Finding identical cells in module `\ga2_amax'.
Removed a total of 0 cells.

13.9.3. Executing OPT_MUXTREE pass (detect dead branches in mux trees).
Running muxtree optimizer on module \ga2_amax..
  Creating internal representation of mux trees.
  Evaluating internal representation of mux trees.
  Analyzing evaluation results.
Removed 0 multiplexer ports.
<suppressed ~11 debug messages>

13.9.4. Executing OPT_REDUCE pass (consolidate $*mux and $reduce_* inputs).
  Optimizing cells in module \ga2_amax.
Performed a total of 0 changes.

13.9.5. Executing OPT_MERGE pass (detect identical cells).
Finding identical cells in module `\ga2_amax'.
Removed a total of 0 cells.

13.9.6. Executing OPT_DFF pass (perform DFF optimizations).
Adding SRST signal on $procdff$607 ($dff) from module ga2_amax (D = $procmux$493_Y, Q = \fin, rval = 1'0).
Adding EN signal on $auto$ff.cc:266:slice$608 ($sdff) from module ga2_amax (D = $procmux$491_Y, Q = \fin).
Adding EN signal on $procdff$606 ($dff) from module ga2_amax (D = \rd, Q = \best).
Adding EN signal on $procdff$605 ($dff) from module ga2_amax (D = \j, Q = \bidx).
Adding SRST signal on $procdff$604 ($dff) from module ga2_amax (D = $procmux$534_Y, Q = \v, rval = 1'0).
Adding EN signal on $auto$ff.cc:266:slice$630 ($sdff) from module ga2_amax (D = $lt$rtl/ga2_vec.v:70$157_Y, Q = \v).
Adding EN signal on $procdff$603 ($dff) from module ga2_amax (D = $procmux$550_Y, Q = \j).
Adding SRST signal on $auto$ff.cc:266:slice$638 ($dffe) from module ga2_amax (D = $procmux$547_Y, Q = \j, rval = 12'000000000000).
Adding EN signal on $procdff$602 ($dff) from module ga2_amax (D = $procmux$563_Y, Q = \i).
Adding SRST signal on $auto$ff.cc:266:slice$650 ($dffe) from module ga2_amax (D = $procmux$560_Y, Q = \i, rval = 12'000000000000).
Adding SRST signal on $procdff$601 ($dff) from module ga2_amax (D = $procmux$476_Y, Q = \done, rval = 1'0).
Adding SRST signal on $procdff$600 ($dff) from module ga2_amax (D = $procmux$574_Y, Q = \busy, rval = 1'0).
Adding EN signal on $procdff$599 ($dff) from module ga2_amax (D = \ins [87:76], Q = \len).
Adding EN signal on $procdff$598 ($dff) from module ga2_amax (D = \ins [119:108], Q = \dst).
Adding EN signal on $procdff$597 ($dff) from module ga2_amax (D = \ins [103:92], Q = \src).

13.9.7. Executing OPT_CLEAN pass (remove unused cells and wires).
Finding unused cells or wires in module \ga2_amax..
Removed 33 unused cells and 33 unused wires.
<suppressed ~34 debug messages>

13.9.8. Executing OPT_EXPR pass (perform const folding).
Optimizing module ga2_amax.
<suppressed ~2 debug messages>

13.9.9. Rerunning OPT passes. (Maybe there is more to do..)

13.9.10. Executing OPT_MUXTREE pass (detect dead branches in mux trees).
Running muxtree optimizer on module \ga2_amax..
  Creating internal representation of mux trees.
  Evaluating internal representation of mux trees.
  Analyzing evaluation results.
Removed 0 multiplexer ports.
<suppressed ~5 debug messages>

13.9.11. Executing OPT_REDUCE pass (consolidate $*mux and $reduce_* inputs).
  Optimizing cells in module \ga2_amax.
Performed a total of 0 changes.

13.9.12. Executing OPT_MERGE pass (detect identical cells).
Finding identical cells in module `\ga2_amax'.
<suppressed ~45 debug messages>
Removed a total of 15 cells.

13.9.13. Executing OPT_DFF pass (perform DFF optimizations).

13.9.14. Executing OPT_CLEAN pass (remove unused cells and wires).
Finding unused cells or wires in module \ga2_amax..
Removed 0 unused cells and 15 unused wires.
<suppressed ~1 debug messages>

13.9.15. Executing OPT_EXPR pass (perform const folding).
Optimizing module ga2_amax.

13.9.16. Rerunning OPT passes. (Maybe there is more to do..)

13.9.17. Executing OPT_MUXTREE pass (detect dead branches in mux trees).
Running muxtree optimizer on module \ga2_amax..
  Creating internal representation of mux trees.
  Evaluating internal representation of mux trees.
  Analyzing evaluation results.
Removed 0 multiplexer ports.
<suppressed ~5 debug messages>

13.9.18. Executing OPT_REDUCE pass (consolidate $*mux and $reduce_* inputs).
  Optimizing cells in module \ga2_amax.
Performed a total of 0 changes.

13.9.19. Executing OPT_MERGE pass (detect identical cells).
Finding identical cells in module `\ga2_amax'.
Removed a total of 0 cells.

13.9.20. Executing OPT_DFF pass (perform DFF optimizations).

13.9.21. Executing OPT_CLEAN pass (remove unused cells and wires).
Finding unused cells or wires in module \ga2_amax..

13.9.22. Executing OPT_EXPR pass (perform const folding).
Optimizing module ga2_amax.

13.9.23. Finished OPT passes. (There is nothing left to do.)

13.10. Executing WREDUCE pass (reducing word size of cells).
Removed top 3 bits (of 4) from port B of cell ga2_amax.$auto$opt_dff.cc:195:make_patterns_logic$654 ($ne).
Removed top 3 bits (of 4) from port B of cell ga2_amax.$auto$opt_dff.cc:195:make_patterns_logic$642 ($ne).
Removed top 1 bits (of 3) from port B of cell ga2_amax.$auto$opt_dff.cc:195:make_patterns_logic$644 ($ne).
Removed top 31 bits (of 32) from port B of cell ga2_amax.$add$rtl/ga2_vec.v:70$159 ($add).
Removed top 20 bits (of 32) from port Y of cell ga2_amax.$add$rtl/ga2_vec.v:70$159 ($add).
Removed top 31 bits (of 32) from port B of cell ga2_amax.$add$rtl/ga2_vec.v:73$163 ($add).
Removed top 20 bits (of 32) from port Y of cell ga2_amax.$add$rtl/ga2_vec.v:73$163 ($add).
Removed top 31 bits (of 32) from port B of cell ga2_amax.$sub$rtl/ga2_vec.v:73$164 ($sub).
Removed top 19 bits (of 32) from port Y of cell ga2_amax.$sub$rtl/ga2_vec.v:73$164 ($sub).
Removed top 20 bits (of 32) from wire ga2_amax.$add$rtl/ga2_vec.v:70$159_Y.
Removed top 20 bits (of 32) from wire ga2_amax.$add$rtl/ga2_vec.v:73$163_Y.

13.11. Executing PEEPOPT pass (run peephole optimizers).

13.12. Executing OPT_CLEAN pass (remove unused cells and wires).
Finding unused cells or wires in module \ga2_amax..
Removed 0 unused cells and 2 unused wires.
<suppressed ~1 debug messages>

13.13. Executing ALUMACC pass (create $alu and $macc cells).
Extracting $alu and $macc cells in module ga2_amax:
  creating $macc model for $add$rtl/ga2_vec.v:62$153 ($add).
  creating $macc model for $add$rtl/ga2_vec.v:70$159 ($add).
  creating $macc model for $add$rtl/ga2_vec.v:73$163 ($add).
  creating $macc model for $sub$rtl/ga2_vec.v:73$164 ($sub).
  creating $alu model for $macc $sub$rtl/ga2_vec.v:73$164.
  creating $alu model for $macc $add$rtl/ga2_vec.v:73$163.
  creating $alu model for $macc $add$rtl/ga2_vec.v:70$159.
  creating $alu model for $macc $add$rtl/ga2_vec.v:62$153.
  creating $alu model for $gt$rtl/ga2_vec.v:72$161 ($gt): new $alu
  creating $alu model for $lt$rtl/ga2_vec.v:70$157 ($lt): new $alu
  creating $alu cell for $lt$rtl/ga2_vec.v:70$157: $auto$alumacc.cc:485:replace_alu$687
  creating $alu cell for $gt$rtl/ga2_vec.v:72$161: $auto$alumacc.cc:485:replace_alu$692
  creating $alu cell for $add$rtl/ga2_vec.v:62$153: $auto$alumacc.cc:485:replace_alu$699
  creating $alu cell for $add$rtl/ga2_vec.v:70$159: $auto$alumacc.cc:485:replace_alu$702
  creating $alu cell for $add$rtl/ga2_vec.v:73$163: $auto$alumacc.cc:485:replace_alu$705
  creating $alu cell for $sub$rtl/ga2_vec.v:73$164: $auto$alumacc.cc:485:replace_alu$708
  created 6 $alu and 0 $macc cells.

13.14. Executing SHARE pass (SAT-based resource sharing).

13.15. Executing OPT pass (performing simple optimizations).

13.15.1. Executing OPT_EXPR pass (perform const folding).
Optimizing module ga2_amax.
<suppressed ~1 debug messages>

13.15.2. Executing OPT_MERGE pass (detect identical cells).
Finding identical cells in module `\ga2_amax'.
Removed a total of 0 cells.

13.15.3. Executing OPT_MUXTREE pass (detect dead branches in mux trees).
Running muxtree optimizer on module \ga2_amax..
  Creating internal representation of mux trees.
  Evaluating internal representation of mux trees.
  Analyzing evaluation results.
Removed 0 multiplexer ports.
<suppressed ~5 debug messages>

13.15.4. Executing OPT_REDUCE pass (consolidate $*mux and $reduce_* inputs).
  Optimizing cells in module \ga2_amax.
Performed a total of 0 changes.

13.15.5. Executing OPT_MERGE pass (detect identical cells).
Finding identical cells in module `\ga2_amax'.
Removed a total of 0 cells.

13.15.6. Executing OPT_DFF pass (perform DFF optimizations).

13.15.7. Executing OPT_CLEAN pass (remove unused cells and wires).
Finding unused cells or wires in module \ga2_amax..
Removed 0 unused cells and 2 unused wires.
<suppressed ~1 debug messages>

13.15.8. Executing OPT_EXPR pass (perform const folding).
Optimizing module ga2_amax.

13.15.9. Rerunning OPT passes. (Maybe there is more to do..)

13.15.10. Executing OPT_MUXTREE pass (detect dead branches in mux trees).
Running muxtree optimizer on module \ga2_amax..
  Creating internal representation of mux trees.
  Evaluating internal representation of mux trees.
  Analyzing evaluation results.
Removed 0 multiplexer ports.
<suppressed ~5 debug messages>

13.15.11. Executing OPT_REDUCE pass (consolidate $*mux and $reduce_* inputs).
  Optimizing cells in module \ga2_amax.
Performed a total of 0 changes.

13.15.12. Executing OPT_MERGE pass (detect identical cells).
Finding identical cells in module `\ga2_amax'.
Removed a total of 0 cells.

13.15.13. Executing OPT_DFF pass (perform DFF optimizations).

13.15.14. Executing OPT_CLEAN pass (remove unused cells and wires).
Finding unused cells or wires in module \ga2_amax..

13.15.15. Executing OPT_EXPR pass (perform const folding).
Optimizing module ga2_amax.

13.15.16. Finished OPT passes. (There is nothing left to do.)

13.16. Executing MEMORY pass.

13.16.1. Executing OPT_MEM pass (optimize memories).
Performed a total of 0 transformations.

13.16.2. Executing OPT_MEM_PRIORITY pass (removing unnecessary memory write priority relations).
Performed a total of 0 transformations.

13.16.3. Executing OPT_MEM_FEEDBACK pass (finding memory read-to-write feedback paths).

13.16.4. Executing MEMORY_BMUX2ROM pass (converting muxes to ROMs).

13.16.5. Executing MEMORY_DFF pass (merging $dff cells to $memrd).

13.16.6. Executing OPT_CLEAN pass (remove unused cells and wires).
Finding unused cells or wires in module \ga2_amax..

13.16.7. Executing MEMORY_SHARE pass (consolidating $memrd/$memwr cells).

13.16.8. Executing OPT_MEM_WIDEN pass (optimize memories where all ports are wide).
Performed a total of 0 transformations.

13.16.9. Executing OPT_CLEAN pass (remove unused cells and wires).
Finding unused cells or wires in module \ga2_amax..

13.16.10. Executing MEMORY_COLLECT pass (generating $mem cells).

13.17. Executing OPT_CLEAN pass (remove unused cells and wires).
Finding unused cells or wires in module \ga2_amax..

13.18. Executing OPT pass (performing simple optimizations).

13.18.1. Executing OPT_EXPR pass (perform const folding).
Optimizing module ga2_amax.
<suppressed ~13 debug messages>

13.18.2. Executing OPT_MERGE pass (detect identical cells).
Finding identical cells in module `\ga2_amax'.
<suppressed ~3 debug messages>
Removed a total of 1 cells.

13.18.3. Executing OPT_DFF pass (perform DFF optimizations).

13.18.4. Executing OPT_CLEAN pass (remove unused cells and wires).
Finding unused cells or wires in module \ga2_amax..
Removed 0 unused cells and 9 unused wires.
<suppressed ~1 debug messages>

13.18.5. Finished fast OPT passes.

13.19. Executing MEMORY_MAP pass (converting memories to logic and flip-flops).

13.20. Executing OPT pass (performing simple optimizations).

13.20.1. Executing OPT_EXPR pass (perform const folding).
Optimizing module ga2_amax.

13.20.2. Executing OPT_MERGE pass (detect identical cells).
Finding identical cells in module `\ga2_amax'.
Removed a total of 0 cells.

13.20.3. Executing OPT_MUXTREE pass (detect dead branches in mux trees).
Running muxtree optimizer on module \ga2_amax..
  Creating internal representation of mux trees.
  Evaluating internal representation of mux trees.
  Analyzing evaluation results.
Removed 0 multiplexer ports.
<suppressed ~1 debug messages>

13.20.4. Executing OPT_REDUCE pass (consolidate $*mux and $reduce_* inputs).
  Optimizing cells in module \ga2_amax.
Performed a total of 0 changes.

13.20.5. Executing OPT_MERGE pass (detect identical cells).
Finding identical cells in module `\ga2_amax'.
Removed a total of 0 cells.

13.20.6. Executing OPT_SHARE pass.

13.20.7. Executing OPT_DFF pass (perform DFF optimizations).

13.20.8. Executing OPT_CLEAN pass (remove unused cells and wires).
Finding unused cells or wires in module \ga2_amax..

13.20.9. Executing OPT_EXPR pass (perform const folding).
Optimizing module ga2_amax.

13.20.10. Finished OPT passes. (There is nothing left to do.)

13.21. Executing TECHMAP pass (map to technology primitives).

13.21.1. Executing Verilog-2005 frontend: /usr/bin/../share/yosys/techmap.v
Parsing Verilog input from `/usr/bin/../share/yosys/techmap.v' to AST representation.
Generating RTLIL representation for module `\_90_simplemap_bool_ops'.
Generating RTLIL representation for module `\_90_simplemap_reduce_ops'.
Generating RTLIL representation for module `\_90_simplemap_logic_ops'.
Generating RTLIL representation for module `\_90_simplemap_compare_ops'.
Generating RTLIL representation for module `\_90_simplemap_various'.
Generating RTLIL representation for module `\_90_simplemap_registers'.
Generating RTLIL representation for module `\_90_shift_ops_shr_shl_sshl_sshr'.
Generating RTLIL representation for module `\_90_shift_shiftx'.
Generating RTLIL representation for module `\_90_fa'.
Generating RTLIL representation for module `\_90_lcu'.
Generating RTLIL representation for module `\_90_alu'.
Generating RTLIL representation for module `\_90_macc'.
Generating RTLIL representation for module `\_90_alumacc'.
Generating RTLIL representation for module `\$__div_mod_u'.
Generating RTLIL representation for module `\$__div_mod_trunc'.
Generating RTLIL representation for module `\_90_div'.
Generating RTLIL representation for module `\_90_mod'.
Generating RTLIL representation for module `\$__div_mod_floor'.
Generating RTLIL representation for module `\_90_divfloor'.
Generating RTLIL representation for module `\_90_modfloor'.
Generating RTLIL representation for module `\_90_pow'.
Generating RTLIL representation for module `\_90_pmux'.
Generating RTLIL representation for module `\_90_demux'.
Generating RTLIL representation for module `\_90_lut'.
Successfully finished Verilog frontend.

13.21.2. Continuing TECHMAP pass.
Using extmapper simplemap for cells of type $reduce_or.
Using extmapper simplemap for cells of type $mux.
Using extmapper simplemap for cells of type $and.
Using extmapper simplemap for cells of type $reduce_and.
Using extmapper simplemap for cells of type $not.
Using extmapper simplemap for cells of type $ne.
Using extmapper simplemap for cells of type $xor.
Using extmapper simplemap for cells of type $sdffe.
Using extmapper simplemap for cells of type $dffe.
Using extmapper simplemap for cells of type $sdff.
Using extmapper simplemap for cells of type $sdffce.
Using extmapper simplemap for cells of type $or.
Using template $paramod$ee3d784672cdb1cb32d9a801a3af776716f16b74\_90_alu for cells of type $alu.
Using extmapper simplemap for cells of type $reduce_bool.
Using template $paramod$8f780356cb6cdb52f6a744190131b65634639c4e\_90_alu for cells of type $alu.
Using extmapper simplemap for cells of type $logic_not.
Using extmapper simplemap for cells of type $logic_and.
Using template $paramod$2653f68ddb8eab7b1907b4a20767b72a824a7a36\_90_alu for cells of type $alu.
Using extmapper simplemap for cells of type $logic_or.
Using template $paramod$4723f36546de75c7b865d95396fc0936b66ab54e\_90_alu for cells of type $alu.
Using extmapper simplemap for cells of type $eq.
Using extmapper simplemap for cells of type $pos.
Using template $paramod\_90_lcu\WIDTH=32'00000000000000000000000000001100 for cells of type $lcu.
Using template $paramod\_90_lcu\WIDTH=32'00000000000000000000000000100000 for cells of type $lcu.
Using template $paramod\_90_lcu\WIDTH=32'00000000000000000000000000001101 for cells of type $lcu.
No more expansions possible.
<suppressed ~982 debug messages>

13.22. Executing OPT pass (performing simple optimizations).

13.22.1. Executing OPT_EXPR pass (perform const folding).
Optimizing module ga2_amax.
<suppressed ~267 debug messages>

13.22.2. Executing OPT_MERGE pass (detect identical cells).
Finding identical cells in module `\ga2_amax'.
<suppressed ~96 debug messages>
Removed a total of 32 cells.

13.22.3. Executing OPT_DFF pass (perform DFF optimizations).

13.22.4. Executing OPT_CLEAN pass (remove unused cells and wires).
Finding unused cells or wires in module \ga2_amax..
Removed 138 unused cells and 282 unused wires.
<suppressed ~139 debug messages>

13.22.5. Finished fast OPT passes.

13.23. Executing ABC pass (technology mapping using ABC).

13.23.1. Extracting gate netlist of module `\ga2_amax' to `<abc-temp-dir>/input.blif'..
Extracted 512 gates and 630 wires to a netlist network with 117 inputs and 47 outputs.

13.23.1.1. Executing ABC.
Running ABC command: "<yosys-exe-dir>/yosys-abc" -s -f <abc-temp-dir>/abc.script 2>&1
ABC: ABC command line: "source <abc-temp-dir>/abc.script".
ABC: 
ABC: + read_blif <abc-temp-dir>/input.blif 
ABC: + read_library <abc-temp-dir>/stdcells.genlib 
ABC: Entered genlib library with 13 gates from file "<abc-temp-dir>/stdcells.genlib".
ABC: + strash 
ABC: + dretime 
ABC: + map 
ABC: + write_blif <abc-temp-dir>/output.blif 

13.23.1.2. Re-integrating ABC results.
ABC RESULTS:               NOT cells:        8
ABC RESULTS:             ORNOT cells:       43
ABC RESULTS:              XNOR cells:       36
ABC RESULTS:               NOR cells:       17
ABC RESULTS:              NAND cells:       19
ABC RESULTS:            ANDNOT cells:      158
ABC RESULTS:               AND cells:       20
ABC RESULTS:               XOR cells:       75
ABC RESULTS:                OR cells:       61
ABC RESULTS:        internal signals:      466
ABC RESULTS:           input signals:      117
ABC RESULTS:          output signals:       47
Removing temp directory.

13.24. Executing OPT pass (performing simple optimizations).

13.24.1. Executing OPT_EXPR pass (perform const folding).
Optimizing module ga2_amax.

13.24.2. Executing OPT_MERGE pass (detect identical cells).
Finding identical cells in module `\ga2_amax'.
<suppressed ~15 debug messages>
Removed a total of 5 cells.

13.24.3. Executing OPT_DFF pass (perform DFF optimizations).

13.24.4. Executing OPT_CLEAN pass (remove unused cells and wires).
Finding unused cells or wires in module \ga2_amax..
Removed 0 unused cells and 395 unused wires.
<suppressed ~1 debug messages>

13.24.5. Finished fast OPT passes.

13.25. Executing HIERARCHY pass (managing design hierarchy).

13.25.1. Analyzing design hierarchy..
Top module:  \ga2_amax

13.25.2. Analyzing design hierarchy..
Top module:  \ga2_amax
Removed 0 unused modules.

13.26. Printing statistics.

=== ga2_amax ===

   Number of wires:                420
   Number of wire bits:            772
   Number of public wires:          20
   Number of public wire bits:     328
   Number of memories:               0
   Number of memory bits:            0
   Number of processes:              0
   Number of cells:                540
     $_ANDNOT_                     158
     $_AND_                         20
     $_DFFE_PP_                     80
     $_NAND_                        19
     $_NOR_                         17
     $_NOT_                          8
     $_ORNOT_                       42
     $_OR_                          57
     $_SDFFCE_PP0P_                 24
     $_SDFFE_PP0P_                   2
     $_SDFF_PP0_                     2
     $_XNOR_                        36
     $_XOR_                         75

13.27. Executing CHECK pass (checking for obvious problems).
Checking module ga2_amax...
Found and reported 0 problems.

14. Executing DFFLEGALIZE pass (convert FFs to types supported by the target).

15. Executing DFFLIBMAP pass (mapping DFF cells to sequential cells from liberty file).
  cell DFF (noninv, pins=3, area=5.00) is a direct match for cell type $_DFF_P_.
  final dff cell mappings:
    unmapped dff cell: $_DFF_N_
    \DFF _DFF_P_ (.CK( C), .D( D), .Q( Q));
    unmapped dff cell: $_DFF_NN0_
    unmapped dff cell: $_DFF_NN1_
    unmapped dff cell: $_DFF_NP0_
    unmapped dff cell: $_DFF_NP1_
    unmapped dff cell: $_DFF_PN0_
    unmapped dff cell: $_DFF_PN1_
    unmapped dff cell: $_DFF_PP0_
    unmapped dff cell: $_DFF_PP1_
    unmapped dff cell: $_DFFSR_NNN_
    unmapped dff cell: $_DFFSR_NNP_
    unmapped dff cell: $_DFFSR_NPN_
    unmapped dff cell: $_DFFSR_NPP_
    unmapped dff cell: $_DFFSR_PNN_
    unmapped dff cell: $_DFFSR_PNP_
    unmapped dff cell: $_DFFSR_PPN_
    unmapped dff cell: $_DFFSR_PPP_

15.1. Executing DFFLEGALIZE pass (convert FFs to types supported by the target).
Mapping DFF cells in module `\ga2_amax':
  mapped 108 $_DFF_P_ cells to \DFF cells.

16. Executing ABC pass (technology mapping using ABC).

16.1. Extracting gate netlist of module `\ga2_amax' to `<abc-temp-dir>/input.blif'..
Extracted 566 gates and 744 wires to a netlist network with 177 inputs and 120 outputs.

16.1.1. Executing ABC.
Running ABC command: "<yosys-exe-dir>/yosys-abc" -s -f <abc-temp-dir>/abc.script 2>&1
ABC: ABC command line: "source <abc-temp-dir>/abc.script".
ABC: 
ABC: + read_blif <abc-temp-dir>/input.blif 
ABC: + read_lib -w /home/user/unix_os_from_scratch/silicon_compiler_from_scratch/lib/toy.lib 
ABC: Parsing finished successfully.  Parsing time =     0.00 sec
ABC: Warning: Templates are not defined.
ABC: Scl_LibertyReadGenlib() skipped sequential cell "DFF".
ABC: Library "toy" from "/home/user/unix_os_from_scratch/silicon_compiler_from_scratch/lib/toy.lib" has 13 cells (1 skipped: 1 seq; 0 tri-state; 0 no func; 0 dont_use).  Time =     0.00 sec
ABC: Memory =    0.05 MB. Time =     0.00 sec
ABC: + strash 
ABC: + &get -n 
ABC: + &fraig -x 
ABC: + &put 
ABC: + scorr 
ABC: Warning: The network is combinational (run "fraig" or "fraig_sweep").
ABC: + dc2 
ABC: + dretime 
ABC: + strash 
ABC: + &get -n 
ABC: + &dch -f 
ABC: + &nf 
ABC: + &put 
ABC: + write_blif <abc-temp-dir>/output.blif 

16.1.2. Re-integrating ABC results.
ABC RESULTS:               INV cells:       50
ABC RESULTS:              XOR2 cells:       26
ABC RESULTS:             OAI21 cells:       30
ABC RESULTS:             AOI21 cells:       34
ABC RESULTS:               OR2 cells:        8
ABC RESULTS:              AND2 cells:       14
ABC RESULTS:              NOR3 cells:       34
ABC RESULTS:             NAND2 cells:       60
ABC RESULTS:             NAND3 cells:       13
ABC RESULTS:             XNOR2 cells:       48
ABC RESULTS:              NOR2 cells:       69
ABC RESULTS:              MUX2 cells:       82
ABC RESULTS:        internal signals:      447
ABC RESULTS:           input signals:      177
ABC RESULTS:          output signals:      120
Removing temp directory.

17. Executing OPT_CLEAN pass (remove unused cells and wires).
Finding unused cells or wires in module \ga2_amax..
Removed 0 unused cells and 726 unused wires.
<suppressed ~4 debug messages>

18. Printing statistics.

=== ga2_amax ===

   Number of wires:                473
   Number of wire bits:            759
   Number of public wires:          17
   Number of public wire bits:     303
   Number of memories:               0
   Number of memory bits:            0
   Number of processes:              0
   Number of cells:                576
     AND2                           14
     AOI21                          34
     DFF                           108
     INV                            50
     MUX2                           82
     NAND2                          60
     NAND3                          13
     NOR2                           69
     NOR3                           34
     OAI21                          30
     OR2                             8
     XNOR2                          48
     XOR2                           26

   Chip area for module '\ga2_amax': 1248.200000

19. Executing Verilog backend.

19.1. Executing BMUXMAP pass.

19.2. Executing DEMUXMAP pass.
Dumping module `\ga2_amax'.

20. Executing JSON backend.

Warnings: 2 unique messages, 2 total
End of script. Logfile hash: 0e03bbc3b2, CPU: user 0.34s system 0.01s, MEM: 44.96 MB peak
Yosys 0.33 (git sha1 2584903a060)
Time spent: 40% 2x abc (0 sec), 12% 23x opt_expr (0 sec), ...
