
 /----------------------------------------------------------------------------\
 |                                                                            |
 |  yosys -- Yosys Open SYnthesis Suite                                       |
 |                                                                            |
 |  Copyright (C) 2012 - 2020  Claire Xenia Wolf <claire@yosyshq.com>         |
 |                                                                            |
 |  Permission to use, copy, modify, and/or distribute this software for any  |
 |  purpose with or without fee is hereby granted, provided that the above    |
 |  copyright notice and this permission notice appear in all copies.         |
 |                                                                            |
 |  THE SOFTWARE IS PROVIDED "AS IS" AND THE AUTHOR DISCLAIMS ALL WARRANTIES  |
 |  WITH REGARD TO THIS SOFTWARE INCLUDING ALL IMPLIED WARRANTIES OF          |
 |  MERCHANTABILITY AND FITNESS. IN NO EVENT SHALL THE AUTHOR BE LIABLE FOR   |
 |  ANY SPECIAL, DIRECT, INDIRECT, OR CONSEQUENTIAL DAMAGES OR ANY DAMAGES    |
 |  WHATSOEVER RESULTING FROM LOSS OF USE, DATA OR PROFITS, WHETHER IN AN     |
 |  ACTION OF CONTRACT, NEGLIGENCE OR OTHER TORTIOUS ACTION, ARISING OUT OF   |
 |  OR IN CONNECTION WITH THE USE OR PERFORMANCE OF THIS SOFTWARE.            |
 |                                                                            |
 \----------------------------------------------------------------------------/

 Yosys 0.33 (git sha1 2584903a060)


-- Running command `read_verilog -sv rtl/demo_add.v out/kogge_w4.v; hierarchy -top kogge_w4; synth -flatten -top kogge_w4; dfflegalize -cell $_DFF_P_ x; dfflibmap -liberty lib/toy.lib; abc -liberty lib/toy.lib; opt_clean -purge; tee -o out/kogge_w4_stat.txt stat -liberty lib/toy.lib; write_verilog -noattr out/kogge_w4_net.v; write_json out/kogge_w4_net.json' --

1. Executing Verilog-2005 frontend: rtl/demo_add.v
Parsing SystemVerilog input from `rtl/demo_add.v' to AST representation.
Generating RTLIL representation for module `\demo_add'.
Generating RTLIL representation for module `\demo_ripple'.
Generating RTLIL representation for module `\demo_kogge'.
Successfully finished Verilog frontend.

2. Executing Verilog-2005 frontend: out/kogge_w4.v
Parsing SystemVerilog input from `out/kogge_w4.v' to AST representation.
Generating RTLIL representation for module `\kogge_w4'.
Successfully finished Verilog frontend.

3. Executing HIERARCHY pass (managing design hierarchy).

3.1. Analyzing design hierarchy..
Top module:  \kogge_w4
Used module:     \demo_kogge
Parameter \W = 4

3.2. Executing AST frontend in derive mode using pre-parsed AST for module `\demo_kogge'.
Parameter \W = 4
Generating RTLIL representation for module `$paramod\demo_kogge\W=s32'00000000000000000000000000000100'.

3.3. Analyzing design hierarchy..
Top module:  \kogge_w4
Used module:     $paramod\demo_kogge\W=s32'00000000000000000000000000000100

3.4. Analyzing design hierarchy..
Top module:  \kogge_w4
Used module:     $paramod\demo_kogge\W=s32'00000000000000000000000000000100
Removing unused module `\demo_kogge'.
Removing unused module `\demo_ripple'.
Removing unused module `\demo_add'.
Removed 3 unused modules.

4. Executing SYNTH pass.

4.1. Executing HIERARCHY pass (managing design hierarchy).

4.1.1. Analyzing design hierarchy..
Top module:  \kogge_w4
Used module:     $paramod\demo_kogge\W=s32'00000000000000000000000000000100

4.1.2. Analyzing design hierarchy..
Top module:  \kogge_w4
Used module:     $paramod\demo_kogge\W=s32'00000000000000000000000000000100
Removed 0 unused modules.

4.2. Executing PROC pass (convert processes to netlists).

4.2.1. Executing PROC_CLEAN pass (remove empty switches from decision trees).
Cleaned up 0 empty switches.

4.2.2. Executing PROC_RMDEAD pass (remove dead branches from decision trees).
Removed a total of 0 dead cases.

4.2.3. Executing PROC_PRUNE pass (remove redundant assignments in processes).
Removed 0 redundant assignments.
Promoted 18 assignments to connections.

4.2.4. Executing PROC_INIT pass (extract init attributes).

4.2.5. Executing PROC_ARST pass (detect async resets in processes).

4.2.6. Executing PROC_ROM pass (convert switches to ROMs).
Converted 0 switches.

4.2.7. Executing PROC_MUX pass (convert decision trees to multiplexers).
Creating decoders for process `$paramod\demo_kogge\W=s32'00000000000000000000000000000100.$proc$rtl/demo_add.v:0$114'.

4.2.8. Executing PROC_DLATCH pass (convert process syncs to latches).
No latch inferred for signal `$paramod\demo_kogge\W=s32'00000000000000000000000000000100.\G[0]' from process `$paramod\demo_kogge\W=s32'00000000000000000000000000000100.$proc$rtl/demo_add.v:0$114'.
No latch inferred for signal `$paramod\demo_kogge\W=s32'00000000000000000000000000000100.\G[1]' from process `$paramod\demo_kogge\W=s32'00000000000000000000000000000100.$proc$rtl/demo_add.v:0$114'.
No latch inferred for signal `$paramod\demo_kogge\W=s32'00000000000000000000000000000100.\G[2]' from process `$paramod\demo_kogge\W=s32'00000000000000000000000000000100.$proc$rtl/demo_add.v:0$114'.
No latch inferred for signal `$paramod\demo_kogge\W=s32'00000000000000000000000000000100.\P[0]' from process `$paramod\demo_kogge\W=s32'00000000000000000000000000000100.$proc$rtl/demo_add.v:0$114'.
No latch inferred for signal `$paramod\demo_kogge\W=s32'00000000000000000000000000000100.\P[1]' from process `$paramod\demo_kogge\W=s32'00000000000000000000000000000100.$proc$rtl/demo_add.v:0$114'.
No latch inferred for signal `$paramod\demo_kogge\W=s32'00000000000000000000000000000100.\P[2]' from process `$paramod\demo_kogge\W=s32'00000000000000000000000000000100.$proc$rtl/demo_add.v:0$114'.

4.2.9. Executing PROC_DFF pass (convert process syncs to FFs).

4.2.10. Executing PROC_MEMWR pass (convert process memory writes to cells).

4.2.11. Executing PROC_CLEAN pass (remove empty switches from decision trees).
Removing empty process `$paramod\demo_kogge\W=s32'00000000000000000000000000000100.$proc$rtl/demo_add.v:0$114'.
Cleaned up 0 empty switches.

4.2.12. Executing OPT_EXPR pass (perform const folding).
Optimizing module kogge_w4.
Optimizing module $paramod\demo_kogge\W=s32'00000000000000000000000000000100.

4.3. Executing FLATTEN pass (flatten design).
Deleting now unused module $paramod\demo_kogge\W=s32'00000000000000000000000000000100.
<suppressed ~1 debug messages>

4.4. Executing OPT_EXPR pass (perform const folding).
Optimizing module kogge_w4.

4.5. Executing OPT_CLEAN pass (remove unused cells and wires).
Finding unused cells or wires in module \kogge_w4..
Removed 3 unused cells and 21 unused wires.
<suppressed ~4 debug messages>

4.6. Executing CHECK pass (checking for obvious problems).
Checking module kogge_w4...
Found and reported 0 problems.

4.7. Executing OPT pass (performing simple optimizations).

4.7.1. Executing OPT_EXPR pass (perform const folding).
Optimizing module kogge_w4.

4.7.2. Executing OPT_MERGE pass (detect identical cells).
Finding identical cells in module `\kogge_w4'.
Removed a total of 0 cells.

4.7.3. Executing OPT_MUXTREE pass (detect dead branches in mux trees).
Running muxtree optimizer on module \kogge_w4..
  Creating internal representation of mux trees.
  No muxes found in this module.
Removed 0 multiplexer ports.

4.7.4. Executing OPT_REDUCE pass (consolidate $*mux and $reduce_* inputs).
  Optimizing cells in module \kogge_w4.
Performed a total of 0 changes.

4.7.5. Executing OPT_MERGE pass (detect identical cells).
Finding identical cells in module `\kogge_w4'.
Removed a total of 0 cells.

4.7.6. Executing OPT_DFF pass (perform DFF optimizations).

4.7.7. Executing OPT_CLEAN pass (remove unused cells and wires).
Finding unused cells or wires in module \kogge_w4..

4.7.8. Executing OPT_EXPR pass (perform const folding).
Optimizing module kogge_w4.

4.7.9. Finished OPT passes. (There is nothing left to do.)

4.8. Executing FSM pass (extract and optimize FSM).

4.8.1. Executing FSM_DETECT pass (finding FSMs in design).

4.8.2. Executing FSM_EXTRACT pass (extracting FSM from design).

4.8.3. Executing FSM_OPT pass (simple optimizations of FSMs).

4.8.4. Executing OPT_CLEAN pass (remove unused cells and wires).
Finding unused cells or wires in module \kogge_w4..

4.8.5. Executing FSM_OPT pass (simple optimizations of FSMs).

4.8.6. Executing FSM_RECODE pass (re-assigning FSM state encoding).

4.8.7. Executing FSM_INFO pass (dumping all available information on FSM cells).

4.8.8. Executing FSM_MAP pass (mapping FSMs to basic logic).

4.9. Executing OPT pass (performing simple optimizations).

4.9.1. Executing OPT_EXPR pass (perform const folding).
Optimizing module kogge_w4.

4.9.2. Executing OPT_MERGE pass (detect identical cells).
Finding identical cells in module `\kogge_w4'.
Removed a total of 0 cells.

4.9.3. Executing OPT_MUXTREE pass (detect dead branches in mux trees).
Running muxtree optimizer on module \kogge_w4..
  Creating internal representation of mux trees.
  No muxes found in this module.
Removed 0 multiplexer ports.

4.9.4. Executing OPT_REDUCE pass (consolidate $*mux and $reduce_* inputs).
  Optimizing cells in module \kogge_w4.
Performed a total of 0 changes.

4.9.5. Executing OPT_MERGE pass (detect identical cells).
Finding identical cells in module `\kogge_w4'.
Removed a total of 0 cells.

4.9.6. Executing OPT_DFF pass (perform DFF optimizations).

4.9.7. Executing OPT_CLEAN pass (remove unused cells and wires).
Finding unused cells or wires in module \kogge_w4..

4.9.8. Executing OPT_EXPR pass (perform const folding).
Optimizing module kogge_w4.

4.9.9. Finished OPT passes. (There is nothing left to do.)

4.10. Executing WREDUCE pass (reducing word size of cells).

4.11. Executing PEEPOPT pass (run peephole optimizers).

4.12. Executing OPT_CLEAN pass (remove unused cells and wires).
Finding unused cells or wires in module \kogge_w4..

4.13. Executing ALUMACC pass (create $alu and $macc cells).
Extracting $alu and $macc cells in module kogge_w4:
  created 0 $alu and 0 $macc cells.

4.14. Executing SHARE pass (SAT-based resource sharing).

4.15. Executing OPT pass (performing simple optimizations).

4.15.1. Executing OPT_EXPR pass (perform const folding).
Optimizing module kogge_w4.

4.15.2. Executing OPT_MERGE pass (detect identical cells).
Finding identical cells in module `\kogge_w4'.
Removed a total of 0 cells.

4.15.3. Executing OPT_MUXTREE pass (detect dead branches in mux trees).
Running muxtree optimizer on module \kogge_w4..
  Creating internal representation of mux trees.
  No muxes found in this module.
Removed 0 multiplexer ports.

4.15.4. Executing OPT_REDUCE pass (consolidate $*mux and $reduce_* inputs).
  Optimizing cells in module \kogge_w4.
Performed a total of 0 changes.

4.15.5. Executing OPT_MERGE pass (detect identical cells).
Finding identical cells in module `\kogge_w4'.
Removed a total of 0 cells.

4.15.6. Executing OPT_DFF pass (perform DFF optimizations).

4.15.7. Executing OPT_CLEAN pass (remove unused cells and wires).
Finding unused cells or wires in module \kogge_w4..

4.15.8. Executing OPT_EXPR pass (perform const folding).
Optimizing module kogge_w4.

4.15.9. Finished OPT passes. (There is nothing left to do.)

4.16. Executing MEMORY pass.

4.16.1. Executing OPT_MEM pass (optimize memories).
Performed a total of 0 transformations.

4.16.2. Executing OPT_MEM_PRIORITY pass (removing unnecessary memory write priority relations).
Performed a total of 0 transformations.

4.16.3. Executing OPT_MEM_FEEDBACK pass (finding memory read-to-write feedback paths).

4.16.4. Executing MEMORY_BMUX2ROM pass (converting muxes to ROMs).

4.16.5. Executing MEMORY_DFF pass (merging $dff cells to $memrd).

4.16.6. Executing OPT_CLEAN pass (remove unused cells and wires).
Finding unused cells or wires in module \kogge_w4..

4.16.7. Executing MEMORY_SHARE pass (consolidating $memrd/$memwr cells).

4.16.8. Executing OPT_MEM_WIDEN pass (optimize memories where all ports are wide).
Performed a total of 0 transformations.

4.16.9. Executing OPT_CLEAN pass (remove unused cells and wires).
Finding unused cells or wires in module \kogge_w4..

4.16.10. Executing MEMORY_COLLECT pass (generating $mem cells).

4.17. Executing OPT_CLEAN pass (remove unused cells and wires).
Finding unused cells or wires in module \kogge_w4..

4.18. Executing OPT pass (performing simple optimizations).

4.18.1. Executing OPT_EXPR pass (perform const folding).
Optimizing module kogge_w4.
<suppressed ~3 debug messages>

4.18.2. Executing OPT_MERGE pass (detect identical cells).
Finding identical cells in module `\kogge_w4'.
Removed a total of 0 cells.

4.18.3. Executing OPT_DFF pass (perform DFF optimizations).

4.18.4. Executing OPT_CLEAN pass (remove unused cells and wires).
Finding unused cells or wires in module \kogge_w4..

4.18.5. Finished fast OPT passes.

4.19. Executing MEMORY_MAP pass (converting memories to logic and flip-flops).

4.20. Executing OPT pass (performing simple optimizations).

4.20.1. Executing OPT_EXPR pass (perform const folding).
Optimizing module kogge_w4.

4.20.2. Executing OPT_MERGE pass (detect identical cells).
Finding identical cells in module `\kogge_w4'.
Removed a total of 0 cells.

4.20.3. Executing OPT_MUXTREE pass (detect dead branches in mux trees).
Running muxtree optimizer on module \kogge_w4..
  Creating internal representation of mux trees.
  No muxes found in this module.
Removed 0 multiplexer ports.

4.20.4. Executing OPT_REDUCE pass (consolidate $*mux and $reduce_* inputs).
  Optimizing cells in module \kogge_w4.
Performed a total of 0 changes.

4.20.5. Executing OPT_MERGE pass (detect identical cells).
Finding identical cells in module `\kogge_w4'.
Removed a total of 0 cells.

4.20.6. Executing OPT_SHARE pass.

4.20.7. Executing OPT_DFF pass (perform DFF optimizations).

4.20.8. Executing OPT_CLEAN pass (remove unused cells and wires).
Finding unused cells or wires in module \kogge_w4..

4.20.9. Executing OPT_EXPR pass (perform const folding).
Optimizing module kogge_w4.

4.20.10. Finished OPT passes. (There is nothing left to do.)

4.21. Executing TECHMAP pass (map to technology primitives).

4.21.1. Executing Verilog-2005 frontend: /usr/bin/../share/yosys/techmap.v
Parsing Verilog input from `/usr/bin/../share/yosys/techmap.v' to AST representation.
Generating RTLIL representation for module `\_90_simplemap_bool_ops'.
Generating RTLIL representation for module `\_90_simplemap_reduce_ops'.
Generating RTLIL representation for module `\_90_simplemap_logic_ops'.
Generating RTLIL representation for module `\_90_simplemap_compare_ops'.
Generating RTLIL representation for module `\_90_simplemap_various'.
Generating RTLIL representation for module `\_90_simplemap_registers'.
Generating RTLIL representation for module `\_90_shift_ops_shr_shl_sshl_sshr'.
Generating RTLIL representation for module `\_90_shift_shiftx'.
Generating RTLIL representation for module `\_90_fa'.
Generating RTLIL representation for module `\_90_lcu'.
Generating RTLIL representation for module `\_90_alu'.
Generating RTLIL representation for module `\_90_macc'.
Generating RTLIL representation for module `\_90_alumacc'.
Generating RTLIL representation for module `\$__div_mod_u'.
Generating RTLIL representation for module `\$__div_mod_trunc'.
Generating RTLIL representation for module `\_90_div'.
Generating RTLIL representation for module `\_90_mod'.
Generating RTLIL representation for module `\$__div_mod_floor'.
Generating RTLIL representation for module `\_90_divfloor'.
Generating RTLIL representation for module `\_90_modfloor'.
Generating RTLIL representation for module `\_90_pow'.
Generating RTLIL representation for module `\_90_pmux'.
Generating RTLIL representation for module `\_90_demux'.
Generating RTLIL representation for module `\_90_lut'.
Successfully finished Verilog frontend.

4.21.2. Continuing TECHMAP pass.
Using extmapper simplemap for cells of type $and.
Using extmapper simplemap for cells of type $or.
Using extmapper simplemap for cells of type $xor.
No more expansions possible.
<suppressed ~90 debug messages>

4.22. Executing OPT pass (performing simple optimizations).

4.22.1. Executing OPT_EXPR pass (perform const folding).
Optimizing module kogge_w4.

4.22.2. Executing OPT_MERGE pass (detect identical cells).
Finding identical cells in module `\kogge_w4'.
Removed a total of 0 cells.

4.22.3. Executing OPT_DFF pass (perform DFF optimizations).

4.22.4. Executing OPT_CLEAN pass (remove unused cells and wires).
Finding unused cells or wires in module \kogge_w4..

4.22.5. Finished fast OPT passes.

4.23. Executing ABC pass (technology mapping using ABC).

4.23.1. Extracting gate netlist of module `\kogge_w4' to `<abc-temp-dir>/input.blif'..
Extracted 23 gates and 31 wires to a netlist network with 8 inputs and 5 outputs.

4.23.1.1. Executing ABC.
Running ABC command: "<yosys-exe-dir>/yosys-abc" -s -f <abc-temp-dir>/abc.script 2>&1
ABC: ABC command line: "source <abc-temp-dir>/abc.script".
ABC: 
ABC: + read_blif <abc-temp-dir>/input.blif 
ABC: + read_library <abc-temp-dir>/stdcells.genlib 
ABC: Entered genlib library with 13 gates from file "<abc-temp-dir>/stdcells.genlib".
ABC: + strash 
ABC: + dretime 
ABC: + map 
ABC: + write_blif <abc-temp-dir>/output.blif 

4.23.1.2. Re-integrating ABC results.
ABC RESULTS:              NAND cells:        2
ABC RESULTS:               AND cells:        2
ABC RESULTS:              XNOR cells:        3
ABC RESULTS:               NOR cells:        1
ABC RESULTS:                OR cells:        3
ABC RESULTS:            ANDNOT cells:        7
ABC RESULTS:             ORNOT cells:        1
ABC RESULTS:               XOR cells:        4
ABC RESULTS:        internal signals:       18
ABC RESULTS:           input signals:        8
ABC RESULTS:          output signals:        5
Removing temp directory.

4.24. Executing OPT pass (performing simple optimizations).

4.24.1. Executing OPT_EXPR pass (perform const folding).
Optimizing module kogge_w4.

4.24.2. Executing OPT_MERGE pass (detect identical cells).
Finding identical cells in module `\kogge_w4'.
Removed a total of 0 cells.

4.24.3. Executing OPT_DFF pass (perform DFF optimizations).

4.24.4. Executing OPT_CLEAN pass (remove unused cells and wires).
Finding unused cells or wires in module \kogge_w4..
Removed 0 unused cells and 20 unused wires.
<suppressed ~3 debug messages>

4.24.5. Finished fast OPT passes.

4.25. Executing HIERARCHY pass (managing design hierarchy).

4.25.1. Analyzing design hierarchy..
Top module:  \kogge_w4

4.25.2. Analyzing design hierarchy..
Top module:  \kogge_w4
Removed 0 unused modules.

4.26. Printing statistics.

=== kogge_w4 ===

   Number of wires:                 28
   Number of wire bits:             60
   Number of public wires:          10
   Number of public wire bits:      42
   Number of memories:               0
   Number of memory bits:            0
   Number of processes:              0
   Number of cells:                 23
     $_ANDNOT_                       7
     $_AND_                          2
     $_NAND_                         2
     $_NOR_                          1
     $_ORNOT_                        1
     $_OR_                           3
     $_XNOR_                         3
     $_XOR_                          4

4.27. Executing CHECK pass (checking for obvious problems).
Checking module kogge_w4...
Found and reported 0 problems.

5. Executing DFFLEGALIZE pass (convert FFs to types supported by the target).

6. Executing DFFLIBMAP pass (mapping DFF cells to sequential cells from liberty file).
  cell DFF (noninv, pins=3, area=5.00) is a direct match for cell type $_DFF_P_.
  final dff cell mappings:
    unmapped dff cell: $_DFF_N_
    \DFF _DFF_P_ (.CK( C), .D( D), .Q( Q));
    unmapped dff cell: $_DFF_NN0_
    unmapped dff cell: $_DFF_NN1_
    unmapped dff cell: $_DFF_NP0_
    unmapped dff cell: $_DFF_NP1_
    unmapped dff cell: $_DFF_PN0_
    unmapped dff cell: $_DFF_PN1_
    unmapped dff cell: $_DFF_PP0_
    unmapped dff cell: $_DFF_PP1_
    unmapped dff cell: $_DFFSR_NNN_
    unmapped dff cell: $_DFFSR_NNP_
    unmapped dff cell: $_DFFSR_NPN_
    unmapped dff cell: $_DFFSR_NPP_
    unmapped dff cell: $_DFFSR_PNN_
    unmapped dff cell: $_DFFSR_PNP_
    unmapped dff cell: $_DFFSR_PPN_
    unmapped dff cell: $_DFFSR_PPP_

6.1. Executing DFFLEGALIZE pass (convert FFs to types supported by the target).
Mapping DFF cells in module `\kogge_w4':

7. Executing ABC pass (technology mapping using ABC).

7.1. Extracting gate netlist of module `\kogge_w4' to `<abc-temp-dir>/input.blif'..
Extracted 23 gates and 31 wires to a netlist network with 8 inputs and 5 outputs.

7.1.1. Executing ABC.
Running ABC command: "<yosys-exe-dir>/yosys-abc" -s -f <abc-temp-dir>/abc.script 2>&1
ABC: ABC command line: "source <abc-temp-dir>/abc.script".
ABC: 
ABC: + read_blif <abc-temp-dir>/input.blif 
ABC: + read_lib -w /home/user/unix_os_from_scratch/silicon_compiler_from_scratch/lib/toy.lib 
ABC: Parsing finished successfully.  Parsing time =     0.00 sec
ABC: Warning: Templates are not defined.
ABC: Scl_LibertyReadGenlib() skipped sequential cell "DFF".
ABC: Library "toy" from "/home/user/unix_os_from_scratch/silicon_compiler_from_scratch/lib/toy.lib" has 13 cells (1 skipped: 1 seq; 0 tri-state; 0 no func; 0 dont_use).  Time =     0.00 sec
ABC: Memory =    0.05 MB. Time =     0.00 sec
ABC: + strash 
ABC: + &get -n 
ABC: + &fraig -x 
ABC: + &put 
ABC: + scorr 
ABC: Warning: The network is combinational (run "fraig" or "fraig_sweep").
ABC: + dc2 
ABC: + dretime 
ABC: + strash 
ABC: + &get -n 
ABC: + &dch -f 
ABC: + &nf 
ABC: + &put 
ABC: + write_blif <abc-temp-dir>/output.blif 

7.1.2. Re-integrating ABC results.
ABC RESULTS:              AND2 cells:        1
ABC RESULTS:               OR2 cells:        1
ABC RESULTS:             NAND2 cells:        3
ABC RESULTS:             AOI21 cells:        1
ABC RESULTS:              NOR2 cells:        2
ABC RESULTS:             OAI21 cells:        2
ABC RESULTS:             XNOR2 cells:        4
ABC RESULTS:              XOR2 cells:        3
ABC RESULTS:        internal signals:       18
ABC RESULTS:           input signals:        8
ABC RESULTS:          output signals:        5
Removing temp directory.

8. Executing OPT_CLEAN pass (remove unused cells and wires).
Finding unused cells or wires in module \kogge_w4..
Removed 0 unused cells and 38 unused wires.
<suppressed ~8 debug messages>

9. Printing statistics.

=== kogge_w4 ===

   Number of wires:                 15
   Number of wire bits:             25
   Number of public wires:           3
   Number of public wire bits:      13
   Number of memories:               0
   Number of memory bits:            0
   Number of processes:              0
   Number of cells:                 17
     AND2                            1
     AOI21                           1
     NAND2                           3
     NOR2                            2
     OAI21                           2
     OR2                             1
     XNOR2                           4
     XOR2                            3

   Chip area for module '\kogge_w4': 26.670000

10. Executing Verilog backend.

10.1. Executing BMUXMAP pass.

10.2. Executing DEMUXMAP pass.
Dumping module `\kogge_w4'.

11. Executing JSON backend.

End of script. Logfile hash: 6d1876af86, CPU: user 0.06s system 0.00s, MEM: 13.00 MB peak
Yosys 0.33 (git sha1 2584903a060)
Time spent: 57% 2x abc (0 sec), 13% 4x read_verilog (0 sec), ...
