
 /----------------------------------------------------------------------------\
 |                                                                            |
 |  yosys -- Yosys Open SYnthesis Suite                                       |
 |                                                                            |
 |  Copyright (C) 2012 - 2020  Claire Xenia Wolf <claire@yosyshq.com>         |
 |                                                                            |
 |  Permission to use, copy, modify, and/or distribute this software for any  |
 |  purpose with or without fee is hereby granted, provided that the above    |
 |  copyright notice and this permission notice appear in all copies.         |
 |                                                                            |
 |  THE SOFTWARE IS PROVIDED "AS IS" AND THE AUTHOR DISCLAIMS ALL WARRANTIES  |
 |  WITH REGARD TO THIS SOFTWARE INCLUDING ALL IMPLIED WARRANTIES OF          |
 |  MERCHANTABILITY AND FITNESS. IN NO EVENT SHALL THE AUTHOR BE LIABLE FOR   |
 |  ANY SPECIAL, DIRECT, INDIRECT, OR CONSEQUENTIAL DAMAGES OR ANY DAMAGES    |
 |  WHATSOEVER RESULTING FROM LOSS OF USE, DATA OR PROFITS, WHETHER IN AN     |
 |  ACTION OF CONTRACT, NEGLIGENCE OR OTHER TORTIOUS ACTION, ARISING OUT OF   |
 |  OR IN CONNECTION WITH THE USE OR PERFORMANCE OF THIS SOFTWARE.            |
 |                                                                            |
 \----------------------------------------------------------------------------/

 Yosys 0.33 (git sha1 2584903a060)


-- Running command `read_verilog -sv -lib rtl/sram.v rtl/rowmem.v; read_verilog -sv rtl/dma.v rtl/systolic.v rtl/requant.v rtl/exp_lut.v rtl/divu.v rtl/ga2_vec.v rtl/ga2_sm.v rtl/ga2_mm.v rtl/ga2.v; hierarchy -top systolic; synth -flatten -top systolic; dfflegalize -cell $_DFF_P_ x; dfflibmap -liberty lib/toy.lib; abc -liberty lib/toy.lib; opt_clean -purge; tee -o out/systolic_stat.txt stat -liberty lib/toy.lib; write_verilog -noattr out/systolic_net.v; write_json out/systolic_net.json' --

1. Executing Verilog-2005 frontend: rtl/sram.v
Parsing SystemVerilog input from `rtl/sram.v' to AST representation.
Generating RTLIL representation for module `\sram'.
Successfully finished Verilog frontend.

2. Executing Verilog-2005 frontend: rtl/rowmem.v
Parsing SystemVerilog input from `rtl/rowmem.v' to AST representation.
Generating RTLIL representation for module `\rowmem'.
Successfully finished Verilog frontend.

3. Executing Verilog-2005 frontend: rtl/dma.v
Parsing SystemVerilog input from `rtl/dma.v' to AST representation.
Generating RTLIL representation for module `\dma'.
Successfully finished Verilog frontend.

4. Executing Verilog-2005 frontend: rtl/systolic.v
Parsing SystemVerilog input from `rtl/systolic.v' to AST representation.
Generating RTLIL representation for module `\pe'.
Generating RTLIL representation for module `\systolic'.
Successfully finished Verilog frontend.

5. Executing Verilog-2005 frontend: rtl/requant.v
Parsing SystemVerilog input from `rtl/requant.v' to AST representation.
Generating RTLIL representation for module `\requant'.
Successfully finished Verilog frontend.

6. Executing Verilog-2005 frontend: rtl/exp_lut.v
Parsing SystemVerilog input from `rtl/exp_lut.v' to AST representation.
Generating RTLIL representation for module `\exp_lut'.
Successfully finished Verilog frontend.

7. Executing Verilog-2005 frontend: rtl/divu.v
Parsing SystemVerilog input from `rtl/divu.v' to AST representation.
Generating RTLIL representation for module `\divu'.
Successfully finished Verilog frontend.

8. Executing Verilog-2005 frontend: rtl/ga2_vec.v
Parsing SystemVerilog input from `rtl/ga2_vec.v' to AST representation.
Generating RTLIL representation for module `\ga2_st'.
Generating RTLIL representation for module `\ga2_rq'.
Generating RTLIL representation for module `\ga2_vadd'.
Generating RTLIL representation for module `\ga2_amax'.
Successfully finished Verilog frontend.

9. Executing Verilog-2005 frontend: rtl/ga2_sm.v
Parsing SystemVerilog input from `rtl/ga2_sm.v' to AST representation.
Generating RTLIL representation for module `\ga2_sm'.
Successfully finished Verilog frontend.

10. Executing Verilog-2005 frontend: rtl/ga2_mm.v
Parsing SystemVerilog input from `rtl/ga2_mm.v' to AST representation.
Generating RTLIL representation for module `\ga2_mm'.
Warning: Replacing memory \b_ra with list of registers. See rtl/ga2_mm.v:26
Warning: Replacing memory \a_ra with list of registers. See rtl/ga2_mm.v:26
Successfully finished Verilog frontend.

11. Executing Verilog-2005 frontend: rtl/ga2.v
Parsing SystemVerilog input from `rtl/ga2.v' to AST representation.
Generating RTLIL representation for module `\ga2'.
Successfully finished Verilog frontend.

12. Executing HIERARCHY pass (managing design hierarchy).

12.1. Analyzing design hierarchy..
Top module:  \systolic
Used module:     \pe

12.2. Analyzing design hierarchy..
Top module:  \systolic
Used module:     \pe
Removing unused module `\ga2'.
Removing unused module `\ga2_mm'.
Removing unused module `\ga2_sm'.
Removing unused module `\ga2_amax'.
Removing unused module `\ga2_vadd'.
Removing unused module `\ga2_rq'.
Removing unused module `\ga2_st'.
Removing unused module `\divu'.
Removing unused module `\exp_lut'.
Removing unused module `\requant'.
Removing unused module `\dma'.
Removed 11 unused modules.

13. Executing SYNTH pass.

13.1. Executing HIERARCHY pass (managing design hierarchy).

13.1.1. Analyzing design hierarchy..
Top module:  \systolic
Used module:     \pe

13.1.2. Analyzing design hierarchy..
Top module:  \systolic
Used module:     \pe
Removed 0 unused modules.

13.2. Executing PROC pass (convert processes to netlists).

13.2.1. Executing PROC_CLEAN pass (remove empty switches from decision trees).
Cleaned up 0 empty switches.

13.2.2. Executing PROC_RMDEAD pass (remove dead branches from decision trees).
Marked 1 switch rules as full_case in process $proc$rtl/systolic.v:6$15 in module pe.
Removed a total of 0 dead cases.

13.2.3. Executing PROC_PRUNE pass (remove redundant assignments in processes).
Removed 3 redundant assignments.
Promoted 40 assignments to connections.

13.2.4. Executing PROC_INIT pass (extract init attributes).

13.2.5. Executing PROC_ARST pass (detect async resets in processes).

13.2.6. Executing PROC_ROM pass (convert switches to ROMs).
Converted 0 switches.
<suppressed ~1 debug messages>

13.2.7. Executing PROC_MUX pass (convert decision trees to multiplexers).
Creating decoders for process `\pe.$proc$rtl/systolic.v:6$15'.
     1/3: $0\acc[31:0]
     2/3: $0\b_out[7:0]
     3/3: $0\a_out[7:0]
Creating decoders for process `\systolic.$proc$rtl/systolic.v:0$82'.

13.2.8. Executing PROC_DLATCH pass (convert process syncs to latches).
No latch inferred for signal `\systolic.\aw[0]' from process `\systolic.$proc$rtl/systolic.v:0$82'.
No latch inferred for signal `\systolic.\aw[1]' from process `\systolic.$proc$rtl/systolic.v:0$82'.
No latch inferred for signal `\systolic.\aw[2]' from process `\systolic.$proc$rtl/systolic.v:0$82'.
No latch inferred for signal `\systolic.\aw[3]' from process `\systolic.$proc$rtl/systolic.v:0$82'.
No latch inferred for signal `\systolic.\aw[4]' from process `\systolic.$proc$rtl/systolic.v:0$82'.
No latch inferred for signal `\systolic.\aw[5]' from process `\systolic.$proc$rtl/systolic.v:0$82'.
No latch inferred for signal `\systolic.\aw[6]' from process `\systolic.$proc$rtl/systolic.v:0$82'.
No latch inferred for signal `\systolic.\aw[7]' from process `\systolic.$proc$rtl/systolic.v:0$82'.
No latch inferred for signal `\systolic.\aw[8]' from process `\systolic.$proc$rtl/systolic.v:0$82'.
No latch inferred for signal `\systolic.\aw[9]' from process `\systolic.$proc$rtl/systolic.v:0$82'.
No latch inferred for signal `\systolic.\aw[10]' from process `\systolic.$proc$rtl/systolic.v:0$82'.
No latch inferred for signal `\systolic.\aw[11]' from process `\systolic.$proc$rtl/systolic.v:0$82'.
No latch inferred for signal `\systolic.\aw[12]' from process `\systolic.$proc$rtl/systolic.v:0$82'.
No latch inferred for signal `\systolic.\aw[13]' from process `\systolic.$proc$rtl/systolic.v:0$82'.
No latch inferred for signal `\systolic.\aw[14]' from process `\systolic.$proc$rtl/systolic.v:0$82'.
No latch inferred for signal `\systolic.\aw[15]' from process `\systolic.$proc$rtl/systolic.v:0$82'.
No latch inferred for signal `\systolic.\aw[16]' from process `\systolic.$proc$rtl/systolic.v:0$82'.
No latch inferred for signal `\systolic.\aw[17]' from process `\systolic.$proc$rtl/systolic.v:0$82'.
No latch inferred for signal `\systolic.\aw[18]' from process `\systolic.$proc$rtl/systolic.v:0$82'.
No latch inferred for signal `\systolic.\aw[19]' from process `\systolic.$proc$rtl/systolic.v:0$82'.
No latch inferred for signal `\systolic.\bw[0]' from process `\systolic.$proc$rtl/systolic.v:0$82'.
No latch inferred for signal `\systolic.\bw[1]' from process `\systolic.$proc$rtl/systolic.v:0$82'.
No latch inferred for signal `\systolic.\bw[2]' from process `\systolic.$proc$rtl/systolic.v:0$82'.
No latch inferred for signal `\systolic.\bw[3]' from process `\systolic.$proc$rtl/systolic.v:0$82'.
No latch inferred for signal `\systolic.\bw[4]' from process `\systolic.$proc$rtl/systolic.v:0$82'.
No latch inferred for signal `\systolic.\bw[5]' from process `\systolic.$proc$rtl/systolic.v:0$82'.
No latch inferred for signal `\systolic.\bw[6]' from process `\systolic.$proc$rtl/systolic.v:0$82'.
No latch inferred for signal `\systolic.\bw[7]' from process `\systolic.$proc$rtl/systolic.v:0$82'.
No latch inferred for signal `\systolic.\bw[8]' from process `\systolic.$proc$rtl/systolic.v:0$82'.
No latch inferred for signal `\systolic.\bw[9]' from process `\systolic.$proc$rtl/systolic.v:0$82'.
No latch inferred for signal `\systolic.\bw[10]' from process `\systolic.$proc$rtl/systolic.v:0$82'.
No latch inferred for signal `\systolic.\bw[11]' from process `\systolic.$proc$rtl/systolic.v:0$82'.
No latch inferred for signal `\systolic.\bw[12]' from process `\systolic.$proc$rtl/systolic.v:0$82'.
No latch inferred for signal `\systolic.\bw[13]' from process `\systolic.$proc$rtl/systolic.v:0$82'.
No latch inferred for signal `\systolic.\bw[14]' from process `\systolic.$proc$rtl/systolic.v:0$82'.
No latch inferred for signal `\systolic.\bw[15]' from process `\systolic.$proc$rtl/systolic.v:0$82'.
No latch inferred for signal `\systolic.\bw[16]' from process `\systolic.$proc$rtl/systolic.v:0$82'.
No latch inferred for signal `\systolic.\bw[17]' from process `\systolic.$proc$rtl/systolic.v:0$82'.
No latch inferred for signal `\systolic.\bw[18]' from process `\systolic.$proc$rtl/systolic.v:0$82'.
No latch inferred for signal `\systolic.\bw[19]' from process `\systolic.$proc$rtl/systolic.v:0$82'.

13.2.9. Executing PROC_DFF pass (convert process syncs to FFs).
Creating register for signal `\pe.\a_out' using process `\pe.$proc$rtl/systolic.v:6$15'.
  created $dff cell `$procdff$484' with positive edge clock.
Creating register for signal `\pe.\b_out' using process `\pe.$proc$rtl/systolic.v:6$15'.
  created $dff cell `$procdff$485' with positive edge clock.
Creating register for signal `\pe.\acc' using process `\pe.$proc$rtl/systolic.v:6$15'.
  created $dff cell `$procdff$486' with positive edge clock.

13.2.10. Executing PROC_MEMWR pass (convert process memory writes to cells).

13.2.11. Executing PROC_CLEAN pass (remove empty switches from decision trees).
Found and cleaned up 1 empty switch in `\pe.$proc$rtl/systolic.v:6$15'.
Removing empty process `pe.$proc$rtl/systolic.v:6$15'.
Removing empty process `systolic.$proc$rtl/systolic.v:0$82'.
Cleaned up 1 empty switch.

13.2.12. Executing OPT_EXPR pass (perform const folding).
Optimizing module pe.
Optimizing module systolic.

13.3. Executing FLATTEN pass (flatten design).
Deleting now unused module pe.
<suppressed ~16 debug messages>

13.4. Executing OPT_EXPR pass (perform const folding).
Optimizing module systolic.

13.5. Executing OPT_CLEAN pass (remove unused cells and wires).
Finding unused cells or wires in module \systolic..
Removed 16 unused cells and 224 unused wires.
<suppressed ~33 debug messages>

13.6. Executing CHECK pass (checking for obvious problems).
Checking module systolic...
Found and reported 0 problems.

13.7. Executing OPT pass (performing simple optimizations).

13.7.1. Executing OPT_EXPR pass (perform const folding).
Optimizing module systolic.

13.7.2. Executing OPT_MERGE pass (detect identical cells).
Finding identical cells in module `\systolic'.
Removed a total of 0 cells.

13.7.3. Executing OPT_MUXTREE pass (detect dead branches in mux trees).
Running muxtree optimizer on module \systolic..
  Creating internal representation of mux trees.
  Evaluating internal representation of mux trees.
  Analyzing evaluation results.
Removed 0 multiplexer ports.
<suppressed ~40 debug messages>

13.7.4. Executing OPT_REDUCE pass (consolidate $*mux and $reduce_* inputs).
  Optimizing cells in module \systolic.
Performed a total of 0 changes.

13.7.5. Executing OPT_MERGE pass (detect identical cells).
Finding identical cells in module `\systolic'.
Removed a total of 0 cells.

13.7.6. Executing OPT_DFF pass (perform DFF optimizations).

13.7.7. Executing OPT_CLEAN pass (remove unused cells and wires).
Finding unused cells or wires in module \systolic..

13.7.8. Executing OPT_EXPR pass (perform const folding).
Optimizing module systolic.

13.7.9. Finished OPT passes. (There is nothing left to do.)

13.8. Executing FSM pass (extract and optimize FSM).

13.8.1. Executing FSM_DETECT pass (finding FSMs in design).

13.8.2. Executing FSM_EXTRACT pass (extracting FSM from design).

13.8.3. Executing FSM_OPT pass (simple optimizations of FSMs).

13.8.4. Executing OPT_CLEAN pass (remove unused cells and wires).
Finding unused cells or wires in module \systolic..

13.8.5. Executing FSM_OPT pass (simple optimizations of FSMs).

13.8.6. Executing FSM_RECODE pass (re-assigning FSM state encoding).

13.8.7. Executing FSM_INFO pass (dumping all available information on FSM cells).

13.8.8. Executing FSM_MAP pass (mapping FSMs to basic logic).

13.9. Executing OPT pass (performing simple optimizations).

13.9.1. Executing OPT_EXPR pass (perform const folding).
Optimizing module systolic.

13.9.2. Executing OPT_MERGE pass (detect identical cells).
Finding identical cells in module `\systolic'.
Removed a total of 0 cells.

13.9.3. Executing OPT_MUXTREE pass (detect dead branches in mux trees).
Running muxtree optimizer on module \systolic..
  Creating internal representation of mux trees.
  Evaluating internal representation of mux trees.
  Analyzing evaluation results.
Removed 0 multiplexer ports.
<suppressed ~40 debug messages>

13.9.4. Executing OPT_REDUCE pass (consolidate $*mux and $reduce_* inputs).
  Optimizing cells in module \systolic.
Performed a total of 0 changes.

13.9.5. Executing OPT_MERGE pass (detect identical cells).
Finding identical cells in module `\systolic'.
Removed a total of 0 cells.

13.9.6. Executing OPT_DFF pass (perform DFF optimizations).
Adding SRST signal on $flatten\row[3].col[3].u.$procdff$486 ($dff) from module systolic (D = $flatten\row[3].col[3].u.$add$rtl/systolic.v:8$17_Y, Q = \row[3].col[3].u.acc, rval = 0).
Adding SRST signal on $flatten\row[3].col[2].u.$procdff$486 ($dff) from module systolic (D = $flatten\row[3].col[2].u.$add$rtl/systolic.v:8$17_Y, Q = \row[3].col[2].u.acc, rval = 0).
Adding SRST signal on $flatten\row[3].col[2].u.$procdff$484 ($dff) from module systolic (D = \row[3].col[1].u.a_out, Q = \row[3].col[2].u.a_out, rval = 8'00000000).
Adding SRST signal on $flatten\row[3].col[1].u.$procdff$486 ($dff) from module systolic (D = $flatten\row[3].col[1].u.$add$rtl/systolic.v:8$17_Y, Q = \row[3].col[1].u.acc, rval = 0).
Adding SRST signal on $flatten\row[3].col[1].u.$procdff$484 ($dff) from module systolic (D = \row[3].col[0].u.a_out, Q = \row[3].col[1].u.a_out, rval = 8'00000000).
Adding SRST signal on $flatten\row[3].col[0].u.$procdff$486 ($dff) from module systolic (D = $flatten\row[3].col[0].u.$add$rtl/systolic.v:8$17_Y, Q = \row[3].col[0].u.acc, rval = 0).
Adding SRST signal on $flatten\row[3].col[0].u.$procdff$484 ($dff) from module systolic (D = \a_edge [31:24], Q = \row[3].col[0].u.a_out, rval = 8'00000000).
Adding SRST signal on $flatten\row[2].col[3].u.$procdff$486 ($dff) from module systolic (D = $flatten\row[2].col[3].u.$add$rtl/systolic.v:8$17_Y, Q = \row[2].col[3].u.acc, rval = 0).
Adding SRST signal on $flatten\row[2].col[3].u.$procdff$485 ($dff) from module systolic (D = \row[1].col[3].u.b_out, Q = \row[2].col[3].u.b_out, rval = 8'00000000).
Adding SRST signal on $flatten\row[2].col[2].u.$procdff$486 ($dff) from module systolic (D = $flatten\row[2].col[2].u.$add$rtl/systolic.v:8$17_Y, Q = \row[2].col[2].u.acc, rval = 0).
Adding SRST signal on $flatten\row[2].col[2].u.$procdff$485 ($dff) from module systolic (D = \row[1].col[2].u.b_out, Q = \row[2].col[2].u.b_out, rval = 8'00000000).
Adding SRST signal on $flatten\row[2].col[2].u.$procdff$484 ($dff) from module systolic (D = \row[2].col[1].u.a_out, Q = \row[2].col[2].u.a_out, rval = 8'00000000).
Adding SRST signal on $flatten\row[2].col[1].u.$procdff$486 ($dff) from module systolic (D = $flatten\row[2].col[1].u.$add$rtl/systolic.v:8$17_Y, Q = \row[2].col[1].u.acc, rval = 0).
Adding SRST signal on $flatten\row[2].col[1].u.$procdff$485 ($dff) from module systolic (D = \row[1].col[1].u.b_out, Q = \row[2].col[1].u.b_out, rval = 8'00000000).
Adding SRST signal on $flatten\row[2].col[1].u.$procdff$484 ($dff) from module systolic (D = \row[2].col[0].u.a_out, Q = \row[2].col[1].u.a_out, rval = 8'00000000).
Adding SRST signal on $flatten\row[2].col[0].u.$procdff$486 ($dff) from module systolic (D = $flatten\row[2].col[0].u.$add$rtl/systolic.v:8$17_Y, Q = \row[2].col[0].u.acc, rval = 0).
Adding SRST signal on $flatten\row[2].col[0].u.$procdff$485 ($dff) from module systolic (D = \row[1].col[0].u.b_out, Q = \row[2].col[0].u.b_out, rval = 8'00000000).
Adding SRST signal on $flatten\row[2].col[0].u.$procdff$484 ($dff) from module systolic (D = \a_edge [23:16], Q = \row[2].col[0].u.a_out, rval = 8'00000000).
Adding SRST signal on $flatten\row[1].col[3].u.$procdff$486 ($dff) from module systolic (D = $flatten\row[1].col[3].u.$add$rtl/systolic.v:8$17_Y, Q = \row[1].col[3].u.acc, rval = 0).
Adding SRST signal on $flatten\row[1].col[3].u.$procdff$485 ($dff) from module systolic (D = \row[0].col[3].u.b_out, Q = \row[1].col[3].u.b_out, rval = 8'00000000).
Adding SRST signal on $flatten\row[1].col[2].u.$procdff$486 ($dff) from module systolic (D = $flatten\row[1].col[2].u.$add$rtl/systolic.v:8$17_Y, Q = \row[1].col[2].u.acc, rval = 0).
Adding SRST signal on $flatten\row[1].col[2].u.$procdff$485 ($dff) from module systolic (D = \row[0].col[2].u.b_out, Q = \row[1].col[2].u.b_out, rval = 8'00000000).
Adding SRST signal on $flatten\row[1].col[2].u.$procdff$484 ($dff) from module systolic (D = \row[1].col[1].u.a_out, Q = \row[1].col[2].u.a_out, rval = 8'00000000).
Adding SRST signal on $flatten\row[1].col[1].u.$procdff$486 ($dff) from module systolic (D = $flatten\row[1].col[1].u.$add$rtl/systolic.v:8$17_Y, Q = \row[1].col[1].u.acc, rval = 0).
Adding SRST signal on $flatten\row[1].col[1].u.$procdff$485 ($dff) from module systolic (D = \row[0].col[1].u.b_out, Q = \row[1].col[1].u.b_out, rval = 8'00000000).
Adding SRST signal on $flatten\row[1].col[1].u.$procdff$484 ($dff) from module systolic (D = \row[1].col[0].u.a_out, Q = \row[1].col[1].u.a_out, rval = 8'00000000).
Adding SRST signal on $flatten\row[1].col[0].u.$procdff$486 ($dff) from module systolic (D = $flatten\row[1].col[0].u.$add$rtl/systolic.v:8$17_Y, Q = \row[1].col[0].u.acc, rval = 0).
Adding SRST signal on $flatten\row[1].col[0].u.$procdff$485 ($dff) from module systolic (D = \row[0].col[0].u.b_out, Q = \row[1].col[0].u.b_out, rval = 8'00000000).
Adding SRST signal on $flatten\row[1].col[0].u.$procdff$484 ($dff) from module systolic (D = \a_edge [15:8], Q = \row[1].col[0].u.a_out, rval = 8'00000000).
Adding SRST signal on $flatten\row[0].col[3].u.$procdff$486 ($dff) from module systolic (D = $flatten\row[0].col[3].u.$add$rtl/systolic.v:8$17_Y, Q = \row[0].col[3].u.acc, rval = 0).
Adding SRST signal on $flatten\row[0].col[3].u.$procdff$485 ($dff) from module systolic (D = \b_edge [31:24], Q = \row[0].col[3].u.b_out, rval = 8'00000000).
Adding SRST signal on $flatten\row[0].col[2].u.$procdff$486 ($dff) from module systolic (D = $flatten\row[0].col[2].u.$add$rtl/systolic.v:8$17_Y, Q = \row[0].col[2].u.acc, rval = 0).
Adding SRST signal on $flatten\row[0].col[2].u.$procdff$485 ($dff) from module systolic (D = \b_edge [23:16], Q = \row[0].col[2].u.b_out, rval = 8'00000000).
Adding SRST signal on $flatten\row[0].col[2].u.$procdff$484 ($dff) from module systolic (D = \row[0].col[1].u.a_out, Q = \row[0].col[2].u.a_out, rval = 8'00000000).
Adding SRST signal on $flatten\row[0].col[1].u.$procdff$486 ($dff) from module systolic (D = $flatten\row[0].col[1].u.$add$rtl/systolic.v:8$17_Y, Q = \row[0].col[1].u.acc, rval = 0).
Adding SRST signal on $flatten\row[0].col[1].u.$procdff$485 ($dff) from module systolic (D = \b_edge [15:8], Q = \row[0].col[1].u.b_out, rval = 8'00000000).
Adding SRST signal on $flatten\row[0].col[1].u.$procdff$484 ($dff) from module systolic (D = \row[0].col[0].u.a_out, Q = \row[0].col[1].u.a_out, rval = 8'00000000).
Adding SRST signal on $flatten\row[0].col[0].u.$procdff$486 ($dff) from module systolic (D = $flatten\row[0].col[0].u.$add$rtl/systolic.v:8$17_Y, Q = \row[0].col[0].u.acc, rval = 0).
Adding SRST signal on $flatten\row[0].col[0].u.$procdff$485 ($dff) from module systolic (D = \b_edge [7:0], Q = \row[0].col[0].u.b_out, rval = 8'00000000).
Adding SRST signal on $flatten\row[0].col[0].u.$procdff$484 ($dff) from module systolic (D = \a_edge [7:0], Q = \row[0].col[0].u.a_out, rval = 8'00000000).

13.9.7. Executing OPT_CLEAN pass (remove unused cells and wires).
Finding unused cells or wires in module \systolic..
Removed 40 unused cells and 40 unused wires.
<suppressed ~41 debug messages>

13.9.8. Executing OPT_EXPR pass (perform const folding).
Optimizing module systolic.

13.9.9. Rerunning OPT passes. (Maybe there is more to do..)

13.9.10. Executing OPT_MUXTREE pass (detect dead branches in mux trees).
Running muxtree optimizer on module \systolic..
  Creating internal representation of mux trees.
  No muxes found in this module.
Removed 0 multiplexer ports.

13.9.11. Executing OPT_REDUCE pass (consolidate $*mux and $reduce_* inputs).
  Optimizing cells in module \systolic.
Performed a total of 0 changes.

13.9.12. Executing OPT_MERGE pass (detect identical cells).
Finding identical cells in module `\systolic'.
Removed a total of 0 cells.

13.9.13. Executing OPT_DFF pass (perform DFF optimizations).

13.9.14. Executing OPT_CLEAN pass (remove unused cells and wires).
Finding unused cells or wires in module \systolic..

13.9.15. Executing OPT_EXPR pass (perform const folding).
Optimizing module systolic.

13.9.16. Finished OPT passes. (There is nothing left to do.)

13.10. Executing WREDUCE pass (reducing word size of cells).
Removed top 16 bits (of 32) from port Y of cell systolic.$flatten\row[0].col[0].u.$mul$rtl/systolic.v:8$16 ($mul).
Removed top 16 bits (of 32) from port B of cell systolic.$flatten\row[0].col[0].u.$add$rtl/systolic.v:8$17 ($add).
Removed top 16 bits (of 32) from port Y of cell systolic.$flatten\row[0].col[1].u.$mul$rtl/systolic.v:8$16 ($mul).
Removed top 16 bits (of 32) from port B of cell systolic.$flatten\row[0].col[1].u.$add$rtl/systolic.v:8$17 ($add).
Removed top 16 bits (of 32) from port Y of cell systolic.$flatten\row[0].col[2].u.$mul$rtl/systolic.v:8$16 ($mul).
Removed top 16 bits (of 32) from port B of cell systolic.$flatten\row[0].col[2].u.$add$rtl/systolic.v:8$17 ($add).
Removed top 16 bits (of 32) from port Y of cell systolic.$flatten\row[0].col[3].u.$mul$rtl/systolic.v:8$16 ($mul).
Removed top 16 bits (of 32) from port B of cell systolic.$flatten\row[0].col[3].u.$add$rtl/systolic.v:8$17 ($add).
Removed top 16 bits (of 32) from port Y of cell systolic.$flatten\row[1].col[1].u.$mul$rtl/systolic.v:8$16 ($mul).
Removed top 16 bits (of 32) from port Y of cell systolic.$flatten\row[1].col[0].u.$mul$rtl/systolic.v:8$16 ($mul).
Removed top 16 bits (of 32) from port B of cell systolic.$flatten\row[1].col[1].u.$add$rtl/systolic.v:8$17 ($add).
Removed top 16 bits (of 32) from port B of cell systolic.$flatten\row[1].col[0].u.$add$rtl/systolic.v:8$17 ($add).
Removed top 16 bits (of 32) from port Y of cell systolic.$flatten\row[1].col[2].u.$mul$rtl/systolic.v:8$16 ($mul).
Removed top 16 bits (of 32) from port B of cell systolic.$flatten\row[1].col[2].u.$add$rtl/systolic.v:8$17 ($add).
Removed top 16 bits (of 32) from port Y of cell systolic.$flatten\row[1].col[3].u.$mul$rtl/systolic.v:8$16 ($mul).
Removed top 16 bits (of 32) from port B of cell systolic.$flatten\row[1].col[3].u.$add$rtl/systolic.v:8$17 ($add).
Removed top 16 bits (of 32) from port Y of cell systolic.$flatten\row[2].col[0].u.$mul$rtl/systolic.v:8$16 ($mul).
Removed top 16 bits (of 32) from port B of cell systolic.$flatten\row[2].col[0].u.$add$rtl/systolic.v:8$17 ($add).
Removed top 16 bits (of 32) from port Y of cell systolic.$flatten\row[2].col[1].u.$mul$rtl/systolic.v:8$16 ($mul).
Removed top 16 bits (of 32) from port B of cell systolic.$flatten\row[2].col[1].u.$add$rtl/systolic.v:8$17 ($add).
Removed top 16 bits (of 32) from port Y of cell systolic.$flatten\row[2].col[3].u.$mul$rtl/systolic.v:8$16 ($mul).
Removed top 16 bits (of 32) from port B of cell systolic.$flatten\row[2].col[3].u.$add$rtl/systolic.v:8$17 ($add).
Removed top 16 bits (of 32) from port Y of cell systolic.$flatten\row[3].col[0].u.$mul$rtl/systolic.v:8$16 ($mul).
Removed top 16 bits (of 32) from port B of cell systolic.$flatten\row[3].col[0].u.$add$rtl/systolic.v:8$17 ($add).
Removed top 16 bits (of 32) from port Y of cell systolic.$flatten\row[2].col[2].u.$mul$rtl/systolic.v:8$16 ($mul).
Removed top 16 bits (of 32) from port B of cell systolic.$flatten\row[2].col[2].u.$add$rtl/systolic.v:8$17 ($add).
Removed top 16 bits (of 32) from port Y of cell systolic.$flatten\row[3].col[3].u.$mul$rtl/systolic.v:8$16 ($mul).
Removed top 16 bits (of 32) from port B of cell systolic.$flatten\row[3].col[3].u.$add$rtl/systolic.v:8$17 ($add).
Removed top 16 bits (of 32) from port Y of cell systolic.$flatten\row[3].col[2].u.$mul$rtl/systolic.v:8$16 ($mul).
Removed top 16 bits (of 32) from port B of cell systolic.$flatten\row[3].col[2].u.$add$rtl/systolic.v:8$17 ($add).
Removed top 16 bits (of 32) from port Y of cell systolic.$flatten\row[3].col[1].u.$mul$rtl/systolic.v:8$16 ($mul).
Removed top 16 bits (of 32) from port B of cell systolic.$flatten\row[3].col[1].u.$add$rtl/systolic.v:8$17 ($add).

13.11. Executing PEEPOPT pass (run peephole optimizers).

13.12. Executing OPT_CLEAN pass (remove unused cells and wires).
Finding unused cells or wires in module \systolic..

13.13. Executing ALUMACC pass (create $alu and $macc cells).
Extracting $alu and $macc cells in module systolic:
  creating $macc model for $flatten\row[0].col[0].u.$add$rtl/systolic.v:8$17 ($add).
  creating $macc model for $flatten\row[0].col[0].u.$mul$rtl/systolic.v:8$16 ($mul).
  creating $macc model for $flatten\row[0].col[1].u.$add$rtl/systolic.v:8$17 ($add).
  creating $macc model for $flatten\row[0].col[1].u.$mul$rtl/systolic.v:8$16 ($mul).
  creating $macc model for $flatten\row[0].col[2].u.$add$rtl/systolic.v:8$17 ($add).
  creating $macc model for $flatten\row[0].col[2].u.$mul$rtl/systolic.v:8$16 ($mul).
  creating $macc model for $flatten\row[0].col[3].u.$add$rtl/systolic.v:8$17 ($add).
  creating $macc model for $flatten\row[0].col[3].u.$mul$rtl/systolic.v:8$16 ($mul).
  creating $macc model for $flatten\row[1].col[0].u.$add$rtl/systolic.v:8$17 ($add).
  creating $macc model for $flatten\row[1].col[0].u.$mul$rtl/systolic.v:8$16 ($mul).
  creating $macc model for $flatten\row[1].col[1].u.$add$rtl/systolic.v:8$17 ($add).
  creating $macc model for $flatten\row[1].col[1].u.$mul$rtl/systolic.v:8$16 ($mul).
  creating $macc model for $flatten\row[1].col[2].u.$add$rtl/systolic.v:8$17 ($add).
  creating $macc model for $flatten\row[1].col[2].u.$mul$rtl/systolic.v:8$16 ($mul).
  creating $macc model for $flatten\row[1].col[3].u.$add$rtl/systolic.v:8$17 ($add).
  creating $macc model for $flatten\row[1].col[3].u.$mul$rtl/systolic.v:8$16 ($mul).
  creating $macc model for $flatten\row[2].col[0].u.$add$rtl/systolic.v:8$17 ($add).
  creating $macc model for $flatten\row[2].col[0].u.$mul$rtl/systolic.v:8$16 ($mul).
  creating $macc model for $flatten\row[2].col[1].u.$add$rtl/systolic.v:8$17 ($add).
  creating $macc model for $flatten\row[2].col[1].u.$mul$rtl/systolic.v:8$16 ($mul).
  creating $macc model for $flatten\row[2].col[2].u.$add$rtl/systolic.v:8$17 ($add).
  creating $macc model for $flatten\row[2].col[2].u.$mul$rtl/systolic.v:8$16 ($mul).
  creating $macc model for $flatten\row[2].col[3].u.$add$rtl/systolic.v:8$17 ($add).
  creating $macc model for $flatten\row[2].col[3].u.$mul$rtl/systolic.v:8$16 ($mul).
  creating $macc model for $flatten\row[3].col[0].u.$add$rtl/systolic.v:8$17 ($add).
  creating $macc model for $flatten\row[3].col[0].u.$mul$rtl/systolic.v:8$16 ($mul).
  creating $macc model for $flatten\row[3].col[1].u.$add$rtl/systolic.v:8$17 ($add).
  creating $macc model for $flatten\row[3].col[1].u.$mul$rtl/systolic.v:8$16 ($mul).
  creating $macc model for $flatten\row[3].col[2].u.$add$rtl/systolic.v:8$17 ($add).
  creating $macc model for $flatten\row[3].col[2].u.$mul$rtl/systolic.v:8$16 ($mul).
  creating $macc model for $flatten\row[3].col[3].u.$add$rtl/systolic.v:8$17 ($add).
  creating $macc model for $flatten\row[3].col[3].u.$mul$rtl/systolic.v:8$16 ($mul).
  merging $macc model for $flatten\row[3].col[3].u.$mul$rtl/systolic.v:8$16 into $flatten\row[3].col[3].u.$add$rtl/systolic.v:8$17.
  merging $macc model for $flatten\row[3].col[2].u.$mul$rtl/systolic.v:8$16 into $flatten\row[3].col[2].u.$add$rtl/systolic.v:8$17.
  merging $macc model for $flatten\row[3].col[1].u.$mul$rtl/systolic.v:8$16 into $flatten\row[3].col[1].u.$add$rtl/systolic.v:8$17.
  merging $macc model for $flatten\row[3].col[0].u.$mul$rtl/systolic.v:8$16 into $flatten\row[3].col[0].u.$add$rtl/systolic.v:8$17.
  merging $macc model for $flatten\row[2].col[3].u.$mul$rtl/systolic.v:8$16 into $flatten\row[2].col[3].u.$add$rtl/systolic.v:8$17.
  merging $macc model for $flatten\row[2].col[2].u.$mul$rtl/systolic.v:8$16 into $flatten\row[2].col[2].u.$add$rtl/systolic.v:8$17.
  merging $macc model for $flatten\row[2].col[1].u.$mul$rtl/systolic.v:8$16 into $flatten\row[2].col[1].u.$add$rtl/systolic.v:8$17.
  merging $macc model for $flatten\row[2].col[0].u.$mul$rtl/systolic.v:8$16 into $flatten\row[2].col[0].u.$add$rtl/systolic.v:8$17.
  merging $macc model for $flatten\row[1].col[3].u.$mul$rtl/systolic.v:8$16 into $flatten\row[1].col[3].u.$add$rtl/systolic.v:8$17.
  merging $macc model for $flatten\row[1].col[2].u.$mul$rtl/systolic.v:8$16 into $flatten\row[1].col[2].u.$add$rtl/systolic.v:8$17.
  merging $macc model for $flatten\row[1].col[1].u.$mul$rtl/systolic.v:8$16 into $flatten\row[1].col[1].u.$add$rtl/systolic.v:8$17.
  merging $macc model for $flatten\row[1].col[0].u.$mul$rtl/systolic.v:8$16 into $flatten\row[1].col[0].u.$add$rtl/systolic.v:8$17.
  merging $macc model for $flatten\row[0].col[3].u.$mul$rtl/systolic.v:8$16 into $flatten\row[0].col[3].u.$add$rtl/systolic.v:8$17.
  merging $macc model for $flatten\row[0].col[2].u.$mul$rtl/systolic.v:8$16 into $flatten\row[0].col[2].u.$add$rtl/systolic.v:8$17.
  merging $macc model for $flatten\row[0].col[1].u.$mul$rtl/systolic.v:8$16 into $flatten\row[0].col[1].u.$add$rtl/systolic.v:8$17.
  merging $macc model for $flatten\row[0].col[0].u.$mul$rtl/systolic.v:8$16 into $flatten\row[0].col[0].u.$add$rtl/systolic.v:8$17.
  creating $macc cell for $flatten\row[3].col[0].u.$add$rtl/systolic.v:8$17: $auto$alumacc.cc:365:replace_macc$527
  creating $macc cell for $flatten\row[1].col[3].u.$add$rtl/systolic.v:8$17: $auto$alumacc.cc:365:replace_macc$528
  creating $macc cell for $flatten\row[2].col[3].u.$add$rtl/systolic.v:8$17: $auto$alumacc.cc:365:replace_macc$529
  creating $macc cell for $flatten\row[1].col[2].u.$add$rtl/systolic.v:8$17: $auto$alumacc.cc:365:replace_macc$530
  creating $macc cell for $flatten\row[3].col[1].u.$add$rtl/systolic.v:8$17: $auto$alumacc.cc:365:replace_macc$531
  creating $macc cell for $flatten\row[1].col[1].u.$add$rtl/systolic.v:8$17: $auto$alumacc.cc:365:replace_macc$532
  creating $macc cell for $flatten\row[2].col[1].u.$add$rtl/systolic.v:8$17: $auto$alumacc.cc:365:replace_macc$533
  creating $macc cell for $flatten\row[1].col[0].u.$add$rtl/systolic.v:8$17: $auto$alumacc.cc:365:replace_macc$534
  creating $macc cell for $flatten\row[3].col[2].u.$add$rtl/systolic.v:8$17: $auto$alumacc.cc:365:replace_macc$535
  creating $macc cell for $flatten\row[0].col[3].u.$add$rtl/systolic.v:8$17: $auto$alumacc.cc:365:replace_macc$536
  creating $macc cell for $flatten\row[2].col[2].u.$add$rtl/systolic.v:8$17: $auto$alumacc.cc:365:replace_macc$537
  creating $macc cell for $flatten\row[0].col[2].u.$add$rtl/systolic.v:8$17: $auto$alumacc.cc:365:replace_macc$538
  creating $macc cell for $flatten\row[3].col[3].u.$add$rtl/systolic.v:8$17: $auto$alumacc.cc:365:replace_macc$539
  creating $macc cell for $flatten\row[0].col[1].u.$add$rtl/systolic.v:8$17: $auto$alumacc.cc:365:replace_macc$540
  creating $macc cell for $flatten\row[2].col[0].u.$add$rtl/systolic.v:8$17: $auto$alumacc.cc:365:replace_macc$541
  creating $macc cell for $flatten\row[0].col[0].u.$add$rtl/systolic.v:8$17: $auto$alumacc.cc:365:replace_macc$542
  created 0 $alu and 16 $macc cells.

13.14. Executing SHARE pass (SAT-based resource sharing).
Found 16 cells in module systolic that may be considered for resource sharing.
  Analyzing resource sharing options for $flatten\row[3].col[3].u.$mul$rtl/systolic.v:8$16 ($mul):
    Found cell that is never activated: $flatten\row[3].col[3].u.$mul$rtl/systolic.v:8$16
    Cell is never active. Sharing is pointless, we simply remove it.
  Analyzing resource sharing options for $flatten\row[3].col[2].u.$mul$rtl/systolic.v:8$16 ($mul):
    Found cell that is never activated: $flatten\row[3].col[2].u.$mul$rtl/systolic.v:8$16
    Cell is never active. Sharing is pointless, we simply remove it.
  Analyzing resource sharing options for $flatten\row[3].col[1].u.$mul$rtl/systolic.v:8$16 ($mul):
    Found cell that is never activated: $flatten\row[3].col[1].u.$mul$rtl/systolic.v:8$16
    Cell is never active. Sharing is pointless, we simply remove it.
  Analyzing resource sharing options for $flatten\row[3].col[0].u.$mul$rtl/systolic.v:8$16 ($mul):
    Found cell that is never activated: $flatten\row[3].col[0].u.$mul$rtl/systolic.v:8$16
    Cell is never active. Sharing is pointless, we simply remove it.
  Analyzing resource sharing options for $flatten\row[2].col[3].u.$mul$rtl/systolic.v:8$16 ($mul):
    Found cell that is never activated: $flatten\row[2].col[3].u.$mul$rtl/systolic.v:8$16
    Cell is never active. Sharing is pointless, we simply remove it.
  Analyzing resource sharing options for $flatten\row[2].col[2].u.$mul$rtl/systolic.v:8$16 ($mul):
    Found cell that is never activated: $flatten\row[2].col[2].u.$mul$rtl/systolic.v:8$16
    Cell is never active. Sharing is pointless, we simply remove it.
  Analyzing resource sharing options for $flatten\row[2].col[1].u.$mul$rtl/systolic.v:8$16 ($mul):
    Found cell that is never activated: $flatten\row[2].col[1].u.$mul$rtl/systolic.v:8$16
    Cell is never active. Sharing is pointless, we simply remove it.
  Analyzing resource sharing options for $flatten\row[2].col[0].u.$mul$rtl/systolic.v:8$16 ($mul):
    Found cell that is never activated: $flatten\row[2].col[0].u.$mul$rtl/systolic.v:8$16
    Cell is never active. Sharing is pointless, we simply remove it.
  Analyzing resource sharing options for $flatten\row[1].col[3].u.$mul$rtl/systolic.v:8$16 ($mul):
    Found cell that is never activated: $flatten\row[1].col[3].u.$mul$rtl/systolic.v:8$16
    Cell is never active. Sharing is pointless, we simply remove it.
  Analyzing resource sharing options for $flatten\row[1].col[2].u.$mul$rtl/systolic.v:8$16 ($mul):
    Found cell that is never activated: $flatten\row[1].col[2].u.$mul$rtl/systolic.v:8$16
    Cell is never active. Sharing is pointless, we simply remove it.
  Analyzing resource sharing options for $flatten\row[1].col[1].u.$mul$rtl/systolic.v:8$16 ($mul):
    Found cell that is never activated: $flatten\row[1].col[1].u.$mul$rtl/systolic.v:8$16
    Cell is never active. Sharing is pointless, we simply remove it.
  Analyzing resource sharing options for $flatten\row[1].col[0].u.$mul$rtl/systolic.v:8$16 ($mul):
    Found cell that is never activated: $flatten\row[1].col[0].u.$mul$rtl/systolic.v:8$16
    Cell is never active. Sharing is pointless, we simply remove it.
  Analyzing resource sharing options for $flatten\row[0].col[3].u.$mul$rtl/systolic.v:8$16 ($mul):
    Found cell that is never activated: $flatten\row[0].col[3].u.$mul$rtl/systolic.v:8$16
    Cell is never active. Sharing is pointless, we simply remove it.
  Analyzing resource sharing options for $flatten\row[0].col[2].u.$mul$rtl/systolic.v:8$16 ($mul):
    Found cell that is never activated: $flatten\row[0].col[2].u.$mul$rtl/systolic.v:8$16
    Cell is never active. Sharing is pointless, we simply remove it.
  Analyzing resource sharing options for $flatten\row[0].col[1].u.$mul$rtl/systolic.v:8$16 ($mul):
    Found cell that is never activated: $flatten\row[0].col[1].u.$mul$rtl/systolic.v:8$16
    Cell is never active. Sharing is pointless, we simply remove it.
  Analyzing resource sharing options for $flatten\row[0].col[0].u.$mul$rtl/systolic.v:8$16 ($mul):
    Found cell that is never activated: $flatten\row[0].col[0].u.$mul$rtl/systolic.v:8$16
    Cell is never active. Sharing is pointless, we simply remove it.
Removing 16 cells in module systolic:
  Removing cell $flatten\row[0].col[0].u.$mul$rtl/systolic.v:8$16 ($mul).
  Removing cell $flatten\row[0].col[1].u.$mul$rtl/systolic.v:8$16 ($mul).
  Removing cell $flatten\row[0].col[2].u.$mul$rtl/systolic.v:8$16 ($mul).
  Removing cell $flatten\row[0].col[3].u.$mul$rtl/systolic.v:8$16 ($mul).
  Removing cell $flatten\row[1].col[0].u.$mul$rtl/systolic.v:8$16 ($mul).
  Removing cell $flatten\row[1].col[1].u.$mul$rtl/systolic.v:8$16 ($mul).
  Removing cell $flatten\row[1].col[2].u.$mul$rtl/systolic.v:8$16 ($mul).
  Removing cell $flatten\row[1].col[3].u.$mul$rtl/systolic.v:8$16 ($mul).
  Removing cell $flatten\row[2].col[0].u.$mul$rtl/systolic.v:8$16 ($mul).
  Removing cell $flatten\row[2].col[1].u.$mul$rtl/systolic.v:8$16 ($mul).
  Removing cell $flatten\row[2].col[2].u.$mul$rtl/systolic.v:8$16 ($mul).
  Removing cell $flatten\row[2].col[3].u.$mul$rtl/systolic.v:8$16 ($mul).
  Removing cell $flatten\row[3].col[0].u.$mul$rtl/systolic.v:8$16 ($mul).
  Removing cell $flatten\row[3].col[1].u.$mul$rtl/systolic.v:8$16 ($mul).
  Removing cell $flatten\row[3].col[2].u.$mul$rtl/systolic.v:8$16 ($mul).
  Removing cell $flatten\row[3].col[3].u.$mul$rtl/systolic.v:8$16 ($mul).

13.15. Executing OPT pass (performing simple optimizations).

13.15.1. Executing OPT_EXPR pass (perform const folding).
Optimizing module systolic.

13.15.2. Executing OPT_MERGE pass (detect identical cells).
Finding identical cells in module `\systolic'.
Removed a total of 0 cells.

13.15.3. Executing OPT_MUXTREE pass (detect dead branches in mux trees).
Running muxtree optimizer on module \systolic..
  Creating internal representation of mux trees.
  No muxes found in this module.
Removed 0 multiplexer ports.

13.15.4. Executing OPT_REDUCE pass (consolidate $*mux and $reduce_* inputs).
  Optimizing cells in module \systolic.
Performed a total of 0 changes.

13.15.5. Executing OPT_MERGE pass (detect identical cells).
Finding identical cells in module `\systolic'.
Removed a total of 0 cells.

13.15.6. Executing OPT_DFF pass (perform DFF optimizations).

13.15.7. Executing OPT_CLEAN pass (remove unused cells and wires).
Finding unused cells or wires in module \systolic..
Removed 0 unused cells and 16 unused wires.
<suppressed ~1 debug messages>

13.15.8. Executing OPT_EXPR pass (perform const folding).
Optimizing module systolic.

13.15.9. Rerunning OPT passes. (Maybe there is more to do..)

13.15.10. Executing OPT_MUXTREE pass (detect dead branches in mux trees).
Running muxtree optimizer on module \systolic..
  Creating internal representation of mux trees.
  No muxes found in this module.
Removed 0 multiplexer ports.

13.15.11. Executing OPT_REDUCE pass (consolidate $*mux and $reduce_* inputs).
  Optimizing cells in module \systolic.
Performed a total of 0 changes.

13.15.12. Executing OPT_MERGE pass (detect identical cells).
Finding identical cells in module `\systolic'.
Removed a total of 0 cells.

13.15.13. Executing OPT_DFF pass (perform DFF optimizations).

13.15.14. Executing OPT_CLEAN pass (remove unused cells and wires).
Finding unused cells or wires in module \systolic..

13.15.15. Executing OPT_EXPR pass (perform const folding).
Optimizing module systolic.

13.15.16. Finished OPT passes. (There is nothing left to do.)

13.16. Executing MEMORY pass.

13.16.1. Executing OPT_MEM pass (optimize memories).
Performed a total of 0 transformations.

13.16.2. Executing OPT_MEM_PRIORITY pass (removing unnecessary memory write priority relations).
Performed a total of 0 transformations.

13.16.3. Executing OPT_MEM_FEEDBACK pass (finding memory read-to-write feedback paths).

13.16.4. Executing MEMORY_BMUX2ROM pass (converting muxes to ROMs).

13.16.5. Executing MEMORY_DFF pass (merging $dff cells to $memrd).

13.16.6. Executing OPT_CLEAN pass (remove unused cells and wires).
Finding unused cells or wires in module \systolic..

13.16.7. Executing MEMORY_SHARE pass (consolidating $memrd/$memwr cells).

13.16.8. Executing OPT_MEM_WIDEN pass (optimize memories where all ports are wide).
Performed a total of 0 transformations.

13.16.9. Executing OPT_CLEAN pass (remove unused cells and wires).
Finding unused cells or wires in module \systolic..

13.16.10. Executing MEMORY_COLLECT pass (generating $mem cells).

13.17. Executing OPT_CLEAN pass (remove unused cells and wires).
Finding unused cells or wires in module \systolic..

13.18. Executing OPT pass (performing simple optimizations).

13.18.1. Executing OPT_EXPR pass (perform const folding).
Optimizing module systolic.

13.18.2. Executing OPT_MERGE pass (detect identical cells).
Finding identical cells in module `\systolic'.
Removed a total of 0 cells.

13.18.3. Executing OPT_DFF pass (perform DFF optimizations).

13.18.4. Executing OPT_CLEAN pass (remove unused cells and wires).
Finding unused cells or wires in module \systolic..

13.18.5. Finished fast OPT passes.

13.19. Executing MEMORY_MAP pass (converting memories to logic and flip-flops).

13.20. Executing OPT pass (performing simple optimizations).

13.20.1. Executing OPT_EXPR pass (perform const folding).
Optimizing module systolic.

13.20.2. Executing OPT_MERGE pass (detect identical cells).
Finding identical cells in module `\systolic'.
Removed a total of 0 cells.

13.20.3. Executing OPT_MUXTREE pass (detect dead branches in mux trees).
Running muxtree optimizer on module \systolic..
  Creating internal representation of mux trees.
  No muxes found in this module.
Removed 0 multiplexer ports.

13.20.4. Executing OPT_REDUCE pass (consolidate $*mux and $reduce_* inputs).
  Optimizing cells in module \systolic.
Performed a total of 0 changes.

13.20.5. Executing OPT_MERGE pass (detect identical cells).
Finding identical cells in module `\systolic'.
Removed a total of 0 cells.

13.20.6. Executing OPT_SHARE pass.

13.20.7. Executing OPT_DFF pass (perform DFF optimizations).

13.20.8. Executing OPT_CLEAN pass (remove unused cells and wires).
Finding unused cells or wires in module \systolic..

13.20.9. Executing OPT_EXPR pass (perform const folding).
Optimizing module systolic.

13.20.10. Finished OPT passes. (There is nothing left to do.)

13.21. Executing TECHMAP pass (map to technology primitives).

13.21.1. Executing Verilog-2005 frontend: /usr/bin/../share/yosys/techmap.v
Parsing Verilog input from `/usr/bin/../share/yosys/techmap.v' to AST representation.
Generating RTLIL representation for module `\_90_simplemap_bool_ops'.
Generating RTLIL representation for module `\_90_simplemap_reduce_ops'.
Generating RTLIL representation for module `\_90_simplemap_logic_ops'.
Generating RTLIL representation for module `\_90_simplemap_compare_ops'.
Generating RTLIL representation for module `\_90_simplemap_various'.
Generating RTLIL representation for module `\_90_simplemap_registers'.
Generating RTLIL representation for module `\_90_shift_ops_shr_shl_sshl_sshr'.
Generating RTLIL representation for module `\_90_shift_shiftx'.
Generating RTLIL representation for module `\_90_fa'.
Generating RTLIL representation for module `\_90_lcu'.
Generating RTLIL representation for module `\_90_alu'.
Generating RTLIL representation for module `\_90_macc'.
Generating RTLIL representation for module `\_90_alumacc'.
Generating RTLIL representation for module `\$__div_mod_u'.
Generating RTLIL representation for module `\$__div_mod_trunc'.
Generating RTLIL representation for module `\_90_div'.
Generating RTLIL representation for module `\_90_mod'.
Generating RTLIL representation for module `\$__div_mod_floor'.
Generating RTLIL representation for module `\_90_divfloor'.
Generating RTLIL representation for module `\_90_modfloor'.
Generating RTLIL representation for module `\_90_pow'.
Generating RTLIL representation for module `\_90_pmux'.
Generating RTLIL representation for module `\_90_demux'.
Generating RTLIL representation for module `\_90_lut'.
Successfully finished Verilog frontend.

13.21.2. Continuing TECHMAP pass.
Using extmapper simplemap for cells of type $sdff.
Using extmapper maccmap for cells of type $macc.
  add \row[3].col[0].u.acc (32 bits, signed)
  add \a_edge [31:24] * \row[2].col[0].u.b_out (8x8 bits, signed)
  add \row[2].col[0].u.acc (32 bits, signed)
  add \a_edge [23:16] * \row[1].col[0].u.b_out (8x8 bits, signed)
  add \row[3].col[3].u.acc (32 bits, signed)
  add \row[3].col[2].u.a_out * \row[2].col[3].u.b_out (8x8 bits, signed)
  add \row[2].col[2].u.acc (32 bits, signed)
  add \row[2].col[1].u.a_out * \row[1].col[2].u.b_out (8x8 bits, signed)
  add \row[2].col[1].u.acc (32 bits, signed)
  add \row[2].col[0].u.a_out * \row[1].col[1].u.b_out (8x8 bits, signed)
  add \row[3].col[2].u.acc (32 bits, signed)
  add \row[3].col[1].u.a_out * \row[2].col[2].u.b_out (8x8 bits, signed)
  add \row[3].col[1].u.acc (32 bits, signed)
  add \row[3].col[0].u.a_out * \row[2].col[1].u.b_out (8x8 bits, signed)
  add \row[2].col[3].u.acc (32 bits, signed)
  add \row[2].col[2].u.a_out * \row[1].col[3].u.b_out (8x8 bits, signed)
  add \row[0].col[0].u.acc (32 bits, signed)
  add \a_edge [7:0] * \b_edge [7:0] (8x8 bits, signed)
  add \row[1].col[0].u.acc (32 bits, signed)
  add \a_edge [15:8] * \row[0].col[0].u.b_out (8x8 bits, signed)
  add \row[1].col[2].u.acc (32 bits, signed)
  add \row[1].col[1].u.a_out * \row[0].col[2].u.b_out (8x8 bits, signed)
  add \row[1].col[3].u.acc (32 bits, signed)
  add \row[1].col[2].u.a_out * \row[0].col[3].u.b_out (8x8 bits, signed)
  add \row[0].col[2].u.acc (32 bits, signed)
  add \row[0].col[1].u.a_out * \b_edge [23:16] (8x8 bits, signed)
  add \row[0].col[1].u.acc (32 bits, signed)
  add \row[0].col[0].u.a_out * \b_edge [15:8] (8x8 bits, signed)
  add \row[0].col[3].u.acc (32 bits, signed)
  add \row[0].col[2].u.a_out * \b_edge [31:24] (8x8 bits, signed)
  add \row[1].col[1].u.acc (32 bits, signed)
  add \row[1].col[0].u.a_out * \row[0].col[1].u.b_out (8x8 bits, signed)
Using extmapper simplemap for cells of type $and.
Using template $paramod\_90_fa\WIDTH=32'00000000000000000000000000100000 for cells of type $fa.
Using extmapper simplemap for cells of type $not.
Using template $paramod$fbc7873bff55778c0b3173955b7e4bce1d9d6834\_90_alu for cells of type $alu.
Using extmapper simplemap for cells of type $or.
Using extmapper simplemap for cells of type $xor.
Using template $paramod\_90_lcu\WIDTH=32'00000000000000000000000000100000 for cells of type $lcu.
Using extmapper simplemap for cells of type $pos.
Using extmapper simplemap for cells of type $mux.
No more expansions possible.
<suppressed ~3624 debug messages>

13.22. Executing OPT pass (performing simple optimizations).

13.22.1. Executing OPT_EXPR pass (perform const folding).
Optimizing module systolic.
<suppressed ~5212 debug messages>

13.22.2. Executing OPT_MERGE pass (detect identical cells).
Finding identical cells in module `\systolic'.
<suppressed ~22884 debug messages>
Removed a total of 7628 cells.

13.22.3. Executing OPT_DFF pass (perform DFF optimizations).

13.22.4. Executing OPT_CLEAN pass (remove unused cells and wires).
Finding unused cells or wires in module \systolic..
Removed 924 unused cells and 2076 unused wires.
<suppressed ~925 debug messages>

13.22.5. Finished fast OPT passes.

13.23. Executing ABC pass (technology mapping using ABC).

13.23.1. Extracting gate netlist of module `\systolic' to `<abc-temp-dir>/input.blif'..
Extracted 16060 gates and 16828 wires to a netlist network with 768 inputs and 512 outputs.

13.23.1.1. Executing ABC.
Running ABC command: "<yosys-exe-dir>/yosys-abc" -s -f <abc-temp-dir>/abc.script 2>&1
ABC: ABC command line: "source <abc-temp-dir>/abc.script".
ABC: 
ABC: + read_blif <abc-temp-dir>/input.blif 
ABC: + read_library <abc-temp-dir>/stdcells.genlib 
ABC: Entered genlib library with 13 gates from file "<abc-temp-dir>/stdcells.genlib".
ABC: + strash 
ABC: + dretime 
ABC: + map 
ABC: + write_blif <abc-temp-dir>/output.blif 

13.23.1.2. Re-integrating ABC results.
ABC RESULTS:               MUX cells:        4
ABC RESULTS:              NAND cells:      682
ABC RESULTS:               AND cells:      829
ABC RESULTS:               NOT cells:      631
ABC RESULTS:                OR cells:     2024
ABC RESULTS:             ORNOT cells:      398
ABC RESULTS:               NOR cells:      706
ABC RESULTS:            ANDNOT cells:     5509
ABC RESULTS:               XOR cells:     4291
ABC RESULTS:              XNOR cells:     1488
ABC RESULTS:        internal signals:    15548
ABC RESULTS:           input signals:      768
ABC RESULTS:          output signals:      512
Removing temp directory.

13.24. Executing OPT pass (performing simple optimizations).

13.24.1. Executing OPT_EXPR pass (perform const folding).
Optimizing module systolic.

13.24.2. Executing OPT_MERGE pass (detect identical cells).
Finding identical cells in module `\systolic'.
Removed a total of 0 cells.

13.24.3. Executing OPT_DFF pass (perform DFF optimizations).

13.24.4. Executing OPT_CLEAN pass (remove unused cells and wires).
Finding unused cells or wires in module \systolic..
Removed 0 unused cells and 3394 unused wires.
<suppressed ~1 debug messages>

13.24.5. Finished fast OPT passes.

13.25. Executing HIERARCHY pass (managing design hierarchy).

13.25.1. Analyzing design hierarchy..
Top module:  \systolic

13.25.2. Analyzing design hierarchy..
Top module:  \systolic
Removed 0 unused modules.

13.26. Printing statistics.

=== systolic ===

   Number of wires:              16305
   Number of wire bits:          21524
   Number of public wires:         157
   Number of public wire bits:    2338
   Number of memories:               0
   Number of memory bits:            0
   Number of processes:              0
   Number of cells:              17266
     $_ANDNOT_                    5509
     $_AND_                        829
     $_MUX_                          4
     $_NAND_                       682
     $_NOR_                        706
     $_NOT_                        631
     $_ORNOT_                      398
     $_OR_                        2024
     $_SDFF_PP0_                   704
     $_XNOR_                      1488
     $_XOR_                       4291

13.27. Executing CHECK pass (checking for obvious problems).
Checking module systolic...
Found and reported 0 problems.

14. Executing DFFLEGALIZE pass (convert FFs to types supported by the target).

15. Executing DFFLIBMAP pass (mapping DFF cells to sequential cells from liberty file).
  cell DFF (noninv, pins=3, area=5.00) is a direct match for cell type $_DFF_P_.
  final dff cell mappings:
    unmapped dff cell: $_DFF_N_
    \DFF _DFF_P_ (.CK( C), .D( D), .Q( Q));
    unmapped dff cell: $_DFF_NN0_
    unmapped dff cell: $_DFF_NN1_
    unmapped dff cell: $_DFF_NP0_
    unmapped dff cell: $_DFF_NP1_
    unmapped dff cell: $_DFF_PN0_
    unmapped dff cell: $_DFF_PN1_
    unmapped dff cell: $_DFF_PP0_
    unmapped dff cell: $_DFF_PP1_
    unmapped dff cell: $_DFFSR_NNN_
    unmapped dff cell: $_DFFSR_NNP_
    unmapped dff cell: $_DFFSR_NPN_
    unmapped dff cell: $_DFFSR_NPP_
    unmapped dff cell: $_DFFSR_PNN_
    unmapped dff cell: $_DFFSR_PNP_
    unmapped dff cell: $_DFFSR_PPN_
    unmapped dff cell: $_DFFSR_PPP_

15.1. Executing DFFLEGALIZE pass (convert FFs to types supported by the target).
Mapping DFF cells in module `\systolic':
  mapped 704 $_DFF_P_ cells to \DFF cells.

16. Executing ABC pass (technology mapping using ABC).

16.1. Extracting gate netlist of module `\systolic' to `<abc-temp-dir>/input.blif'..
Extracted 17266 gates and 18036 wires to a netlist network with 769 inputs and 704 outputs.

16.1.1. Executing ABC.
Running ABC command: "<yosys-exe-dir>/yosys-abc" -s -f <abc-temp-dir>/abc.script 2>&1
ABC: ABC command line: "source <abc-temp-dir>/abc.script".
ABC: 
ABC: + read_blif <abc-temp-dir>/input.blif 
ABC: + read_lib -w /home/user/unix_os_from_scratch/silicon_compiler_from_scratch/lib/toy.lib 
ABC: Parsing finished successfully.  Parsing time =     0.00 sec
ABC: Warning: Templates are not defined.
ABC: Scl_LibertyReadGenlib() skipped sequential cell "DFF".
ABC: Library "toy" from "/home/user/unix_os_from_scratch/silicon_compiler_from_scratch/lib/toy.lib" has 13 cells (1 skipped: 1 seq; 0 tri-state; 0 no func; 0 dont_use).  Time =     0.00 sec
ABC: Memory =    0.05 MB. Time =     0.00 sec
ABC: + strash 
ABC: + &get -n 
ABC: + &fraig -x 
ABC: + &put 
ABC: + scorr 
ABC: Warning: The network is combinational (run "fraig" or "fraig_sweep").
ABC: + dc2 
ABC: + dretime 
ABC: + strash 
ABC: + &get -n 
ABC: + &dch -f 
ABC: + &nf 
ABC: + &put 
ABC: + write_blif <abc-temp-dir>/output.blif 

16.1.2. Re-integrating ABC results.
ABC RESULTS:              MUX2 cells:        1
ABC RESULTS:             NAND3 cells:      159
ABC RESULTS:               OR2 cells:      527
ABC RESULTS:               INV cells:      634
ABC RESULTS:             OAI21 cells:     1367
ABC RESULTS:              XOR2 cells:     2504
ABC RESULTS:             AOI21 cells:     1101
ABC RESULTS:             NAND2 cells:     2831
ABC RESULTS:             XNOR2 cells:     2967
ABC RESULTS:              NOR2 cells:     2051
ABC RESULTS:              AND2 cells:      617
ABC RESULTS:              NOR3 cells:      273
ABC RESULTS:        internal signals:    16563
ABC RESULTS:           input signals:      769
ABC RESULTS:          output signals:      704
Removing temp directory.

17. Executing OPT_CLEAN pass (remove unused cells and wires).
Finding unused cells or wires in module \systolic..
Removed 0 unused cells and 17749 unused wires.
<suppressed ~129 debug messages>

18. Printing statistics.

=== systolic ===

   Number of wires:              15061
   Number of wire bits:          15802
   Number of public wires:          29
   Number of public wire bits:     770
   Number of memories:               0
   Number of memory bits:            0
   Number of processes:              0
   Number of cells:              15736
     AND2                          617
     AOI21                        1101
     DFF                           704
     INV                           634
     MUX2                            1
     NAND2                        2831
     NAND3                         159
     NOR2                         2051
     NOR3                          273
     OAI21                        1367
     OR2                           527
     XNOR2                        2967
     XOR2                         2504

   Chip area for module '\systolic': 26062.190000

19. Executing Verilog backend.

19.1. Executing BMUXMAP pass.

19.2. Executing DEMUXMAP pass.
Dumping module `\systolic'.

20. Executing JSON backend.

Warnings: 2 unique messages, 2 total
End of script. Logfile hash: 0970a6211e, CPU: user 5.52s system 0.06s, MEM: 89.57 MB peak
Yosys 0.33 (git sha1 2584903a060)
Time spent: 42% 2x abc (3 sec), 15% 17x opt_expr (1 sec), ...
